/cdrom/satInstances/test/eq/bevan/bevhcube3.shuffled-as.sat03-1425.yos
/cdrom/satInstances/test/eq/bevan/bevhcube4.shuffled-as.sat03-1426.yos
/cdrom/satInstances/test/eq/bevan/bevhcube5.shuffled-as.sat03-1427.yos
/cdrom/satInstances/test/eq/bevan/bevhcube6.shuffled-as.sat03-1428.yos
/cdrom/satInstances/test/eq/bevan/dodecahedron.shuffled-as.sat03-1429.yos
/cdrom/satInstances/test/eq/bevan/hcb2.shuffled-as.sat03-1430.yos
/cdrom/satInstances/test/eq/bevan/hcb3.shuffled-as.sat03-1431.yos
/cdrom/satInstances/test/eq/bevan/hcb4.shuffled-as.sat03-1432.yos
/cdrom/satInstances/test/eq/bevan/hcb5.shuffled-as.sat03-1433.yos
/cdrom/satInstances/test/eq/bevan/hypercube4.shuffled-as.sat03-1434.yos
/cdrom/satInstances/test/eq/bevan/hypercube5.shuffled-as.sat03-1435.yos
/cdrom/satInstances/test/eq/bevan/hypercube6.shuffled-as.sat03-1436.yos
/cdrom/satInstances/test/eq/bevan/hypercube7.shuffled-as.sat03-1437.yos
/cdrom/satInstances/test/eq/bevan/icosahedron.shuffled-as.sat03-1438.yos
/cdrom/satInstances/test/eq/bevan/icos_stretch.shuffled-as.sat03-1439.yos
/cdrom/satInstances/test/eq/bevan/marg2x2.shuffled-as.sat03-1440.yos
/cdrom/satInstances/test/eq/bevan/marg2x3.shuffled-as.sat03-1441.yos
/cdrom/satInstances/test/eq/bevan/marg2x4.shuffled-as.sat03-1442.yos
/cdrom/satInstances/test/eq/bevan/marg2x5.shuffled-as.sat03-1443.yos
/cdrom/satInstances/test/eq/bevan/marg2x6.shuffled-as.sat03-1444.yos
/cdrom/satInstances/test/eq/bevan/marg2x7.shuffled-as.sat03-1445.yos
/cdrom/satInstances/test/eq/bevan/marg3x3.shuffled-as.sat03-1450.yos
/cdrom/satInstances/test/eq/bevan/marg3x3add4.shuffled-as.sat03-1446.yos
/cdrom/satInstances/test/eq/bevan/marg3x3add4d1.shuffled-as.sat03-1447.yos
/cdrom/satInstances/test/eq/bevan/marg3x3add8.shuffled-as.sat03-1449.yos
/cdrom/satInstances/test/eq/bevan/marg3x3add8ch.shuffled-as.sat03-1448.yos
/cdrom/satInstances/test/eq/bevan/marg3x4.shuffled-as.sat03-1451.yos
/cdrom/satInstances/test/eq/bevan/marg3x5.shuffled-as.sat03-1452.yos
/cdrom/satInstances/test/eq/bevan/marg3x6.shuffled-as.sat03-1453.yos
/cdrom/satInstances/test/eq/bevan/marg4x4.shuffled-as.sat03-1454.yos
/cdrom/satInstances/test/eq/bevan/marg5x5.shuffled-as.sat03-1455.yos
/cdrom/satInstances/test/eq/bevan/marg6x6.shuffled-as.sat03-1456.yos
/cdrom/satInstances/test/eq/bevan/urqh1c2x2.shuffled-as.sat03-1457.yos
/cdrom/satInstances/test/eq/bevan/urqh1c2x3.shuffled-as.sat03-1458.yos
/cdrom/satInstances/test/eq/bevan/urqh1c2x4.shuffled-as.sat03-1459.yos
/cdrom/satInstances/test/eq/bevan/urqh1c2x5.shuffled-as.sat03-1460.yos
/cdrom/satInstances/test/eq/bevan/urqh1c2x6.shuffled-as.sat03-1461.yos
/cdrom/satInstances/test/eq/bevan/urqh1c2x7.shuffled-as.sat03-1462.yos
/cdrom/satInstances/test/eq/bevan/urqh1c3x3.shuffled-as.sat03-1463.yos
/cdrom/satInstances/test/eq/bevan/urqh1c3x4.shuffled-as.sat03-1464.yos
/cdrom/satInstances/test/eq/bevan/urqh1c3x5.shuffled-as.sat03-1465.yos
/cdrom/satInstances/test/eq/bevan/urqh1c3x6.shuffled-as.sat03-1466.yos
/cdrom/satInstances/test/eq/bevan/urqh1c4x4.shuffled-as.sat03-1467.yos
/cdrom/satInstances/test/eq/bevan/urqh1c5x5.shuffled-as.sat03-1468.yos
/cdrom/satInstances/test/eq/bevan/urqh1c6x6.shuffled-as.sat03-1469.yos
/cdrom/satInstances/test/eq/bevan/urqh2x2.shuffled-as.sat03-1470.yos
/cdrom/satInstances/test/eq/bevan/urqh2x3.shuffled-as.sat03-1471.yos
/cdrom/satInstances/test/eq/bevan/urqh2x4.shuffled-as.sat03-1472.yos
/cdrom/satInstances/test/eq/bevan/urqh2x5.shuffled-as.sat03-1473.yos
/cdrom/satInstances/test/eq/bevan/urqh2x6.shuffled-as.sat03-1474.yos
/cdrom/satInstances/test/eq/bevan/urqh2x7.shuffled-as.sat03-1475.yos
/cdrom/satInstances/test/eq/bevan/urqh3x3.shuffled-as.sat03-1476.yos
/cdrom/satInstances/test/eq/bevan/urqh3x4.shuffled-as.sat03-1477.yos
/cdrom/satInstances/test/eq/bevan/urqh3x5.shuffled-as.sat03-1478.yos
/cdrom/satInstances/test/eq/bevan/urqh3x6.shuffled-as.sat03-1479.yos
/cdrom/satInstances/test/eq/bevan/urqh4x4.shuffled-as.sat03-1480.yos
/cdrom/satInstances/test/eq/bevan/urqh5x5.shuffled-as.sat03-1481.yos
/cdrom/satInstances/test/eq/bevan/urqh6x6.shuffled-as.sat03-1482.yos
/cdrom/satInstances/test/eq/dubois/dubois100.yos
/cdrom/satInstances/test/eq/dubois/dubois20.yos
/cdrom/satInstances/test/eq/dubois/dubois21.yos
/cdrom/satInstances/test/eq/dubois/dubois22.yos
/cdrom/satInstances/test/eq/dubois/dubois23.yos
/cdrom/satInstances/test/eq/dubois/dubois24.yos
/cdrom/satInstances/test/eq/dubois/dubois25.yos
/cdrom/satInstances/test/eq/dubois/dubois26.yos
/cdrom/satInstances/test/eq/dubois/dubois27.yos
/cdrom/satInstances/test/eq/dubois/dubois28.yos
/cdrom/satInstances/test/eq/dubois/dubois29.yos
/cdrom/satInstances/test/eq/dubois/dubois30.yos
/cdrom/satInstances/test/eq/dubois/dubois50.yos
/cdrom/satInstances/test/eq/moore/hardnm-L19--915.yos
/cdrom/satInstances/test/eq/moore/hardnm-L19--916.yos
/cdrom/satInstances/test/eq/moore/hardnm-L19--917.yos
/cdrom/satInstances/test/eq/moore/hardnm-L22--920.yos
/cdrom/satInstances/test/eq/moore/hardnm-L22--921.yos
/cdrom/satInstances/test/eq/moore/hardnm-L22--922.yos
/cdrom/satInstances/test/eq/moore/hardnm-L23--925.yos
/cdrom/satInstances/test/eq/moore/hardnm-L23--926.yos
/cdrom/satInstances/test/eq/moore/hardnm-L23--927.yos
/cdrom/satInstances/test/eq/moore/hardnm-L25--930.yos
/cdrom/satInstances/test/eq/moore/hardnm-L25--931.yos
/cdrom/satInstances/test/eq/moore/hardnm-L25--932.yos
/cdrom/satInstances/test/eq/moore/hardnm-L29--935.yos
/cdrom/satInstances/test/eq/moore/hardnm-L29--936.yos
/cdrom/satInstances/test/eq/moore/hardnm-L29--937.yos
/cdrom/satInstances/test/eq/moore/hardnm-L32--940.yos
/cdrom/satInstances/test/eq/moore/hardnm-L32--941.yos
/cdrom/satInstances/test/eq/moore/hardnm-L32--942.yos
/cdrom/satInstances/test/eq/ostrowski/genurq15Sat.shuffled-as.sat03-1505.yos
/cdrom/satInstances/test/eq/ostrowski/genurq20Sat.shuffled-as.sat03-1506.yos
/cdrom/satInstances/test/eq/ostrowski/genurq25Sat.shuffled-as.sat03-1507.yos
/cdrom/satInstances/test/eq/ostrowski/genurq30Sat.shuffled-as.sat03-1508.yos
/cdrom/satInstances/test/eq/ostrowski/genurq3Sat.shuffled-as.sat03-1509.yos
/cdrom/satInstances/test/eq/ostrowski/genurq4Sat.shuffled-as.sat03-1510.yos
/cdrom/satInstances/test/eq/ostrowski/genurq5Sat.shuffled-as.sat03-1511.yos
/cdrom/satInstances/test/eq/ostrowski/genurq6Sat.shuffled-as.sat03-1512.yos
/cdrom/satInstances/test/eq/ostrowski/genurq7Sat.shuffled-as.sat03-1513.yos
/cdrom/satInstances/test/eq/ostrowski/genurq8Sat.shuffled-as.sat03-1514.yos
/cdrom/satInstances/test/eq/pret/pret150_25.yos
/cdrom/satInstances/test/eq/pret/pret150_40.yos
/cdrom/satInstances/test/eq/pret/pret150_60.yos
/cdrom/satInstances/test/eq/pret/pret150_75.yos
/cdrom/satInstances/test/eq/pret/pret60_25.yos
/cdrom/satInstances/test/eq/pret/pret60_40.yos
/cdrom/satInstances/test/eq/pret/pret60_60.yos
/cdrom/satInstances/test/eq/pret/pret60_75.yos
/cdrom/satInstances/test/eq/simon/par32-1-c.shuffled-as.sat03-1531.yos
/cdrom/satInstances/test/eq/simon/par32-1.shuffled-as.sat03-1532.yos
/cdrom/satInstances/test/eq/simon/par32-2-c.shuffled-as.sat03-1533.yos
/cdrom/satInstances/test/eq/simon/par32-2.shuffled-as.sat03-1534.yos
/cdrom/satInstances/test/eq/simon/par32-3-c.shuffled-as.sat03-1535.yos
/cdrom/satInstances/test/eq/simon/par32-3.shuffled-as.sat03-1536.yos
/cdrom/satInstances/test/eq/simon/par32-4-c.shuffled-as.sat03-1537.yos
/cdrom/satInstances/test/eq/simon/par32-4.shuffled-as.sat03-1538.yos
/cdrom/satInstances/test/eq/simon/par32-5-c.shuffled-as.sat03-1539.yos
/cdrom/satInstances/test/eq/simon/par32-5.shuffled-as.sat03-1540.yos
/cdrom/satInstances/test/eq/simon/Urquhart-s3-b3.shuffled-as.sat03-1556.yos
/cdrom/satInstances/test/eq/simon/Urquhart-s3-b4.shuffled-as.sat03-1557.yos
/cdrom/satInstances/test/eq/simon/Urquhart-s3-b6.shuffled-as.sat03-1558.yos
/cdrom/satInstances/test/eq/simon/Urquhart-s4-b1.shuffled-as.sat03-1560.yos
/cdrom/satInstances/test/eq/simon/Urquhart-s4-b2.shuffled-as.sat03-1561.yos
/cdrom/satInstances/test/eq/simon/Urquhart-s4-b3.shuffled-as.sat03-1562.yos
/cdrom/satInstances/test/eq/simon/Urquhart-s5-b1.shuffled-as.sat03-1570.yos
/cdrom/satInstances/test/eq/simon/Urquhart-s5-b2.shuffled-as.sat03-1571.yos
/cdrom/satInstances/test/eq/simon/Urquhart-s5-b3.shuffled-as.sat03-1572.yos
/cdrom/satInstances/test/eq/simon/urquhart3_25.shuffled-as.sat03-1553.yos
/cdrom/satInstances/test/eq/simon/urquhart3_25bis.shuffled-as.sat03-1552.yos
/cdrom/satInstances/test/eq/simon/urquhart4_25.shuffled-as.sat03-1555.yos
/cdrom/satInstances/test/eq/simon/urquhart4_25bis.shuffled-as.sat03-1554.yos
/cdrom/satInstances/test/eq/simon/x1.1_128.shuffled-as.sat03-1579.yos
/cdrom/satInstances/test/eq/simon/x1.1_40.shuffled-as.sat03-1581.yos
/cdrom/satInstances/test/eq/simon/x1.1_44.shuffled-as.sat03-1582.yos
/cdrom/satInstances/test/eq/simon/x1.1_48.shuffled-as.sat03-1583.yos
/cdrom/satInstances/test/eq/simon/x1.1_56.shuffled-as.sat03-1584.yos
/cdrom/satInstances/test/eq/simon/x1.1_64.shuffled-as.sat03-1585.yos
/cdrom/satInstances/test/eq/simon/x1.1_72.shuffled-as.sat03-1586.yos
/cdrom/satInstances/test/eq/simon/x1.1_80.shuffled-as.sat03-1587.yos
/cdrom/satInstances/test/eq/simon/x1.1_96.shuffled-as.sat03-1588.yos
/cdrom/satInstances/test/eq/simon/x1_128.shuffled-as.sat03-1580.yos
/cdrom/satInstances/test/eq/simon/x1_36.shuffled-as.sat03-1589.yos
/cdrom/satInstances/test/eq/simon/x1_40.shuffled-as.sat03-1590.yos
/cdrom/satInstances/test/eq/simon/x1_44.shuffled-as.sat03-1591.yos
/cdrom/satInstances/test/eq/simon/x1_48.shuffled-as.sat03-1592.yos
/cdrom/satInstances/test/eq/simon/x1_56.shuffled-as.sat03-1593.yos
/cdrom/satInstances/test/eq/simon/x1_64.shuffled-as.sat03-1594.yos
/cdrom/satInstances/test/eq/simon/x1_72.shuffled-as.sat03-1595.yos
/cdrom/satInstances/test/eq/simon/x1_80.shuffled-as.sat03-1596.yos
/cdrom/satInstances/test/eq/simon/x1_96.shuffled-as.sat03-1597.yos
/cdrom/satInstances/test/eq/simon/x2_128.shuffled-as.sat03-1598.yos
/cdrom/satInstances/test/eq/simon/x2_40.shuffled-as.sat03-1599.yos
/cdrom/satInstances/test/eq/simon/x2_44.shuffled-as.sat03-1600.yos
/cdrom/satInstances/test/eq/simon/x2_48.shuffled-as.sat03-1601.yos
/cdrom/satInstances/test/eq/simon/x2_56.shuffled-as.sat03-1602.yos
/cdrom/satInstances/test/eq/simon/x2_64.shuffled-as.sat03-1603.yos
/cdrom/satInstances/test/eq/simon/x2_72.shuffled-as.sat03-1604.yos
/cdrom/satInstances/test/eq/simon/x2_80.shuffled-as.sat03-1605.yos
/cdrom/satInstances/test/eq/simon/x2_96.shuffled-as.sat03-1606.yos
/cdrom/satInstances/test/eq/urquhart/urquhart2_25.yos
/cdrom/satInstances/test/eq/urquhart/urquhart2_25bis.yos
/cdrom/satInstances/test/eq/urquhart/urquhart3_25.yos
/cdrom/satInstances/test/eq/urquhart/urquhart3_25bis.yos
/cdrom/satInstances/test/eq/urquhart/urquhart4_25.yos
/cdrom/satInstances/test/eq/urquhart/urquhart4_25bis.yos
/cdrom/satInstances/test/eq/Urquhart2/Urquhart-s3-b1.yos
/cdrom/satInstances/test/eq/Urquhart2/Urquhart-s3-b10.yos
/cdrom/satInstances/test/eq/Urquhart2/Urquhart-s3-b2.yos
/cdrom/satInstances/test/eq/Urquhart2/Urquhart-s3-b3.yos
/cdrom/satInstances/test/eq/Urquhart2/Urquhart-s3-b4.yos
/cdrom/satInstances/test/eq/Urquhart2/Urquhart-s3-b5.yos
/cdrom/satInstances/test/eq/Urquhart2/Urquhart-s3-b6.yos
/cdrom/satInstances/test/eq/Urquhart2/Urquhart-s3-b7.yos
/cdrom/satInstances/test/eq/Urquhart2/Urquhart-s3-b8.yos
/cdrom/satInstances/test/eq/Urquhart2/Urquhart-s3-b9.yos
/cdrom/satInstances/test/eq/Urquhart2/Urquhart-s4-b1.yos
/cdrom/satInstances/test/eq/Urquhart2/Urquhart-s4-b10.yos
/cdrom/satInstances/test/eq/Urquhart2/Urquhart-s4-b2.yos
/cdrom/satInstances/test/eq/Urquhart2/Urquhart-s4-b3.yos
/cdrom/satInstances/test/eq/Urquhart2/Urquhart-s4-b4.yos
/cdrom/satInstances/test/eq/Urquhart2/Urquhart-s4-b5.yos
/cdrom/satInstances/test/eq/Urquhart2/Urquhart-s4-b6.yos
/cdrom/satInstances/test/eq/Urquhart2/Urquhart-s4-b7.yos
/cdrom/satInstances/test/eq/Urquhart2/Urquhart-s4-b8.yos
/cdrom/satInstances/test/eq/Urquhart2/Urquhart-s4-b9.yos
/cdrom/satInstances/test/eq/Urquhart2/Urquhart-s5-b1.yos
/cdrom/satInstances/test/eq/Urquhart2/Urquhart-s5-b10.yos
/cdrom/satInstances/test/eq/Urquhart2/Urquhart-s5-b2.yos
/cdrom/satInstances/test/eq/Urquhart2/Urquhart-s5-b3.yos
/cdrom/satInstances/test/eq/Urquhart2/Urquhart-s5-b4.yos
/cdrom/satInstances/test/eq/Urquhart2/Urquhart-s5-b5.yos
/cdrom/satInstances/test/eq/Urquhart2/Urquhart-s5-b6.yos
/cdrom/satInstances/test/eq/Urquhart2/Urquhart-s5-b7.yos
/cdrom/satInstances/test/eq/Urquhart2/Urquhart-s5-b8.yos
/cdrom/satInstances/test/eq/Urquhart2/Urquhart-s5-b9.yos
/cdrom/satInstances/test/eq/xor-chain/x1.yos
/cdrom/satInstances/test/eq/xor-chain/x1_128.yos
/cdrom/satInstances/test/eq/xor-chain/x1_16.yos
/cdrom/satInstances/test/eq/xor-chain/x1_24.yos
/cdrom/satInstances/test/eq/xor-chain/x1_32.yos
/cdrom/satInstances/test/eq/xor-chain/x1_36.yos
/cdrom/satInstances/test/eq/xor-chain/x1_40.yos
/cdrom/satInstances/test/eq/xor-chain/x1_44.yos
/cdrom/satInstances/test/eq/xor-chain/x1_48.yos
/cdrom/satInstances/test/eq/xor-chain/x1_56.yos
/cdrom/satInstances/test/eq/xor-chain/x1_64.yos
/cdrom/satInstances/test/eq/xor-chain/x1_72.yos
/cdrom/satInstances/test/eq/xor-chain/x1_80.yos
/cdrom/satInstances/test/eq/xor-chain/x1_96.yos
/cdrom/satInstances/test/eq/xor-chain/x2_128.yos
/cdrom/satInstances/test/eq/xor-chain/x2_16.yos
/cdrom/satInstances/test/eq/xor-chain/x2_24.yos
/cdrom/satInstances/test/eq/xor-chain/x2_32.yos
/cdrom/satInstances/test/eq/xor-chain/x2_36.yos
/cdrom/satInstances/test/eq/xor-chain/x2_40.yos
/cdrom/satInstances/test/eq/xor-chain/x2_44.yos
/cdrom/satInstances/test/eq/xor-chain/x2_48.yos
/cdrom/satInstances/test/eq/xor-chain/x2_56.yos
/cdrom/satInstances/test/eq/xor-chain/x2_64.yos
/cdrom/satInstances/test/eq/xor-chain/x2_72.yos
/cdrom/satInstances/test/eq/xor-chain/x2_80.yos
/cdrom/satInstances/test/eq/xor-chain/x2_96.yos
/cdrom/satInstances/test/eq2/par32-1--1531.yos
/cdrom/satInstances/test/eq2/par32-1--1532.yos
/cdrom/satInstances/test/eq2/x2_40.yos
/cdrom/satInstances/test/hard/matrix/Mat25.yos
/cdrom/satInstances/test/hard/matrix/Mat26.yos
/cdrom/satInstances/test/hard/matrix/Mat27.yos
/cdrom/satInstances/test/hard/matrix/Mat317.yos
/cdrom/satInstances/test/hard/matrix/Mat323.yos
/cdrom/satInstances/test/hard/parity/par16-1-c.yos
/cdrom/satInstances/test/hard/parity/par16-1.yos
/cdrom/satInstances/test/hard/parity/par16-2-c.yos
/cdrom/satInstances/test/hard/parity/par16-2.yos
/cdrom/satInstances/test/hard/parity/par16-3-c.yos
/cdrom/satInstances/test/hard/parity/par16-3.yos
/cdrom/satInstances/test/hard/parity/par16-4-c.yos
/cdrom/satInstances/test/hard/parity/par16-4.yos
/cdrom/satInstances/test/hard/parity/par16-5-c.yos
/cdrom/satInstances/test/hard/parity/par16-5.yos
/cdrom/satInstances/test/hard/parity/par32-1-c.yos
/cdrom/satInstances/test/hard/parity/par32-1.yos
/cdrom/satInstances/test/hard/parity/par32-2-c.yos
/cdrom/satInstances/test/hard/parity/par32-2.yos
/cdrom/satInstances/test/hard/parity/par32-3-c.yos
/cdrom/satInstances/test/hard/parity/par32-3.yos
/cdrom/satInstances/test/hard/parity/par32-4-c.yos
/cdrom/satInstances/test/hard/parity/par32-4.yos
/cdrom/satInstances/test/hard/parity/par32-5-c.yos
/cdrom/satInstances/test/hard/parity/par32-5.yos
/cdrom/satInstances/test/hard/parity/par8-1-c.yos
/cdrom/satInstances/test/hard/parity/par8-1.yos
/cdrom/satInstances/test/hard/parity/par8-2-c.yos
/cdrom/satInstances/test/hard/parity/par8-2.yos
/cdrom/satInstances/test/hard/parity/par8-3-c.yos
/cdrom/satInstances/test/hard/parity/par8-3.yos
/cdrom/satInstances/test/hard/parity/par8-4-c.yos
/cdrom/satInstances/test/hard/parity/par8-4.yos
/cdrom/satInstances/test/hard/parity/par8-5-c.yos
/cdrom/satInstances/test/hard/parity/par8-5.yos
/cdrom/satInstances/test/hard/pigeon/hole10.yos
/cdrom/satInstances/test/hard/pigeon/hole6.yos
/cdrom/satInstances/test/hard/pigeon/hole7.yos
/cdrom/satInstances/test/hard/pigeon/hole8.yos
/cdrom/satInstances/test/hard/pigeon/hole9.yos
/cdrom/satInstances/test/hard/pyhala/pyhala-braun-sat-40-4-03.shuffled-as.sat03-1541.yos
/cdrom/satInstances/test/hard/pyhala/pyhala-braun-sat-40-4-04.shuffled-as.sat03-1542.yos
/cdrom/satInstances/test/hard/pyhala/pyhala-braun-unsat-35-4-03.shuffled-as.sat03-1543.yos
/cdrom/satInstances/test/hard/pyhala/pyhala-braun-unsat-35-4-04.shuffled-as.sat03-1544.yos
/cdrom/satInstances/test/hard/pyhala/pyhala-braun-unsat-40-4-01.shuffled-as.sat03-1545.yos
/cdrom/satInstances/test/hard/pyhala/pyhala-braun-unsat-40-4-02.shuffled-as.sat03-1546.yos
/cdrom/satInstances/test/hard/pyhala/pyhala-braun-unsat-40-4-03.shuffled-as.sat03-1547.yos
/cdrom/satInstances/test/hard/pyhala/pyhala-braun-unsat-40-4-04.shuffled-as.sat03-1548.yos
/cdrom/satInstances/test/hard/stanion/hwb-n20-01-S208144465.shuffled-as.sat03-1607.yos
/cdrom/satInstances/test/hard/stanion/hwb-n20-02-S1178225014.shuffled-as.sat03-1608.yos
/cdrom/satInstances/test/hard/stanion/hwb-n20-03-S1899964371.shuffled-as.sat03-1609.yos
/cdrom/satInstances/test/hard/stanion/hwb-n22-01-S1917708524.shuffled-as.sat03-1612.yos
/cdrom/satInstances/test/hard/stanion/hwb-n22-02-S1822813358.shuffled-as.sat03-1613.yos
/cdrom/satInstances/test/hard/stanion/hwb-n22-03-S558957874.shuffled-as.sat03-1614.yos
/cdrom/satInstances/test/hard/stanion/hwb-n24-01-S1048418025.shuffled-as.sat03-1617.yos
/cdrom/satInstances/test/hard/stanion/hwb-n24-02-S786928571.shuffled-as.sat03-1618.yos
/cdrom/satInstances/test/hard/stanion/hwb-n24-03-S1887675605.shuffled-as.sat03-1619.yos
/cdrom/satInstances/test/hard/stanion/hwb-n26-01-S1957858365.shuffled-as.sat03-1622.yos
/cdrom/satInstances/test/hard/stanion/hwb-n26-02-S1189729474.shuffled-as.sat03-1623.yos
/cdrom/satInstances/test/hard/stanion/hwb-n26-03-S540351185.shuffled-as.sat03-1624.yos
/cdrom/satInstances/test/hard/stanion/hwb-n28-01-S136611085.shuffled-as.sat03-1627.yos
/cdrom/satInstances/test/hard/stanion/hwb-n28-02-S818962541.shuffled-as.sat03-1628.yos
/cdrom/satInstances/test/hard/stanion/hwb-n28-03-S1967922763.shuffled-as.sat03-1629.yos
/cdrom/satInstances/test/hard/stanion/hwb-n30-01-S682466202.shuffled-as.sat03-1632.yos
/cdrom/satInstances/test/hard/stanion/hwb-n30-02-S77299857.shuffled-as.sat03-1633.yos
/cdrom/satInstances/test/hard/stanion/hwb-n30-03-S44661219.shuffled-as.sat03-1634.yos
/cdrom/satInstances/test/hard/stanion/hwb-n32-01-S1491788039.shuffled-as.sat03-1637.yos
/cdrom/satInstances/test/hard/stanion/hwb-n32-02-S1478512323.shuffled-as.sat03-1638.yos
/cdrom/satInstances/test/hard/stanion/hwb-n32-03-S717522696.shuffled-as.sat03-1639.yos
/cdrom/satInstances/test/mini/bad1.yos
/cdrom/satInstances/test/mini/dubois0.yos
/cdrom/satInstances/test/mini/eq0.yos
/cdrom/satInstances/test/mini/eq1.yos
/cdrom/satInstances/test/mini/eq2.yos
/cdrom/satInstances/test/mini/test0.yos
/cdrom/satInstances/test/mini/test01.yos
/cdrom/satInstances/test/mini/test1.yos
/cdrom/satInstances/test/pru1/aim-50-1_6-no-1.yos
/cdrom/satInstances/test/pru1/aim-50-1_6-no-2.yos
/cdrom/satInstances/test/pru1/aim-50-1_6-no-3.yos
/cdrom/satInstances/test/pru1/aim-50-1_6-no-4.yos
/cdrom/satInstances/test/pru1/aim-50-1_6-yes1-1.yos
/cdrom/satInstances/test/pru1/aim-50-1_6-yes1-2.yos
/cdrom/satInstances/test/pru1/aim-50-1_6-yes1-3.yos
/cdrom/satInstances/test/pru1/aim-50-1_6-yes1-4.yos
/cdrom/satInstances/test/pru1/aim-50-2_0-no-1.yos
/cdrom/satInstances/test/pru1/aim-50-2_0-no-2.yos
/cdrom/satInstances/test/pru1/aim-50-2_0-no-3.yos
/cdrom/satInstances/test/pru1/aim-50-2_0-no-4.yos
/cdrom/satInstances/test/pru1/aim-50-2_0-yes1-1.yos
/cdrom/satInstances/test/pru1/aim-50-2_0-yes1-2.yos
/cdrom/satInstances/test/pru1/aim-50-2_0-yes1-3.yos
/cdrom/satInstances/test/pru1/aim-50-2_0-yes1-4.yos
/cdrom/satInstances/test/pru1/aim-50-3_4-yes1-1.yos
/cdrom/satInstances/test/pru1/aim-50-3_4-yes1-2.yos
/cdrom/satInstances/test/pru1/aim-50-3_4-yes1-3.yos
/cdrom/satInstances/test/pru1/aim-50-3_4-yes1-4.yos
/cdrom/satInstances/test/pru1/aim-50-6_0-yes1-1.yos
/cdrom/satInstances/test/pru1/aim-50-6_0-yes1-2.yos
/cdrom/satInstances/test/pru1/aim-50-6_0-yes1-3.yos
/cdrom/satInstances/test/pru1/aim-50-6_0-yes1-4.yos
/cdrom/satInstances/test/big/test2.yos
/cdrom/satInstances/test/big/test3.yos
