/home/jose/data/satInstances/satProblems/aim/aim-50-1_6-yes1-3.yos
/home/jose/data/satInstances/satProblems/aim/aim-50-1_6-yes1-4.yos
/home/jose/data/satInstances/satProblems/aim/aim-50-1_6-yes1-1.yos
/home/jose/data/satInstances/satProblems/aim/aim-50-1_6-yes1-2.yos
/home/jose/data/satInstances/satProblems/uf20-91/uf20-01.yos
/home/jose/data/satInstances/satProblems/uf20-91/uf20-010.yos
/home/jose/data/satInstances/satProblems/uf20-91/uf20-0100.yos
/home/jose/data/satInstances/satProblems/uf20-91/uf20-01000.yos
/home/jose/data/satInstances/satProblems/uf20-91/uf20-0101.yos
/home/jose/data/satInstances/satProblems/uf20-91/uf20-0102.yos
/home/jose/data/satInstances/satProblems/uf20-91/uf20-0103.yos
/home/jose/data/satInstances/satProblems/uf20-91/uf20-0104.yos
/home/jose/data/satInstances/satProblems/uf20-91/uf20-0105.yos
/home/jose/data/satInstances/satProblems/uf20-91/uf20-0106.yos
/home/jose/data/satInstances/satProblems/uf20-91/uf20-0107.yos
/home/jose/data/satInstances/satProblems/uf20-91/uf20-0108.yos
/home/jose/data/satInstances/satProblems/uf20-91/uf20-0109.yos
/home/jose/data/satInstances/satProblems/uf20-91/uf20-011.yos
/home/jose/data/satInstances/satProblems/uf20-91/uf20-0110.yos
/home/jose/data/satInstances/satProblems/uf20-91/uf20-0111.yos
/home/jose/data/satInstances/satProblems/uf20-91/uf20-0112.yos
/home/jose/data/satInstances/satProblems/uf20-91/uf20-0113.yos
/home/jose/data/satInstances/satProblems/uf20-91/uf20-0114.yos
/home/jose/data/satInstances/satProblems/uf20-91/uf20-0115.yos
/home/jose/data/satInstances/satProblems/uf20-91/uf20-0116.yos
/home/jose/data/satInstances/satProblems/uf20-91/uf20-0117.yos
/home/jose/data/satInstances/satProblems/uf20-91/uf20-0118.yos
/home/jose/data/satInstances/satProblems/uf20-91/uf20-0119.yos
/home/jose/data/satInstances/satProblems/uf20-91/uf20-012.yos
/home/jose/data/satInstances/satProblems/uf20-91/uf20-0120.yos
/home/jose/data/satInstances/satProblems/uf20-91/uf20-0121.yos
/home/jose/data/satInstances/satProblems/uf20-91/uf20-0122.yos
/home/jose/data/satInstances/satProblems/uf20-91/uf20-0123.yos
/home/jose/data/satInstances/satProblems/uf20-91/uf20-0124.yos
/home/jose/data/satInstances/satProblems/uf20-91/uf20-0125.yos
/home/jose/data/satInstances/satProblems/uf20-91/uf20-0126.yos
/home/jose/data/satInstances/satProblems/uf20-91/uf20-0127.yos
/home/jose/data/satInstances/satProblems/uf20-91/uf20-0128.yos
/home/jose/data/satInstances/satProblems/uf20-91/uf20-0129.yos
/home/jose/data/satInstances/satProblems/uf20-91/uf20-013.yos
/home/jose/data/satInstances/satProblems/uf20-91/uf20-0130.yos
/home/jose/data/satInstances/satProblems/uf20-91/uf20-0131.yos
/home/jose/data/satInstances/satProblems/uf20-91/uf20-0132.yos
/home/jose/data/satInstances/satProblems/uf20-91/uf20-0133.yos
/home/jose/data/satInstances/satProblems/uf20-91/uf20-0134.yos
/home/jose/data/satInstances/satProblems/uf20-91/uf20-0135.yos
/home/jose/data/satInstances/satProblems/uf20-91/uf20-0136.yos
/home/jose/data/satInstances/satProblems/uf20-91/uf20-0137.yos
/home/jose/data/satInstances/satProblems/uf20-91/uf20-0138.yos
/home/jose/data/satInstances/satProblems/uf20-91/uf20-0139.yos
/home/jose/data/satInstances/satProblems/uf20-91/uf20-014.yos
/home/jose/data/satInstances/satProblems/uf20-91/uf20-0140.yos
/home/jose/data/satInstances/satProblems/uf20-91/uf20-0141.yos
/home/jose/data/satInstances/satProblems/uf20-91/uf20-0142.yos
/home/jose/data/satInstances/satProblems/uf20-91/uf20-0143.yos
/home/jose/data/satInstances/satProblems/uf20-91/uf20-0144.yos
/home/jose/data/satInstances/satProblems/uf20-91/uf20-0145.yos
/home/jose/data/satInstances/satProblems/uf20-91/uf20-0146.yos
/home/jose/data/satInstances/satProblems/uf20-91/uf20-0147.yos
/home/jose/data/satInstances/satProblems/uf20-91/uf20-0148.yos
/home/jose/data/satInstances/satProblems/uf20-91/uf20-0149.yos
/home/jose/data/satInstances/satProblems/uf20-91/uf20-015.yos
/home/jose/data/satInstances/satProblems/uf20-91/uf20-0150.yos
/home/jose/data/satInstances/satProblems/uf20-91/uf20-0151.yos
/home/jose/data/satInstances/satProblems/uf20-91/uf20-0152.yos
/home/jose/data/satInstances/satProblems/uf20-91/uf20-0153.yos
/home/jose/data/satInstances/satProblems/uf20-91/uf20-0154.yos
/home/jose/data/satInstances/satProblems/uf20-91/uf20-0155.yos
/home/jose/data/satInstances/satProblems/uf20-91/uf20-0156.yos
/home/jose/data/satInstances/satProblems/uf20-91/uf20-0157.yos
/home/jose/data/satInstances/satProblems/uf20-91/uf20-0158.yos
/home/jose/data/satInstances/satProblems/uf20-91/uf20-0159.yos
/home/jose/data/satInstances/satProblems/uf20-91/uf20-016.yos
/home/jose/data/satInstances/satProblems/uf20-91/uf20-0160.yos
/home/jose/data/satInstances/satProblems/uf20-91/uf20-0161.yos
/home/jose/data/satInstances/satProblems/uf20-91/uf20-0162.yos
/home/jose/data/satInstances/satProblems/uf20-91/uf20-0163.yos
/home/jose/data/satInstances/satProblems/uf20-91/uf20-0164.yos
/home/jose/data/satInstances/satProblems/uf20-91/uf20-0165.yos
/home/jose/data/satInstances/satProblems/uf20-91/uf20-0166.yos
/home/jose/data/satInstances/satProblems/uf20-91/uf20-0167.yos
/home/jose/data/satInstances/satProblems/uf20-91/uf20-0168.yos
/home/jose/data/satInstances/satProblems/uf20-91/uf20-0169.yos
/home/jose/data/satInstances/satProblems/uf20-91/uf20-017.yos
/home/jose/data/satInstances/satProblems/uf20-91/uf20-0170.yos
/home/jose/data/satInstances/satProblems/uf20-91/uf20-0171.yos
/home/jose/data/satInstances/satProblems/uf20-91/uf20-0172.yos
/home/jose/data/satInstances/satProblems/uf20-91/uf20-0173.yos
/home/jose/data/satInstances/satProblems/uf20-91/uf20-0174.yos
/home/jose/data/satInstances/satProblems/uf20-91/uf20-0175.yos
/home/jose/data/satInstances/satProblems/uf20-91/uf20-0176.yos
/home/jose/data/satInstances/satProblems/uf20-91/uf20-0177.yos
/home/jose/data/satInstances/satProblems/uf20-91/uf20-0178.yos
/home/jose/data/satInstances/satProblems/uf20-91/uf20-0179.yos
/home/jose/data/satInstances/satProblems/uf20-91/uf20-018.yos
/home/jose/data/satInstances/satProblems/uf20-91/uf20-0180.yos
/home/jose/data/satInstances/satProblems/uf20-91/uf20-0181.yos
/home/jose/data/satInstances/satProblems/uf20-91/uf20-0182.yos
/home/jose/data/satInstances/satProblems/uf20-91/uf20-0183.yos
/home/jose/data/satInstances/satProblems/uf20-91/uf20-0184.yos
/home/jose/data/satInstances/satProblems/uf20-91/uf20-0185.yos
/home/jose/data/satInstances/satProblems/uf20-91/uf20-0186.yos
/home/jose/data/satInstances/satProblems/uf20-91/uf20-0187.yos
/home/jose/data/satInstances/satProblems/uf20-91/uf20-0188.yos
/home/jose/data/satInstances/satProblems/uf20-91/uf20-0189.yos
/home/jose/data/satInstances/satProblems/uf20-91/uf20-019.yos
/home/jose/data/satInstances/satProblems/uf20-91/uf20-0190.yos
/home/jose/data/satInstances/satProblems/uf20-91/uf20-0191.yos
/home/jose/data/satInstances/satProblems/uf20-91/uf20-0192.yos
/home/jose/data/satInstances/satProblems/uf20-91/uf20-0193.yos
/home/jose/data/satInstances/satProblems/uf20-91/uf20-0194.yos
/home/jose/data/satInstances/satProblems/uf20-91/uf20-0195.yos
/home/jose/data/satInstances/satProblems/uf20-91/uf20-0196.yos
/home/jose/data/satInstances/satProblems/uf20-91/uf20-0197.yos
/home/jose/data/satInstances/satProblems/uf20-91/uf20-0198.yos
/home/jose/data/satInstances/satProblems/uf20-91/uf20-0199.yos
/home/jose/data/satInstances/satProblems/uf20-91/uf20-02.yos
/home/jose/data/satInstances/satProblems/uf20-91/uf20-020.yos
/home/jose/data/satInstances/satProblems/uf20-91/uf20-0200.yos
/home/jose/data/satInstances/satProblems/uf20-91/uf20-0201.yos
/home/jose/data/satInstances/satProblems/uf20-91/uf20-0202.yos
/home/jose/data/satInstances/satProblems/uf20-91/uf20-0203.yos
/home/jose/data/satInstances/satProblems/uf20-91/uf20-0204.yos
/home/jose/data/satInstances/satProblems/uf20-91/uf20-0205.yos
/home/jose/data/satInstances/satProblems/uf20-91/uf20-0206.yos
/home/jose/data/satInstances/satProblems/uf20-91/uf20-0207.yos
/home/jose/data/satInstances/satProblems/uf20-91/uf20-0208.yos
/home/jose/data/satInstances/satProblems/uf20-91/uf20-0209.yos
/home/jose/data/satInstances/satProblems/uf20-91/uf20-021.yos
/home/jose/data/satInstances/satProblems/uf20-91/uf20-0210.yos
/home/jose/data/satInstances/satProblems/uf20-91/uf20-0211.yos
/home/jose/data/satInstances/satProblems/uf20-91/uf20-0212.yos
/home/jose/data/satInstances/satProblems/uf20-91/uf20-0213.yos
/home/jose/data/satInstances/satProblems/uf20-91/uf20-0214.yos
/home/jose/data/satInstances/satProblems/uf20-91/uf20-0215.yos
/home/jose/data/satInstances/satProblems/uf20-91/uf20-0216.yos
/home/jose/data/satInstances/satProblems/uf20-91/uf20-0217.yos
/home/jose/data/satInstances/satProblems/uf20-91/uf20-0218.yos
/home/jose/data/satInstances/satProblems/uf20-91/uf20-0219.yos
/home/jose/data/satInstances/satProblems/uf20-91/uf20-022.yos
/home/jose/data/satInstances/satProblems/uf20-91/uf20-0220.yos
/home/jose/data/satInstances/satProblems/uf20-91/uf20-0221.yos
/home/jose/data/satInstances/satProblems/uf20-91/uf20-0222.yos
/home/jose/data/satInstances/satProblems/uf20-91/uf20-0223.yos
/home/jose/data/satInstances/satProblems/uf20-91/uf20-0224.yos
/home/jose/data/satInstances/satProblems/uf20-91/uf20-0225.yos
/home/jose/data/satInstances/satProblems/uf20-91/uf20-0226.yos
/home/jose/data/satInstances/satProblems/uf20-91/uf20-0227.yos
/home/jose/data/satInstances/satProblems/uf20-91/uf20-0228.yos
/home/jose/data/satInstances/satProblems/uf20-91/uf20-0229.yos
/home/jose/data/satInstances/satProblems/uf20-91/uf20-023.yos
/home/jose/data/satInstances/satProblems/uf20-91/uf20-0230.yos
/home/jose/data/satInstances/satProblems/uf20-91/uf20-0231.yos
/home/jose/data/satInstances/satProblems/uf20-91/uf20-0232.yos
/home/jose/data/satInstances/satProblems/uf20-91/uf20-0233.yos
/home/jose/data/satInstances/satProblems/uf20-91/uf20-0234.yos
/home/jose/data/satInstances/satProblems/uf20-91/uf20-0235.yos
/home/jose/data/satInstances/satProblems/uf20-91/uf20-0236.yos
/home/jose/data/satInstances/satProblems/uf20-91/uf20-0237.yos
/home/jose/data/satInstances/satProblems/uf20-91/uf20-0238.yos
/home/jose/data/satInstances/satProblems/uf20-91/uf20-0239.yos
/home/jose/data/satInstances/satProblems/uf20-91/uf20-024.yos
/home/jose/data/satInstances/satProblems/uf20-91/uf20-0240.yos
/home/jose/data/satInstances/satProblems/uf20-91/uf20-0241.yos
/home/jose/data/satInstances/satProblems/uf20-91/uf20-0242.yos
/home/jose/data/satInstances/satProblems/uf20-91/uf20-0243.yos
/home/jose/data/satInstances/satProblems/uf20-91/uf20-0244.yos
/home/jose/data/satInstances/satProblems/uf20-91/uf20-0245.yos
/home/jose/data/satInstances/satProblems/uf20-91/uf20-0246.yos
/home/jose/data/satInstances/satProblems/uf20-91/uf20-0247.yos
/home/jose/data/satInstances/satProblems/uf20-91/uf20-0248.yos
/home/jose/data/satInstances/satProblems/uf20-91/uf20-0249.yos
/home/jose/data/satInstances/satProblems/uf20-91/uf20-025.yos
/home/jose/data/satInstances/satProblems/uf20-91/uf20-0250.yos
/home/jose/data/satInstances/satProblems/uf20-91/uf20-0251.yos
/home/jose/data/satInstances/satProblems/uf20-91/uf20-0252.yos
/home/jose/data/satInstances/satProblems/uf20-91/uf20-0253.yos
/home/jose/data/satInstances/satProblems/uf20-91/uf20-0254.yos
/home/jose/data/satInstances/satProblems/uf20-91/uf20-0255.yos
/home/jose/data/satInstances/satProblems/uf20-91/uf20-0256.yos
/home/jose/data/satInstances/satProblems/uf20-91/uf20-0257.yos
/home/jose/data/satInstances/satProblems/uf20-91/uf20-0258.yos
/home/jose/data/satInstances/satProblems/uf20-91/uf20-0259.yos
/home/jose/data/satInstances/satProblems/uf20-91/uf20-026.yos
/home/jose/data/satInstances/satProblems/uf20-91/uf20-0260.yos
/home/jose/data/satInstances/satProblems/uf20-91/uf20-0261.yos
/home/jose/data/satInstances/satProblems/uf20-91/uf20-0262.yos
/home/jose/data/satInstances/satProblems/uf20-91/uf20-0263.yos
/home/jose/data/satInstances/satProblems/uf20-91/uf20-0264.yos
/home/jose/data/satInstances/satProblems/uf20-91/uf20-0265.yos
/home/jose/data/satInstances/satProblems/uf20-91/uf20-0266.yos
/home/jose/data/satInstances/satProblems/uf20-91/uf20-0267.yos
/home/jose/data/satInstances/satProblems/uf20-91/uf20-0268.yos
/home/jose/data/satInstances/satProblems/uf20-91/uf20-0269.yos
/home/jose/data/satInstances/satProblems/uf20-91/uf20-027.yos
/home/jose/data/satInstances/satProblems/uf20-91/uf20-0270.yos
/home/jose/data/satInstances/satProblems/uf20-91/uf20-0271.yos
/home/jose/data/satInstances/satProblems/uf20-91/uf20-0272.yos
/home/jose/data/satInstances/satProblems/uf20-91/uf20-0273.yos
/home/jose/data/satInstances/satProblems/uf20-91/uf20-0274.yos
/home/jose/data/satInstances/satProblems/uf20-91/uf20-0275.yos
/home/jose/data/satInstances/satProblems/uf20-91/uf20-0276.yos
/home/jose/data/satInstances/satProblems/uf20-91/uf20-0277.yos
/home/jose/data/satInstances/satProblems/uf20-91/uf20-0278.yos
/home/jose/data/satInstances/satProblems/uf20-91/uf20-0279.yos
/home/jose/data/satInstances/satProblems/uf20-91/uf20-028.yos
/home/jose/data/satInstances/satProblems/uf20-91/uf20-0280.yos
/home/jose/data/satInstances/satProblems/uf20-91/uf20-0281.yos
/home/jose/data/satInstances/satProblems/uf20-91/uf20-0282.yos
/home/jose/data/satInstances/satProblems/uf20-91/uf20-0283.yos
/home/jose/data/satInstances/satProblems/uf20-91/uf20-0284.yos
/home/jose/data/satInstances/satProblems/uf20-91/uf20-0285.yos
/home/jose/data/satInstances/satProblems/uf20-91/uf20-0286.yos
/home/jose/data/satInstances/satProblems/uf20-91/uf20-0287.yos
/home/jose/data/satInstances/satProblems/uf20-91/uf20-0288.yos
/home/jose/data/satInstances/satProblems/uf20-91/uf20-0289.yos
/home/jose/data/satInstances/satProblems/uf20-91/uf20-029.yos
/home/jose/data/satInstances/satProblems/uf20-91/uf20-0290.yos
/home/jose/data/satInstances/satProblems/uf20-91/uf20-0291.yos
/home/jose/data/satInstances/satProblems/uf20-91/uf20-0292.yos
/home/jose/data/satInstances/satProblems/uf20-91/uf20-0293.yos
/home/jose/data/satInstances/satProblems/uf20-91/uf20-0294.yos
/home/jose/data/satInstances/satProblems/uf20-91/uf20-0295.yos
/home/jose/data/satInstances/satProblems/uf20-91/uf20-0296.yos
/home/jose/data/satInstances/satProblems/uf20-91/uf20-0297.yos
/home/jose/data/satInstances/satProblems/uf20-91/uf20-0298.yos
/home/jose/data/satInstances/satProblems/uf20-91/uf20-0299.yos
/home/jose/data/satInstances/satProblems/uf20-91/uf20-03.yos
/home/jose/data/satInstances/satProblems/uf20-91/uf20-030.yos
/home/jose/data/satInstances/satProblems/uf20-91/uf20-0300.yos
/home/jose/data/satInstances/satProblems/uf20-91/uf20-0301.yos
/home/jose/data/satInstances/satProblems/uf20-91/uf20-0302.yos
/home/jose/data/satInstances/satProblems/uf20-91/uf20-0303.yos
/home/jose/data/satInstances/satProblems/uf20-91/uf20-0304.yos
/home/jose/data/satInstances/satProblems/uf20-91/uf20-0305.yos
/home/jose/data/satInstances/satProblems/uf20-91/uf20-0306.yos
/home/jose/data/satInstances/satProblems/uf20-91/uf20-0307.yos
/home/jose/data/satInstances/satProblems/uf20-91/uf20-0308.yos
/home/jose/data/satInstances/satProblems/uf20-91/uf20-0309.yos
/home/jose/data/satInstances/satProblems/uf20-91/uf20-031.yos
/home/jose/data/satInstances/satProblems/uf20-91/uf20-0310.yos
/home/jose/data/satInstances/satProblems/uf20-91/uf20-0311.yos
/home/jose/data/satInstances/satProblems/uf20-91/uf20-0312.yos
/home/jose/data/satInstances/satProblems/uf20-91/uf20-0313.yos
/home/jose/data/satInstances/satProblems/uf20-91/uf20-0314.yos
/home/jose/data/satInstances/satProblems/uf20-91/uf20-0315.yos
/home/jose/data/satInstances/satProblems/uf20-91/uf20-0316.yos
/home/jose/data/satInstances/satProblems/uf20-91/uf20-0317.yos
/home/jose/data/satInstances/satProblems/uf20-91/uf20-0318.yos
/home/jose/data/satInstances/satProblems/uf20-91/uf20-0319.yos
/home/jose/data/satInstances/satProblems/uf20-91/uf20-032.yos
/home/jose/data/satInstances/satProblems/uf20-91/uf20-0320.yos
/home/jose/data/satInstances/satProblems/uf20-91/uf20-0321.yos
/home/jose/data/satInstances/satProblems/uf20-91/uf20-0322.yos
/home/jose/data/satInstances/satProblems/uf20-91/uf20-0323.yos
/home/jose/data/satInstances/satProblems/uf20-91/uf20-0324.yos
/home/jose/data/satInstances/satProblems/uf20-91/uf20-0325.yos
/home/jose/data/satInstances/satProblems/uf20-91/uf20-0326.yos
/home/jose/data/satInstances/satProblems/uf20-91/uf20-0327.yos
/home/jose/data/satInstances/satProblems/uf20-91/uf20-0328.yos
/home/jose/data/satInstances/satProblems/uf20-91/uf20-0329.yos
/home/jose/data/satInstances/satProblems/uf20-91/uf20-033.yos
/home/jose/data/satInstances/satProblems/uf20-91/uf20-0330.yos
/home/jose/data/satInstances/satProblems/uf20-91/uf20-0331.yos
/home/jose/data/satInstances/satProblems/uf20-91/uf20-0332.yos
/home/jose/data/satInstances/satProblems/uf20-91/uf20-0333.yos
/home/jose/data/satInstances/satProblems/uf20-91/uf20-0334.yos
/home/jose/data/satInstances/satProblems/uf20-91/uf20-0335.yos
/home/jose/data/satInstances/satProblems/uf20-91/uf20-0336.yos
/home/jose/data/satInstances/satProblems/uf20-91/uf20-0337.yos
/home/jose/data/satInstances/satProblems/uf20-91/uf20-0338.yos
/home/jose/data/satInstances/satProblems/uf20-91/uf20-0339.yos
/home/jose/data/satInstances/satProblems/uf20-91/uf20-034.yos
/home/jose/data/satInstances/satProblems/uf20-91/uf20-0340.yos
/home/jose/data/satInstances/satProblems/uf20-91/uf20-0341.yos
/home/jose/data/satInstances/satProblems/uf20-91/uf20-0342.yos
/home/jose/data/satInstances/satProblems/uf20-91/uf20-0343.yos
/home/jose/data/satInstances/satProblems/uf20-91/uf20-0344.yos
/home/jose/data/satInstances/satProblems/uf20-91/uf20-0345.yos
/home/jose/data/satInstances/satProblems/uf20-91/uf20-0346.yos
/home/jose/data/satInstances/satProblems/uf20-91/uf20-0347.yos
/home/jose/data/satInstances/satProblems/uf20-91/uf20-0348.yos
/home/jose/data/satInstances/satProblems/uf20-91/uf20-0349.yos
/home/jose/data/satInstances/satProblems/uf20-91/uf20-035.yos
/home/jose/data/satInstances/satProblems/uf20-91/uf20-0350.yos
/home/jose/data/satInstances/satProblems/uf20-91/uf20-0351.yos
/home/jose/data/satInstances/satProblems/uf20-91/uf20-0352.yos
/home/jose/data/satInstances/satProblems/uf20-91/uf20-0353.yos
/home/jose/data/satInstances/satProblems/uf20-91/uf20-0354.yos
/home/jose/data/satInstances/satProblems/uf20-91/uf20-0355.yos
/home/jose/data/satInstances/satProblems/uf20-91/uf20-0356.yos
/home/jose/data/satInstances/satProblems/uf20-91/uf20-0357.yos
/home/jose/data/satInstances/satProblems/uf20-91/uf20-0358.yos
/home/jose/data/satInstances/satProblems/uf20-91/uf20-0359.yos
/home/jose/data/satInstances/satProblems/uf20-91/uf20-036.yos
/home/jose/data/satInstances/satProblems/uf20-91/uf20-0360.yos
/home/jose/data/satInstances/satProblems/uf20-91/uf20-0361.yos
/home/jose/data/satInstances/satProblems/uf20-91/uf20-0362.yos
/home/jose/data/satInstances/satProblems/uf20-91/uf20-0363.yos
/home/jose/data/satInstances/satProblems/uf20-91/uf20-0364.yos
/home/jose/data/satInstances/satProblems/uf20-91/uf20-0365.yos
/home/jose/data/satInstances/satProblems/uf20-91/uf20-0366.yos
/home/jose/data/satInstances/satProblems/uf20-91/uf20-0367.yos
/home/jose/data/satInstances/satProblems/uf20-91/uf20-0368.yos
/home/jose/data/satInstances/satProblems/uf20-91/uf20-0369.yos
/home/jose/data/satInstances/satProblems/uf20-91/uf20-037.yos
/home/jose/data/satInstances/satProblems/uf20-91/uf20-0370.yos
/home/jose/data/satInstances/satProblems/uf20-91/uf20-0371.yos
/home/jose/data/satInstances/satProblems/uf20-91/uf20-0372.yos
/home/jose/data/satInstances/satProblems/uf20-91/uf20-0373.yos
/home/jose/data/satInstances/satProblems/uf20-91/uf20-0374.yos
/home/jose/data/satInstances/satProblems/uf20-91/uf20-0375.yos
/home/jose/data/satInstances/satProblems/uf20-91/uf20-0376.yos
/home/jose/data/satInstances/satProblems/uf20-91/uf20-0377.yos
/home/jose/data/satInstances/satProblems/uf20-91/uf20-0378.yos
/home/jose/data/satInstances/satProblems/uf20-91/uf20-0379.yos
/home/jose/data/satInstances/satProblems/uf20-91/uf20-038.yos
/home/jose/data/satInstances/satProblems/uf20-91/uf20-0380.yos
/home/jose/data/satInstances/satProblems/uf20-91/uf20-0381.yos
/home/jose/data/satInstances/satProblems/uf20-91/uf20-0382.yos
/home/jose/data/satInstances/satProblems/uf20-91/uf20-0383.yos
/home/jose/data/satInstances/satProblems/uf20-91/uf20-0384.yos
/home/jose/data/satInstances/satProblems/uf20-91/uf20-0385.yos
/home/jose/data/satInstances/satProblems/uf20-91/uf20-0386.yos
/home/jose/data/satInstances/satProblems/uf20-91/uf20-0387.yos
/home/jose/data/satInstances/satProblems/uf20-91/uf20-0388.yos
/home/jose/data/satInstances/satProblems/uf20-91/uf20-0389.yos
/home/jose/data/satInstances/satProblems/uf20-91/uf20-039.yos
/home/jose/data/satInstances/satProblems/uf20-91/uf20-0390.yos
/home/jose/data/satInstances/satProblems/uf20-91/uf20-0391.yos
/home/jose/data/satInstances/satProblems/uf20-91/uf20-0392.yos
/home/jose/data/satInstances/satProblems/uf20-91/uf20-0393.yos
/home/jose/data/satInstances/satProblems/uf20-91/uf20-0394.yos
/home/jose/data/satInstances/satProblems/uf20-91/uf20-0395.yos
/home/jose/data/satInstances/satProblems/uf20-91/uf20-0396.yos
/home/jose/data/satInstances/satProblems/uf20-91/uf20-0397.yos
/home/jose/data/satInstances/satProblems/uf20-91/uf20-0398.yos
/home/jose/data/satInstances/satProblems/uf20-91/uf20-0399.yos
/home/jose/data/satInstances/satProblems/uf20-91/uf20-04.yos
/home/jose/data/satInstances/satProblems/uf20-91/uf20-040.yos
/home/jose/data/satInstances/satProblems/uf20-91/uf20-0400.yos
/home/jose/data/satInstances/satProblems/uf20-91/uf20-0401.yos
/home/jose/data/satInstances/satProblems/uf20-91/uf20-0402.yos
/home/jose/data/satInstances/satProblems/uf20-91/uf20-0403.yos
/home/jose/data/satInstances/satProblems/uf20-91/uf20-0404.yos
/home/jose/data/satInstances/satProblems/uf20-91/uf20-0405.yos
/home/jose/data/satInstances/satProblems/uf20-91/uf20-0406.yos
/home/jose/data/satInstances/satProblems/uf20-91/uf20-0407.yos
/home/jose/data/satInstances/satProblems/uf20-91/uf20-0408.yos
/home/jose/data/satInstances/satProblems/uf20-91/uf20-0409.yos
/home/jose/data/satInstances/satProblems/uf20-91/uf20-041.yos
/home/jose/data/satInstances/satProblems/uf20-91/uf20-0410.yos
/home/jose/data/satInstances/satProblems/uf20-91/uf20-0411.yos
/home/jose/data/satInstances/satProblems/uf20-91/uf20-0412.yos
/home/jose/data/satInstances/satProblems/uf20-91/uf20-0413.yos
/home/jose/data/satInstances/satProblems/uf20-91/uf20-0414.yos
/home/jose/data/satInstances/satProblems/uf20-91/uf20-0415.yos
/home/jose/data/satInstances/satProblems/uf20-91/uf20-0416.yos
/home/jose/data/satInstances/satProblems/uf20-91/uf20-0417.yos
/home/jose/data/satInstances/satProblems/uf20-91/uf20-0418.yos
/home/jose/data/satInstances/satProblems/uf20-91/uf20-0419.yos
/home/jose/data/satInstances/satProblems/uf20-91/uf20-042.yos
/home/jose/data/satInstances/satProblems/uf20-91/uf20-0420.yos
/home/jose/data/satInstances/satProblems/uf20-91/uf20-0421.yos
/home/jose/data/satInstances/satProblems/uf20-91/uf20-0422.yos
/home/jose/data/satInstances/satProblems/uf20-91/uf20-0423.yos
/home/jose/data/satInstances/satProblems/uf20-91/uf20-0424.yos
/home/jose/data/satInstances/satProblems/uf20-91/uf20-0425.yos
/home/jose/data/satInstances/satProblems/uf20-91/uf20-0426.yos
/home/jose/data/satInstances/satProblems/uf20-91/uf20-0427.yos
/home/jose/data/satInstances/satProblems/uf20-91/uf20-0428.yos
/home/jose/data/satInstances/satProblems/uf20-91/uf20-0429.yos
/home/jose/data/satInstances/satProblems/uf20-91/uf20-043.yos
/home/jose/data/satInstances/satProblems/uf20-91/uf20-0430.yos
/home/jose/data/satInstances/satProblems/uf20-91/uf20-0431.yos
/home/jose/data/satInstances/satProblems/uf20-91/uf20-0432.yos
/home/jose/data/satInstances/satProblems/uf20-91/uf20-0433.yos
/home/jose/data/satInstances/satProblems/uf20-91/uf20-0434.yos
/home/jose/data/satInstances/satProblems/uf20-91/uf20-0435.yos
/home/jose/data/satInstances/satProblems/uf20-91/uf20-0436.yos
/home/jose/data/satInstances/satProblems/uf20-91/uf20-0437.yos
/home/jose/data/satInstances/satProblems/uf20-91/uf20-0438.yos
/home/jose/data/satInstances/satProblems/uf20-91/uf20-0439.yos
/home/jose/data/satInstances/satProblems/uf20-91/uf20-044.yos
/home/jose/data/satInstances/satProblems/uf20-91/uf20-0440.yos
/home/jose/data/satInstances/satProblems/uf20-91/uf20-0441.yos
/home/jose/data/satInstances/satProblems/uf20-91/uf20-0442.yos
/home/jose/data/satInstances/satProblems/uf20-91/uf20-0443.yos
/home/jose/data/satInstances/satProblems/uf20-91/uf20-0444.yos
/home/jose/data/satInstances/satProblems/uf20-91/uf20-0445.yos
/home/jose/data/satInstances/satProblems/uf20-91/uf20-0446.yos
/home/jose/data/satInstances/satProblems/uf20-91/uf20-0447.yos
/home/jose/data/satInstances/satProblems/uf20-91/uf20-0448.yos
/home/jose/data/satInstances/satProblems/uf20-91/uf20-0449.yos
/home/jose/data/satInstances/satProblems/uf20-91/uf20-045.yos
/home/jose/data/satInstances/satProblems/uf20-91/uf20-0450.yos
/home/jose/data/satInstances/satProblems/uf20-91/uf20-0451.yos
/home/jose/data/satInstances/satProblems/uf20-91/uf20-0452.yos
/home/jose/data/satInstances/satProblems/uf20-91/uf20-0453.yos
/home/jose/data/satInstances/satProblems/uf20-91/uf20-0454.yos
/home/jose/data/satInstances/satProblems/uf20-91/uf20-0455.yos
/home/jose/data/satInstances/satProblems/uf20-91/uf20-0456.yos
/home/jose/data/satInstances/satProblems/uf20-91/uf20-0457.yos
/home/jose/data/satInstances/satProblems/uf20-91/uf20-0458.yos
/home/jose/data/satInstances/satProblems/uf20-91/uf20-0459.yos
/home/jose/data/satInstances/satProblems/uf20-91/uf20-046.yos
/home/jose/data/satInstances/satProblems/uf20-91/uf20-0460.yos
/home/jose/data/satInstances/satProblems/uf20-91/uf20-0461.yos
/home/jose/data/satInstances/satProblems/uf20-91/uf20-0462.yos
/home/jose/data/satInstances/satProblems/uf20-91/uf20-0463.yos
/home/jose/data/satInstances/satProblems/uf20-91/uf20-0464.yos
/home/jose/data/satInstances/satProblems/uf20-91/uf20-0465.yos
/home/jose/data/satInstances/satProblems/uf20-91/uf20-0466.yos
/home/jose/data/satInstances/satProblems/uf20-91/uf20-0467.yos
/home/jose/data/satInstances/satProblems/uf20-91/uf20-0468.yos
/home/jose/data/satInstances/satProblems/uf20-91/uf20-0469.yos
/home/jose/data/satInstances/satProblems/uf20-91/uf20-047.yos
/home/jose/data/satInstances/satProblems/uf20-91/uf20-0470.yos
/home/jose/data/satInstances/satProblems/uf20-91/uf20-0471.yos
/home/jose/data/satInstances/satProblems/uf20-91/uf20-0472.yos
/home/jose/data/satInstances/satProblems/uf20-91/uf20-0473.yos
/home/jose/data/satInstances/satProblems/uf20-91/uf20-0474.yos
/home/jose/data/satInstances/satProblems/uf20-91/uf20-0475.yos
/home/jose/data/satInstances/satProblems/uf20-91/uf20-0476.yos
/home/jose/data/satInstances/satProblems/uf20-91/uf20-0477.yos
/home/jose/data/satInstances/satProblems/uf20-91/uf20-0478.yos
/home/jose/data/satInstances/satProblems/uf20-91/uf20-0479.yos
/home/jose/data/satInstances/satProblems/uf20-91/uf20-048.yos
/home/jose/data/satInstances/satProblems/uf20-91/uf20-0480.yos
/home/jose/data/satInstances/satProblems/uf20-91/uf20-0481.yos
/home/jose/data/satInstances/satProblems/uf20-91/uf20-0482.yos
/home/jose/data/satInstances/satProblems/uf20-91/uf20-0483.yos
/home/jose/data/satInstances/satProblems/uf20-91/uf20-0484.yos
/home/jose/data/satInstances/satProblems/uf20-91/uf20-0485.yos
/home/jose/data/satInstances/satProblems/uf20-91/uf20-0486.yos
/home/jose/data/satInstances/satProblems/uf20-91/uf20-0487.yos
/home/jose/data/satInstances/satProblems/uf20-91/uf20-0488.yos
/home/jose/data/satInstances/satProblems/uf20-91/uf20-0489.yos
/home/jose/data/satInstances/satProblems/uf20-91/uf20-049.yos
/home/jose/data/satInstances/satProblems/uf20-91/uf20-0490.yos
/home/jose/data/satInstances/satProblems/uf20-91/uf20-0491.yos
/home/jose/data/satInstances/satProblems/uf20-91/uf20-0492.yos
/home/jose/data/satInstances/satProblems/uf20-91/uf20-0493.yos
/home/jose/data/satInstances/satProblems/uf20-91/uf20-0494.yos
/home/jose/data/satInstances/satProblems/uf20-91/uf20-0495.yos
/home/jose/data/satInstances/satProblems/uf20-91/uf20-0496.yos
/home/jose/data/satInstances/satProblems/uf20-91/uf20-0497.yos
/home/jose/data/satInstances/satProblems/uf20-91/uf20-0498.yos
/home/jose/data/satInstances/satProblems/uf20-91/uf20-0499.yos
/home/jose/data/satInstances/satProblems/uf20-91/uf20-05.yos
/home/jose/data/satInstances/satProblems/uf20-91/uf20-050.yos
/home/jose/data/satInstances/satProblems/uf20-91/uf20-0500.yos
/home/jose/data/satInstances/satProblems/uf20-91/uf20-0501.yos
/home/jose/data/satInstances/satProblems/uf20-91/uf20-0502.yos
/home/jose/data/satInstances/satProblems/uf20-91/uf20-0503.yos
/home/jose/data/satInstances/satProblems/uf20-91/uf20-0504.yos
/home/jose/data/satInstances/satProblems/uf20-91/uf20-0505.yos
/home/jose/data/satInstances/satProblems/uf20-91/uf20-0506.yos
/home/jose/data/satInstances/satProblems/uf20-91/uf20-0507.yos
/home/jose/data/satInstances/satProblems/uf20-91/uf20-0508.yos
/home/jose/data/satInstances/satProblems/uf20-91/uf20-0509.yos
/home/jose/data/satInstances/satProblems/uf20-91/uf20-051.yos
/home/jose/data/satInstances/satProblems/uf20-91/uf20-0510.yos
/home/jose/data/satInstances/satProblems/uf20-91/uf20-0511.yos
/home/jose/data/satInstances/satProblems/uf20-91/uf20-0512.yos
/home/jose/data/satInstances/satProblems/uf20-91/uf20-0513.yos
/home/jose/data/satInstances/satProblems/uf20-91/uf20-0514.yos
/home/jose/data/satInstances/satProblems/uf20-91/uf20-0515.yos
/home/jose/data/satInstances/satProblems/uf20-91/uf20-0516.yos
/home/jose/data/satInstances/satProblems/uf20-91/uf20-0517.yos
/home/jose/data/satInstances/satProblems/uf20-91/uf20-0518.yos
/home/jose/data/satInstances/satProblems/uf20-91/uf20-0519.yos
/home/jose/data/satInstances/satProblems/uf20-91/uf20-052.yos
/home/jose/data/satInstances/satProblems/uf20-91/uf20-0520.yos
/home/jose/data/satInstances/satProblems/uf20-91/uf20-0521.yos
/home/jose/data/satInstances/satProblems/uf20-91/uf20-0522.yos
/home/jose/data/satInstances/satProblems/uf20-91/uf20-0523.yos
/home/jose/data/satInstances/satProblems/uf20-91/uf20-0524.yos
/home/jose/data/satInstances/satProblems/uf20-91/uf20-0525.yos
/home/jose/data/satInstances/satProblems/uf20-91/uf20-0526.yos
/home/jose/data/satInstances/satProblems/uf20-91/uf20-0527.yos
/home/jose/data/satInstances/satProblems/uf20-91/uf20-0528.yos
/home/jose/data/satInstances/satProblems/uf20-91/uf20-0529.yos
/home/jose/data/satInstances/satProblems/uf20-91/uf20-053.yos
/home/jose/data/satInstances/satProblems/uf20-91/uf20-0530.yos
/home/jose/data/satInstances/satProblems/uf20-91/uf20-0531.yos
/home/jose/data/satInstances/satProblems/uf20-91/uf20-0532.yos
/home/jose/data/satInstances/satProblems/uf20-91/uf20-0533.yos
/home/jose/data/satInstances/satProblems/uf20-91/uf20-0534.yos
/home/jose/data/satInstances/satProblems/uf20-91/uf20-0535.yos
/home/jose/data/satInstances/satProblems/uf20-91/uf20-0536.yos
/home/jose/data/satInstances/satProblems/uf20-91/uf20-0537.yos
/home/jose/data/satInstances/satProblems/uf20-91/uf20-0538.yos
/home/jose/data/satInstances/satProblems/uf20-91/uf20-0539.yos
/home/jose/data/satInstances/satProblems/uf20-91/uf20-054.yos
/home/jose/data/satInstances/satProblems/uf20-91/uf20-0540.yos
/home/jose/data/satInstances/satProblems/uf20-91/uf20-0541.yos
/home/jose/data/satInstances/satProblems/uf20-91/uf20-0542.yos
/home/jose/data/satInstances/satProblems/uf20-91/uf20-0543.yos
/home/jose/data/satInstances/satProblems/uf20-91/uf20-0544.yos
/home/jose/data/satInstances/satProblems/uf20-91/uf20-0545.yos
/home/jose/data/satInstances/satProblems/uf20-91/uf20-0546.yos
/home/jose/data/satInstances/satProblems/uf20-91/uf20-0547.yos
/home/jose/data/satInstances/satProblems/uf20-91/uf20-0548.yos
/home/jose/data/satInstances/satProblems/uf20-91/uf20-0549.yos
/home/jose/data/satInstances/satProblems/uf20-91/uf20-055.yos
/home/jose/data/satInstances/satProblems/uf20-91/uf20-0550.yos
/home/jose/data/satInstances/satProblems/uf20-91/uf20-0551.yos
/home/jose/data/satInstances/satProblems/uf20-91/uf20-0552.yos
/home/jose/data/satInstances/satProblems/uf20-91/uf20-0553.yos
/home/jose/data/satInstances/satProblems/uf20-91/uf20-0554.yos
/home/jose/data/satInstances/satProblems/uf20-91/uf20-0555.yos
/home/jose/data/satInstances/satProblems/uf20-91/uf20-0556.yos
/home/jose/data/satInstances/satProblems/uf20-91/uf20-0557.yos
/home/jose/data/satInstances/satProblems/uf20-91/uf20-0558.yos
/home/jose/data/satInstances/satProblems/uf20-91/uf20-0559.yos
/home/jose/data/satInstances/satProblems/uf20-91/uf20-056.yos
/home/jose/data/satInstances/satProblems/uf20-91/uf20-0560.yos
/home/jose/data/satInstances/satProblems/uf20-91/uf20-0561.yos
/home/jose/data/satInstances/satProblems/uf20-91/uf20-0562.yos
/home/jose/data/satInstances/satProblems/uf20-91/uf20-0563.yos
/home/jose/data/satInstances/satProblems/uf20-91/uf20-0564.yos
/home/jose/data/satInstances/satProblems/uf20-91/uf20-0565.yos
/home/jose/data/satInstances/satProblems/uf20-91/uf20-0566.yos
/home/jose/data/satInstances/satProblems/uf20-91/uf20-0567.yos
/home/jose/data/satInstances/satProblems/uf20-91/uf20-0568.yos
/home/jose/data/satInstances/satProblems/uf20-91/uf20-0569.yos
/home/jose/data/satInstances/satProblems/uf20-91/uf20-057.yos
/home/jose/data/satInstances/satProblems/uf20-91/uf20-0570.yos
/home/jose/data/satInstances/satProblems/uf20-91/uf20-0571.yos
/home/jose/data/satInstances/satProblems/uf20-91/uf20-0572.yos
/home/jose/data/satInstances/satProblems/uf20-91/uf20-0573.yos
/home/jose/data/satInstances/satProblems/uf20-91/uf20-0574.yos
/home/jose/data/satInstances/satProblems/uf20-91/uf20-0575.yos
/home/jose/data/satInstances/satProblems/uf20-91/uf20-0576.yos
/home/jose/data/satInstances/satProblems/uf20-91/uf20-0577.yos
/home/jose/data/satInstances/satProblems/uf20-91/uf20-0578.yos
/home/jose/data/satInstances/satProblems/uf20-91/uf20-0579.yos
/home/jose/data/satInstances/satProblems/uf20-91/uf20-058.yos
/home/jose/data/satInstances/satProblems/uf20-91/uf20-0580.yos
/home/jose/data/satInstances/satProblems/uf20-91/uf20-0581.yos
/home/jose/data/satInstances/satProblems/uf20-91/uf20-0582.yos
/home/jose/data/satInstances/satProblems/uf20-91/uf20-0583.yos
/home/jose/data/satInstances/satProblems/uf20-91/uf20-0584.yos
/home/jose/data/satInstances/satProblems/uf20-91/uf20-0585.yos
/home/jose/data/satInstances/satProblems/uf20-91/uf20-0586.yos
/home/jose/data/satInstances/satProblems/uf20-91/uf20-0587.yos
/home/jose/data/satInstances/satProblems/uf20-91/uf20-0588.yos
/home/jose/data/satInstances/satProblems/uf20-91/uf20-0589.yos
/home/jose/data/satInstances/satProblems/uf20-91/uf20-059.yos
/home/jose/data/satInstances/satProblems/uf20-91/uf20-0590.yos
/home/jose/data/satInstances/satProblems/uf20-91/uf20-0591.yos
/home/jose/data/satInstances/satProblems/uf20-91/uf20-0592.yos
/home/jose/data/satInstances/satProblems/uf20-91/uf20-0593.yos
/home/jose/data/satInstances/satProblems/uf20-91/uf20-0594.yos
/home/jose/data/satInstances/satProblems/uf20-91/uf20-0595.yos
/home/jose/data/satInstances/satProblems/uf20-91/uf20-0596.yos
/home/jose/data/satInstances/satProblems/uf20-91/uf20-0597.yos
/home/jose/data/satInstances/satProblems/uf20-91/uf20-0598.yos
/home/jose/data/satInstances/satProblems/uf20-91/uf20-0599.yos
/home/jose/data/satInstances/satProblems/uf20-91/uf20-06.yos
/home/jose/data/satInstances/satProblems/uf20-91/uf20-060.yos
/home/jose/data/satInstances/satProblems/uf20-91/uf20-0600.yos
/home/jose/data/satInstances/satProblems/uf20-91/uf20-0601.yos
/home/jose/data/satInstances/satProblems/uf20-91/uf20-0602.yos
/home/jose/data/satInstances/satProblems/uf20-91/uf20-0603.yos
/home/jose/data/satInstances/satProblems/uf20-91/uf20-0604.yos
/home/jose/data/satInstances/satProblems/uf20-91/uf20-0605.yos
/home/jose/data/satInstances/satProblems/uf20-91/uf20-0606.yos
/home/jose/data/satInstances/satProblems/uf20-91/uf20-0607.yos
/home/jose/data/satInstances/satProblems/uf20-91/uf20-0608.yos
/home/jose/data/satInstances/satProblems/uf20-91/uf20-0609.yos
/home/jose/data/satInstances/satProblems/uf20-91/uf20-061.yos
/home/jose/data/satInstances/satProblems/uf20-91/uf20-0610.yos
/home/jose/data/satInstances/satProblems/uf20-91/uf20-0611.yos
/home/jose/data/satInstances/satProblems/uf20-91/uf20-0612.yos
/home/jose/data/satInstances/satProblems/uf20-91/uf20-0613.yos
/home/jose/data/satInstances/satProblems/uf20-91/uf20-0614.yos
/home/jose/data/satInstances/satProblems/uf20-91/uf20-0615.yos
/home/jose/data/satInstances/satProblems/uf20-91/uf20-0616.yos
/home/jose/data/satInstances/satProblems/uf20-91/uf20-0617.yos
/home/jose/data/satInstances/satProblems/uf20-91/uf20-0618.yos
/home/jose/data/satInstances/satProblems/uf20-91/uf20-0619.yos
/home/jose/data/satInstances/satProblems/uf20-91/uf20-062.yos
/home/jose/data/satInstances/satProblems/uf20-91/uf20-0620.yos
/home/jose/data/satInstances/satProblems/uf20-91/uf20-0621.yos
/home/jose/data/satInstances/satProblems/uf20-91/uf20-0622.yos
/home/jose/data/satInstances/satProblems/uf20-91/uf20-0623.yos
/home/jose/data/satInstances/satProblems/uf20-91/uf20-0624.yos
/home/jose/data/satInstances/satProblems/uf20-91/uf20-0625.yos
/home/jose/data/satInstances/satProblems/uf20-91/uf20-0626.yos
/home/jose/data/satInstances/satProblems/uf20-91/uf20-0627.yos
/home/jose/data/satInstances/satProblems/uf20-91/uf20-0628.yos
/home/jose/data/satInstances/satProblems/uf20-91/uf20-0629.yos
/home/jose/data/satInstances/satProblems/uf20-91/uf20-063.yos
/home/jose/data/satInstances/satProblems/uf20-91/uf20-0630.yos
/home/jose/data/satInstances/satProblems/uf20-91/uf20-0631.yos
/home/jose/data/satInstances/satProblems/uf20-91/uf20-0632.yos
/home/jose/data/satInstances/satProblems/uf20-91/uf20-0633.yos
/home/jose/data/satInstances/satProblems/uf20-91/uf20-0634.yos
/home/jose/data/satInstances/satProblems/uf20-91/uf20-0635.yos
/home/jose/data/satInstances/satProblems/uf20-91/uf20-0636.yos
/home/jose/data/satInstances/satProblems/uf20-91/uf20-0637.yos
/home/jose/data/satInstances/satProblems/uf20-91/uf20-0638.yos
/home/jose/data/satInstances/satProblems/uf20-91/uf20-0639.yos
/home/jose/data/satInstances/satProblems/uf20-91/uf20-064.yos
/home/jose/data/satInstances/satProblems/uf20-91/uf20-0640.yos
/home/jose/data/satInstances/satProblems/uf20-91/uf20-0641.yos
/home/jose/data/satInstances/satProblems/uf20-91/uf20-0642.yos
/home/jose/data/satInstances/satProblems/uf20-91/uf20-0643.yos
/home/jose/data/satInstances/satProblems/uf20-91/uf20-0644.yos
/home/jose/data/satInstances/satProblems/uf20-91/uf20-0645.yos
/home/jose/data/satInstances/satProblems/uf20-91/uf20-0646.yos
/home/jose/data/satInstances/satProblems/uf20-91/uf20-0647.yos
/home/jose/data/satInstances/satProblems/uf20-91/uf20-0648.yos
/home/jose/data/satInstances/satProblems/uf20-91/uf20-0649.yos
/home/jose/data/satInstances/satProblems/uf20-91/uf20-065.yos
/home/jose/data/satInstances/satProblems/uf20-91/uf20-0650.yos
/home/jose/data/satInstances/satProblems/uf20-91/uf20-0651.yos
/home/jose/data/satInstances/satProblems/uf20-91/uf20-0652.yos
/home/jose/data/satInstances/satProblems/uf20-91/uf20-0653.yos
/home/jose/data/satInstances/satProblems/uf20-91/uf20-0654.yos
/home/jose/data/satInstances/satProblems/uf20-91/uf20-0655.yos
/home/jose/data/satInstances/satProblems/uf20-91/uf20-0656.yos
/home/jose/data/satInstances/satProblems/uf20-91/uf20-0657.yos
/home/jose/data/satInstances/satProblems/uf20-91/uf20-0658.yos
/home/jose/data/satInstances/satProblems/uf20-91/uf20-0659.yos
/home/jose/data/satInstances/satProblems/uf20-91/uf20-066.yos
/home/jose/data/satInstances/satProblems/uf20-91/uf20-0660.yos
/home/jose/data/satInstances/satProblems/uf20-91/uf20-0661.yos
/home/jose/data/satInstances/satProblems/uf20-91/uf20-0662.yos
/home/jose/data/satInstances/satProblems/uf20-91/uf20-0663.yos
/home/jose/data/satInstances/satProblems/uf20-91/uf20-0664.yos
/home/jose/data/satInstances/satProblems/uf20-91/uf20-0665.yos
/home/jose/data/satInstances/satProblems/uf20-91/uf20-0666.yos
/home/jose/data/satInstances/satProblems/uf20-91/uf20-0667.yos
/home/jose/data/satInstances/satProblems/uf20-91/uf20-0668.yos
/home/jose/data/satInstances/satProblems/uf20-91/uf20-0669.yos
/home/jose/data/satInstances/satProblems/uf20-91/uf20-067.yos
/home/jose/data/satInstances/satProblems/uf20-91/uf20-0670.yos
/home/jose/data/satInstances/satProblems/uf20-91/uf20-0671.yos
/home/jose/data/satInstances/satProblems/uf20-91/uf20-0672.yos
/home/jose/data/satInstances/satProblems/uf20-91/uf20-0673.yos
/home/jose/data/satInstances/satProblems/uf20-91/uf20-0674.yos
/home/jose/data/satInstances/satProblems/uf20-91/uf20-0675.yos
/home/jose/data/satInstances/satProblems/uf20-91/uf20-0676.yos
/home/jose/data/satInstances/satProblems/uf20-91/uf20-0677.yos
/home/jose/data/satInstances/satProblems/uf20-91/uf20-0678.yos
/home/jose/data/satInstances/satProblems/uf20-91/uf20-0679.yos
/home/jose/data/satInstances/satProblems/uf20-91/uf20-068.yos
/home/jose/data/satInstances/satProblems/uf20-91/uf20-0680.yos
/home/jose/data/satInstances/satProblems/uf20-91/uf20-0681.yos
/home/jose/data/satInstances/satProblems/uf20-91/uf20-0682.yos
/home/jose/data/satInstances/satProblems/uf20-91/uf20-0683.yos
/home/jose/data/satInstances/satProblems/uf20-91/uf20-0684.yos
/home/jose/data/satInstances/satProblems/uf20-91/uf20-0685.yos
/home/jose/data/satInstances/satProblems/uf20-91/uf20-0686.yos
/home/jose/data/satInstances/satProblems/uf20-91/uf20-0687.yos
/home/jose/data/satInstances/satProblems/uf20-91/uf20-0688.yos
/home/jose/data/satInstances/satProblems/uf20-91/uf20-0689.yos
/home/jose/data/satInstances/satProblems/uf20-91/uf20-069.yos
/home/jose/data/satInstances/satProblems/uf20-91/uf20-0690.yos
/home/jose/data/satInstances/satProblems/uf20-91/uf20-0691.yos
/home/jose/data/satInstances/satProblems/uf20-91/uf20-0692.yos
/home/jose/data/satInstances/satProblems/uf20-91/uf20-0693.yos
/home/jose/data/satInstances/satProblems/uf20-91/uf20-0694.yos
/home/jose/data/satInstances/satProblems/uf20-91/uf20-0695.yos
/home/jose/data/satInstances/satProblems/uf20-91/uf20-0696.yos
/home/jose/data/satInstances/satProblems/uf20-91/uf20-0697.yos
/home/jose/data/satInstances/satProblems/uf20-91/uf20-0698.yos
/home/jose/data/satInstances/satProblems/uf20-91/uf20-0699.yos
/home/jose/data/satInstances/satProblems/uf20-91/uf20-07.yos
/home/jose/data/satInstances/satProblems/uf20-91/uf20-070.yos
/home/jose/data/satInstances/satProblems/uf20-91/uf20-0700.yos
/home/jose/data/satInstances/satProblems/uf20-91/uf20-0701.yos
/home/jose/data/satInstances/satProblems/uf20-91/uf20-0702.yos
/home/jose/data/satInstances/satProblems/uf20-91/uf20-0703.yos
/home/jose/data/satInstances/satProblems/uf20-91/uf20-0704.yos
/home/jose/data/satInstances/satProblems/uf20-91/uf20-0705.yos
/home/jose/data/satInstances/satProblems/uf20-91/uf20-0706.yos
/home/jose/data/satInstances/satProblems/uf20-91/uf20-0707.yos
/home/jose/data/satInstances/satProblems/uf20-91/uf20-0708.yos
/home/jose/data/satInstances/satProblems/uf20-91/uf20-0709.yos
/home/jose/data/satInstances/satProblems/uf20-91/uf20-071.yos
/home/jose/data/satInstances/satProblems/uf20-91/uf20-0710.yos
/home/jose/data/satInstances/satProblems/uf20-91/uf20-0711.yos
/home/jose/data/satInstances/satProblems/uf20-91/uf20-0712.yos
/home/jose/data/satInstances/satProblems/uf20-91/uf20-0713.yos
/home/jose/data/satInstances/satProblems/uf20-91/uf20-0714.yos
/home/jose/data/satInstances/satProblems/uf20-91/uf20-0715.yos
/home/jose/data/satInstances/satProblems/uf20-91/uf20-0716.yos
/home/jose/data/satInstances/satProblems/uf20-91/uf20-0717.yos
/home/jose/data/satInstances/satProblems/uf20-91/uf20-0718.yos
/home/jose/data/satInstances/satProblems/uf20-91/uf20-0719.yos
/home/jose/data/satInstances/satProblems/uf20-91/uf20-072.yos
/home/jose/data/satInstances/satProblems/uf20-91/uf20-0720.yos
/home/jose/data/satInstances/satProblems/uf20-91/uf20-0721.yos
/home/jose/data/satInstances/satProblems/uf20-91/uf20-0722.yos
/home/jose/data/satInstances/satProblems/uf20-91/uf20-0723.yos
/home/jose/data/satInstances/satProblems/uf20-91/uf20-0724.yos
/home/jose/data/satInstances/satProblems/uf20-91/uf20-0725.yos
/home/jose/data/satInstances/satProblems/uf20-91/uf20-0726.yos
/home/jose/data/satInstances/satProblems/uf20-91/uf20-0727.yos
/home/jose/data/satInstances/satProblems/uf20-91/uf20-0728.yos
/home/jose/data/satInstances/satProblems/uf20-91/uf20-0729.yos
/home/jose/data/satInstances/satProblems/uf20-91/uf20-073.yos
/home/jose/data/satInstances/satProblems/uf20-91/uf20-0730.yos
/home/jose/data/satInstances/satProblems/uf20-91/uf20-0731.yos
/home/jose/data/satInstances/satProblems/uf20-91/uf20-0732.yos
/home/jose/data/satInstances/satProblems/uf20-91/uf20-0733.yos
/home/jose/data/satInstances/satProblems/uf20-91/uf20-0734.yos
/home/jose/data/satInstances/satProblems/uf20-91/uf20-0735.yos
/home/jose/data/satInstances/satProblems/uf20-91/uf20-0736.yos
/home/jose/data/satInstances/satProblems/uf20-91/uf20-0737.yos
/home/jose/data/satInstances/satProblems/uf20-91/uf20-0738.yos
/home/jose/data/satInstances/satProblems/uf20-91/uf20-0739.yos
/home/jose/data/satInstances/satProblems/uf20-91/uf20-074.yos
/home/jose/data/satInstances/satProblems/uf20-91/uf20-0740.yos
/home/jose/data/satInstances/satProblems/uf20-91/uf20-0741.yos
/home/jose/data/satInstances/satProblems/uf20-91/uf20-0742.yos
/home/jose/data/satInstances/satProblems/uf20-91/uf20-0743.yos
/home/jose/data/satInstances/satProblems/uf20-91/uf20-0744.yos
/home/jose/data/satInstances/satProblems/uf20-91/uf20-0745.yos
/home/jose/data/satInstances/satProblems/uf20-91/uf20-0746.yos
/home/jose/data/satInstances/satProblems/uf20-91/uf20-0747.yos
/home/jose/data/satInstances/satProblems/uf20-91/uf20-0748.yos
/home/jose/data/satInstances/satProblems/uf20-91/uf20-0749.yos
/home/jose/data/satInstances/satProblems/uf20-91/uf20-075.yos
/home/jose/data/satInstances/satProblems/uf20-91/uf20-0750.yos
/home/jose/data/satInstances/satProblems/uf20-91/uf20-0751.yos
/home/jose/data/satInstances/satProblems/uf20-91/uf20-0752.yos
/home/jose/data/satInstances/satProblems/uf20-91/uf20-0753.yos
/home/jose/data/satInstances/satProblems/uf20-91/uf20-0754.yos
/home/jose/data/satInstances/satProblems/uf20-91/uf20-0755.yos
/home/jose/data/satInstances/satProblems/uf20-91/uf20-0756.yos
/home/jose/data/satInstances/satProblems/uf20-91/uf20-0757.yos
/home/jose/data/satInstances/satProblems/uf20-91/uf20-0758.yos
/home/jose/data/satInstances/satProblems/uf20-91/uf20-0759.yos
/home/jose/data/satInstances/satProblems/uf20-91/uf20-076.yos
/home/jose/data/satInstances/satProblems/uf20-91/uf20-0760.yos
/home/jose/data/satInstances/satProblems/uf20-91/uf20-0761.yos
/home/jose/data/satInstances/satProblems/uf20-91/uf20-0762.yos
/home/jose/data/satInstances/satProblems/uf20-91/uf20-0763.yos
/home/jose/data/satInstances/satProblems/uf20-91/uf20-0764.yos
/home/jose/data/satInstances/satProblems/uf20-91/uf20-0765.yos
/home/jose/data/satInstances/satProblems/uf20-91/uf20-0766.yos
/home/jose/data/satInstances/satProblems/uf20-91/uf20-0767.yos
/home/jose/data/satInstances/satProblems/uf20-91/uf20-0768.yos
/home/jose/data/satInstances/satProblems/uf20-91/uf20-0769.yos
/home/jose/data/satInstances/satProblems/uf20-91/uf20-077.yos
/home/jose/data/satInstances/satProblems/uf20-91/uf20-0770.yos
/home/jose/data/satInstances/satProblems/uf20-91/uf20-0771.yos
/home/jose/data/satInstances/satProblems/uf20-91/uf20-0772.yos
/home/jose/data/satInstances/satProblems/uf20-91/uf20-0773.yos
/home/jose/data/satInstances/satProblems/uf20-91/uf20-0774.yos
/home/jose/data/satInstances/satProblems/uf20-91/uf20-0775.yos
/home/jose/data/satInstances/satProblems/uf20-91/uf20-0776.yos
/home/jose/data/satInstances/satProblems/uf20-91/uf20-0777.yos
/home/jose/data/satInstances/satProblems/uf20-91/uf20-0778.yos
/home/jose/data/satInstances/satProblems/uf20-91/uf20-0779.yos
/home/jose/data/satInstances/satProblems/uf20-91/uf20-078.yos
/home/jose/data/satInstances/satProblems/uf20-91/uf20-0780.yos
/home/jose/data/satInstances/satProblems/uf20-91/uf20-0781.yos
/home/jose/data/satInstances/satProblems/uf20-91/uf20-0782.yos
/home/jose/data/satInstances/satProblems/uf20-91/uf20-0783.yos
/home/jose/data/satInstances/satProblems/uf20-91/uf20-0784.yos
/home/jose/data/satInstances/satProblems/uf20-91/uf20-0785.yos
/home/jose/data/satInstances/satProblems/uf20-91/uf20-0786.yos
/home/jose/data/satInstances/satProblems/uf20-91/uf20-0787.yos
/home/jose/data/satInstances/satProblems/uf20-91/uf20-0788.yos
/home/jose/data/satInstances/satProblems/uf20-91/uf20-0789.yos
/home/jose/data/satInstances/satProblems/uf20-91/uf20-079.yos
/home/jose/data/satInstances/satProblems/uf20-91/uf20-0790.yos
/home/jose/data/satInstances/satProblems/uf20-91/uf20-0791.yos
/home/jose/data/satInstances/satProblems/uf20-91/uf20-0792.yos
/home/jose/data/satInstances/satProblems/uf20-91/uf20-0793.yos
/home/jose/data/satInstances/satProblems/uf20-91/uf20-0794.yos
/home/jose/data/satInstances/satProblems/uf20-91/uf20-0795.yos
/home/jose/data/satInstances/satProblems/uf20-91/uf20-0796.yos
/home/jose/data/satInstances/satProblems/uf20-91/uf20-0797.yos
/home/jose/data/satInstances/satProblems/uf20-91/uf20-0798.yos
/home/jose/data/satInstances/satProblems/uf20-91/uf20-0799.yos
/home/jose/data/satInstances/satProblems/uf20-91/uf20-08.yos
/home/jose/data/satInstances/satProblems/uf20-91/uf20-080.yos
/home/jose/data/satInstances/satProblems/uf20-91/uf20-0800.yos
/home/jose/data/satInstances/satProblems/uf20-91/uf20-0801.yos
/home/jose/data/satInstances/satProblems/uf20-91/uf20-0802.yos
/home/jose/data/satInstances/satProblems/uf20-91/uf20-0803.yos
/home/jose/data/satInstances/satProblems/uf20-91/uf20-0804.yos
/home/jose/data/satInstances/satProblems/uf20-91/uf20-0805.yos
/home/jose/data/satInstances/satProblems/uf20-91/uf20-0806.yos
/home/jose/data/satInstances/satProblems/uf20-91/uf20-0807.yos
/home/jose/data/satInstances/satProblems/uf20-91/uf20-0808.yos
/home/jose/data/satInstances/satProblems/uf20-91/uf20-0809.yos
/home/jose/data/satInstances/satProblems/uf20-91/uf20-081.yos
/home/jose/data/satInstances/satProblems/uf20-91/uf20-0810.yos
/home/jose/data/satInstances/satProblems/uf20-91/uf20-0811.yos
/home/jose/data/satInstances/satProblems/uf20-91/uf20-0812.yos
/home/jose/data/satInstances/satProblems/uf20-91/uf20-0813.yos
/home/jose/data/satInstances/satProblems/uf20-91/uf20-0814.yos
/home/jose/data/satInstances/satProblems/uf20-91/uf20-0815.yos
/home/jose/data/satInstances/satProblems/uf20-91/uf20-0816.yos
/home/jose/data/satInstances/satProblems/uf20-91/uf20-0817.yos
/home/jose/data/satInstances/satProblems/uf20-91/uf20-0818.yos
/home/jose/data/satInstances/satProblems/uf20-91/uf20-0819.yos
/home/jose/data/satInstances/satProblems/uf20-91/uf20-082.yos
/home/jose/data/satInstances/satProblems/uf20-91/uf20-0820.yos
/home/jose/data/satInstances/satProblems/uf20-91/uf20-0821.yos
/home/jose/data/satInstances/satProblems/uf20-91/uf20-0822.yos
/home/jose/data/satInstances/satProblems/uf20-91/uf20-0823.yos
/home/jose/data/satInstances/satProblems/uf20-91/uf20-0824.yos
/home/jose/data/satInstances/satProblems/uf20-91/uf20-0825.yos
/home/jose/data/satInstances/satProblems/uf20-91/uf20-0826.yos
/home/jose/data/satInstances/satProblems/uf20-91/uf20-0827.yos
/home/jose/data/satInstances/satProblems/uf20-91/uf20-0828.yos
/home/jose/data/satInstances/satProblems/uf20-91/uf20-0829.yos
/home/jose/data/satInstances/satProblems/uf20-91/uf20-083.yos
/home/jose/data/satInstances/satProblems/uf20-91/uf20-0830.yos
/home/jose/data/satInstances/satProblems/uf20-91/uf20-0831.yos
/home/jose/data/satInstances/satProblems/uf20-91/uf20-0832.yos
/home/jose/data/satInstances/satProblems/uf20-91/uf20-0833.yos
/home/jose/data/satInstances/satProblems/uf20-91/uf20-0834.yos
/home/jose/data/satInstances/satProblems/uf20-91/uf20-0835.yos
/home/jose/data/satInstances/satProblems/uf20-91/uf20-0836.yos
/home/jose/data/satInstances/satProblems/uf20-91/uf20-0837.yos
/home/jose/data/satInstances/satProblems/uf20-91/uf20-0838.yos
/home/jose/data/satInstances/satProblems/uf20-91/uf20-0839.yos
/home/jose/data/satInstances/satProblems/uf20-91/uf20-084.yos
/home/jose/data/satInstances/satProblems/uf20-91/uf20-0840.yos
/home/jose/data/satInstances/satProblems/uf20-91/uf20-0841.yos
/home/jose/data/satInstances/satProblems/uf20-91/uf20-0842.yos
/home/jose/data/satInstances/satProblems/uf20-91/uf20-0843.yos
/home/jose/data/satInstances/satProblems/uf20-91/uf20-0844.yos
/home/jose/data/satInstances/satProblems/uf20-91/uf20-0845.yos
/home/jose/data/satInstances/satProblems/uf20-91/uf20-0846.yos
/home/jose/data/satInstances/satProblems/uf20-91/uf20-0847.yos
/home/jose/data/satInstances/satProblems/uf20-91/uf20-0848.yos
/home/jose/data/satInstances/satProblems/uf20-91/uf20-0849.yos
/home/jose/data/satInstances/satProblems/uf20-91/uf20-085.yos
/home/jose/data/satInstances/satProblems/uf20-91/uf20-0850.yos
/home/jose/data/satInstances/satProblems/uf20-91/uf20-0851.yos
/home/jose/data/satInstances/satProblems/uf20-91/uf20-0852.yos
/home/jose/data/satInstances/satProblems/uf20-91/uf20-0853.yos
/home/jose/data/satInstances/satProblems/uf20-91/uf20-0854.yos
/home/jose/data/satInstances/satProblems/uf20-91/uf20-0855.yos
/home/jose/data/satInstances/satProblems/uf20-91/uf20-0856.yos
/home/jose/data/satInstances/satProblems/uf20-91/uf20-0857.yos
/home/jose/data/satInstances/satProblems/uf20-91/uf20-0858.yos
/home/jose/data/satInstances/satProblems/uf20-91/uf20-0859.yos
/home/jose/data/satInstances/satProblems/uf20-91/uf20-086.yos
/home/jose/data/satInstances/satProblems/uf20-91/uf20-0860.yos
/home/jose/data/satInstances/satProblems/uf20-91/uf20-0861.yos
/home/jose/data/satInstances/satProblems/uf20-91/uf20-0862.yos
/home/jose/data/satInstances/satProblems/uf20-91/uf20-0863.yos
/home/jose/data/satInstances/satProblems/uf20-91/uf20-0864.yos
/home/jose/data/satInstances/satProblems/uf20-91/uf20-0865.yos
/home/jose/data/satInstances/satProblems/uf20-91/uf20-0866.yos
/home/jose/data/satInstances/satProblems/uf20-91/uf20-0867.yos
/home/jose/data/satInstances/satProblems/uf20-91/uf20-0868.yos
/home/jose/data/satInstances/satProblems/uf20-91/uf20-0869.yos
/home/jose/data/satInstances/satProblems/uf20-91/uf20-087.yos
/home/jose/data/satInstances/satProblems/uf20-91/uf20-0870.yos
/home/jose/data/satInstances/satProblems/uf20-91/uf20-0871.yos
/home/jose/data/satInstances/satProblems/uf20-91/uf20-0872.yos
/home/jose/data/satInstances/satProblems/uf20-91/uf20-0873.yos
/home/jose/data/satInstances/satProblems/uf20-91/uf20-0874.yos
/home/jose/data/satInstances/satProblems/uf20-91/uf20-0875.yos
/home/jose/data/satInstances/satProblems/uf20-91/uf20-0876.yos
/home/jose/data/satInstances/satProblems/uf20-91/uf20-0877.yos
/home/jose/data/satInstances/satProblems/uf20-91/uf20-0878.yos
/home/jose/data/satInstances/satProblems/uf20-91/uf20-0879.yos
/home/jose/data/satInstances/satProblems/uf20-91/uf20-088.yos
/home/jose/data/satInstances/satProblems/uf20-91/uf20-0880.yos
/home/jose/data/satInstances/satProblems/uf20-91/uf20-0881.yos
/home/jose/data/satInstances/satProblems/uf20-91/uf20-0882.yos
/home/jose/data/satInstances/satProblems/uf20-91/uf20-0883.yos
/home/jose/data/satInstances/satProblems/uf20-91/uf20-0884.yos
/home/jose/data/satInstances/satProblems/uf20-91/uf20-0885.yos
/home/jose/data/satInstances/satProblems/uf20-91/uf20-0886.yos
/home/jose/data/satInstances/satProblems/uf20-91/uf20-0887.yos
/home/jose/data/satInstances/satProblems/uf20-91/uf20-0888.yos
/home/jose/data/satInstances/satProblems/uf20-91/uf20-0889.yos
/home/jose/data/satInstances/satProblems/uf20-91/uf20-089.yos
/home/jose/data/satInstances/satProblems/uf20-91/uf20-0890.yos
/home/jose/data/satInstances/satProblems/uf20-91/uf20-0891.yos
/home/jose/data/satInstances/satProblems/uf20-91/uf20-0892.yos
/home/jose/data/satInstances/satProblems/uf20-91/uf20-0893.yos
/home/jose/data/satInstances/satProblems/uf20-91/uf20-0894.yos
/home/jose/data/satInstances/satProblems/uf20-91/uf20-0895.yos
/home/jose/data/satInstances/satProblems/uf20-91/uf20-0896.yos
/home/jose/data/satInstances/satProblems/uf20-91/uf20-0897.yos
/home/jose/data/satInstances/satProblems/uf20-91/uf20-0898.yos
/home/jose/data/satInstances/satProblems/uf20-91/uf20-0899.yos
/home/jose/data/satInstances/satProblems/uf20-91/uf20-09.yos
/home/jose/data/satInstances/satProblems/uf20-91/uf20-090.yos
/home/jose/data/satInstances/satProblems/uf20-91/uf20-0900.yos
/home/jose/data/satInstances/satProblems/uf20-91/uf20-0901.yos
/home/jose/data/satInstances/satProblems/uf20-91/uf20-0902.yos
/home/jose/data/satInstances/satProblems/uf20-91/uf20-0903.yos
/home/jose/data/satInstances/satProblems/uf20-91/uf20-0904.yos
/home/jose/data/satInstances/satProblems/uf20-91/uf20-0905.yos
/home/jose/data/satInstances/satProblems/uf20-91/uf20-0906.yos
/home/jose/data/satInstances/satProblems/uf20-91/uf20-0907.yos
/home/jose/data/satInstances/satProblems/uf20-91/uf20-0908.yos
/home/jose/data/satInstances/satProblems/uf20-91/uf20-0909.yos
/home/jose/data/satInstances/satProblems/uf20-91/uf20-091.yos
/home/jose/data/satInstances/satProblems/uf20-91/uf20-0910.yos
/home/jose/data/satInstances/satProblems/uf20-91/uf20-0911.yos
/home/jose/data/satInstances/satProblems/uf20-91/uf20-0912.yos
/home/jose/data/satInstances/satProblems/uf20-91/uf20-0913.yos
/home/jose/data/satInstances/satProblems/uf20-91/uf20-0914.yos
/home/jose/data/satInstances/satProblems/uf20-91/uf20-0915.yos
/home/jose/data/satInstances/satProblems/uf20-91/uf20-0916.yos
/home/jose/data/satInstances/satProblems/uf20-91/uf20-0917.yos
/home/jose/data/satInstances/satProblems/uf20-91/uf20-0918.yos
/home/jose/data/satInstances/satProblems/uf20-91/uf20-0919.yos
/home/jose/data/satInstances/satProblems/uf20-91/uf20-092.yos
/home/jose/data/satInstances/satProblems/uf20-91/uf20-0920.yos
/home/jose/data/satInstances/satProblems/uf20-91/uf20-0921.yos
/home/jose/data/satInstances/satProblems/uf20-91/uf20-0922.yos
/home/jose/data/satInstances/satProblems/uf20-91/uf20-0923.yos
/home/jose/data/satInstances/satProblems/uf20-91/uf20-0924.yos
/home/jose/data/satInstances/satProblems/uf20-91/uf20-0925.yos
/home/jose/data/satInstances/satProblems/uf20-91/uf20-0926.yos
/home/jose/data/satInstances/satProblems/uf20-91/uf20-0927.yos
/home/jose/data/satInstances/satProblems/uf20-91/uf20-0928.yos
/home/jose/data/satInstances/satProblems/uf20-91/uf20-0929.yos
/home/jose/data/satInstances/satProblems/uf20-91/uf20-093.yos
/home/jose/data/satInstances/satProblems/uf20-91/uf20-0930.yos
/home/jose/data/satInstances/satProblems/uf20-91/uf20-0931.yos
/home/jose/data/satInstances/satProblems/uf20-91/uf20-0932.yos
/home/jose/data/satInstances/satProblems/uf20-91/uf20-0933.yos
/home/jose/data/satInstances/satProblems/uf20-91/uf20-0934.yos
/home/jose/data/satInstances/satProblems/uf20-91/uf20-0935.yos
/home/jose/data/satInstances/satProblems/uf20-91/uf20-0936.yos
/home/jose/data/satInstances/satProblems/uf20-91/uf20-0937.yos
/home/jose/data/satInstances/satProblems/uf20-91/uf20-0938.yos
/home/jose/data/satInstances/satProblems/uf20-91/uf20-0939.yos
/home/jose/data/satInstances/satProblems/uf20-91/uf20-094.yos
/home/jose/data/satInstances/satProblems/uf20-91/uf20-0940.yos
/home/jose/data/satInstances/satProblems/uf20-91/uf20-0941.yos
/home/jose/data/satInstances/satProblems/uf20-91/uf20-0942.yos
/home/jose/data/satInstances/satProblems/uf20-91/uf20-0943.yos
/home/jose/data/satInstances/satProblems/uf20-91/uf20-0944.yos
/home/jose/data/satInstances/satProblems/uf20-91/uf20-0945.yos
/home/jose/data/satInstances/satProblems/uf20-91/uf20-0946.yos
/home/jose/data/satInstances/satProblems/uf20-91/uf20-0947.yos
/home/jose/data/satInstances/satProblems/uf20-91/uf20-0948.yos
/home/jose/data/satInstances/satProblems/uf20-91/uf20-0949.yos
/home/jose/data/satInstances/satProblems/uf20-91/uf20-095.yos
/home/jose/data/satInstances/satProblems/uf20-91/uf20-0950.yos
/home/jose/data/satInstances/satProblems/uf20-91/uf20-0951.yos
/home/jose/data/satInstances/satProblems/uf20-91/uf20-0952.yos
/home/jose/data/satInstances/satProblems/uf20-91/uf20-0953.yos
/home/jose/data/satInstances/satProblems/uf20-91/uf20-0954.yos
/home/jose/data/satInstances/satProblems/uf20-91/uf20-0955.yos
/home/jose/data/satInstances/satProblems/uf20-91/uf20-0956.yos
/home/jose/data/satInstances/satProblems/uf20-91/uf20-0957.yos
/home/jose/data/satInstances/satProblems/uf20-91/uf20-0958.yos
/home/jose/data/satInstances/satProblems/uf20-91/uf20-0959.yos
/home/jose/data/satInstances/satProblems/uf20-91/uf20-096.yos
/home/jose/data/satInstances/satProblems/uf20-91/uf20-0960.yos
/home/jose/data/satInstances/satProblems/uf20-91/uf20-0961.yos
/home/jose/data/satInstances/satProblems/uf20-91/uf20-0962.yos
/home/jose/data/satInstances/satProblems/uf20-91/uf20-0963.yos
/home/jose/data/satInstances/satProblems/uf20-91/uf20-0964.yos
/home/jose/data/satInstances/satProblems/uf20-91/uf20-0965.yos
/home/jose/data/satInstances/satProblems/uf20-91/uf20-0966.yos
/home/jose/data/satInstances/satProblems/uf20-91/uf20-0967.yos
/home/jose/data/satInstances/satProblems/uf20-91/uf20-0968.yos
/home/jose/data/satInstances/satProblems/uf20-91/uf20-0969.yos
/home/jose/data/satInstances/satProblems/uf20-91/uf20-097.yos
/home/jose/data/satInstances/satProblems/uf20-91/uf20-0970.yos
/home/jose/data/satInstances/satProblems/uf20-91/uf20-0971.yos
/home/jose/data/satInstances/satProblems/uf20-91/uf20-0972.yos
/home/jose/data/satInstances/satProblems/uf20-91/uf20-0973.yos
/home/jose/data/satInstances/satProblems/uf20-91/uf20-0974.yos
/home/jose/data/satInstances/satProblems/uf20-91/uf20-0975.yos
/home/jose/data/satInstances/satProblems/uf20-91/uf20-0976.yos
/home/jose/data/satInstances/satProblems/uf20-91/uf20-0977.yos
/home/jose/data/satInstances/satProblems/uf20-91/uf20-0978.yos
/home/jose/data/satInstances/satProblems/uf20-91/uf20-0979.yos
/home/jose/data/satInstances/satProblems/uf20-91/uf20-098.yos
/home/jose/data/satInstances/satProblems/uf20-91/uf20-0980.yos
/home/jose/data/satInstances/satProblems/uf20-91/uf20-0981.yos
/home/jose/data/satInstances/satProblems/uf20-91/uf20-0982.yos
/home/jose/data/satInstances/satProblems/uf20-91/uf20-0983.yos
/home/jose/data/satInstances/satProblems/uf20-91/uf20-0984.yos
/home/jose/data/satInstances/satProblems/uf20-91/uf20-0985.yos
/home/jose/data/satInstances/satProblems/uf20-91/uf20-0986.yos
/home/jose/data/satInstances/satProblems/uf20-91/uf20-0987.yos
/home/jose/data/satInstances/satProblems/uf20-91/uf20-0988.yos
/home/jose/data/satInstances/satProblems/uf20-91/uf20-0989.yos
/home/jose/data/satInstances/satProblems/uf20-91/uf20-099.yos
/home/jose/data/satInstances/satProblems/uf20-91/uf20-0990.yos
/home/jose/data/satInstances/satProblems/uf20-91/uf20-0991.yos
/home/jose/data/satInstances/satProblems/uf20-91/uf20-0992.yos
/home/jose/data/satInstances/satProblems/uf20-91/uf20-0993.yos
/home/jose/data/satInstances/satProblems/uf20-91/uf20-0994.yos
/home/jose/data/satInstances/satProblems/uf20-91/uf20-0995.yos
