/home/jose/datos/satInstances/semi_pg/pg3/h3_01.yos
/home/jose/datos/satInstances/semi_pg/pg3/h3_02.yos
/home/jose/datos/satInstances/semi_pg/pg3/h3_03.yos
/home/jose/datos/satInstances/semi_pg/pg3/h3_04.yos
/home/jose/datos/satInstances/semi_pg/pg3/h3_05.yos
/home/jose/datos/satInstances/semi_pg/pg3/h3_06.yos
/home/jose/datos/satInstances/semi_pg/pg3/h3_07.yos
/home/jose/datos/satInstances/semi_pg/pg3/h3_08.yos
/home/jose/datos/satInstances/semi_pg/pg3/h3_09.yos
/home/jose/datos/satInstances/semi_pg/pg3/h3_10.yos
/home/jose/datos/satInstances/semi_pg/pg3/h3_11.yos
/home/jose/datos/satInstances/semi_pg/pg3/h3_12.yos
/home/jose/datos/satInstances/semi_pg/pg3/h3_13.yos
/home/jose/datos/satInstances/semi_pg/pg3/h3_14.yos
/home/jose/datos/satInstances/semi_pg/pg3/h3_15.yos
/home/jose/datos/satInstances/semi_pg/pg3/h3_16.yos
/home/jose/datos/satInstances/semi_pg/pg3/h3_17.yos
/home/jose/datos/satInstances/semi_pg/pg3/h3_18.yos
/home/jose/datos/satInstances/semi_pg/pg3/h3_19.yos
/home/jose/datos/satInstances/semi_pg/pg3/h3_20.yos
/home/jose/datos/satInstances/semi_pg/pg3/h3_21.yos
/home/jose/datos/satInstances/semi_pg/pg3/p3_01.yos
/home/jose/datos/satInstances/semi_pg/pg3/p3_02.yos
/home/jose/datos/satInstances/semi_pg/pg3/p3_03.yos
/home/jose/datos/satInstances/semi_pg/pg3/p3_04.yos
/home/jose/datos/satInstances/semi_pg/pg3/p3_05.yos
/home/jose/datos/satInstances/semi_pg/pg3/p3_06.yos
/home/jose/datos/satInstances/semi_pg/pg3/p3_07.yos
/home/jose/datos/satInstances/semi_pg/pg3/p3_08.yos
/home/jose/datos/satInstances/semi_pg/pg3/p3_09.yos
/home/jose/datos/satInstances/semi_pg/pg3/p3_10.yos
/home/jose/datos/satInstances/semi_pg/pg3/p3_11.yos
/home/jose/datos/satInstances/semi_pg/pg3/p3_12.yos
/home/jose/datos/satInstances/semi_pg/pg3/p3_13.yos
/home/jose/datos/satInstances/semi_pg/pg3/p3_14.yos
/home/jose/datos/satInstances/semi_pg/pg3/p3_15.yos
/home/jose/datos/satInstances/semi_pg/pg3/p3_16.yos
/home/jose/datos/satInstances/semi_pg/pg3/p3_17.yos
/home/jose/datos/satInstances/semi_pg/pg3/p3_18.yos
/home/jose/datos/satInstances/semi_pg/pg3/p3_19.yos
/home/jose/datos/satInstances/semi_pg/pg3/p3_20.yos
/home/jose/datos/satInstances/semi_pg/pg3/p3_21.yos
