/home/jose/datos/satInstances/semi_pg/pg4/h4_01.yos
/home/jose/datos/satInstances/semi_pg/pg4/h4_02.yos
/home/jose/datos/satInstances/semi_pg/pg4/h4_03.yos
/home/jose/datos/satInstances/semi_pg/pg4/h4_04.yos
/home/jose/datos/satInstances/semi_pg/pg4/h4_05.yos
/home/jose/datos/satInstances/semi_pg/pg4/h4_06.yos
/home/jose/datos/satInstances/semi_pg/pg4/h4_07.yos
/home/jose/datos/satInstances/semi_pg/pg4/h4_08.yos
/home/jose/datos/satInstances/semi_pg/pg4/h4_09.yos
/home/jose/datos/satInstances/semi_pg/pg4/h4_10.yos
/home/jose/datos/satInstances/semi_pg/pg4/h4_11.yos
/home/jose/datos/satInstances/semi_pg/pg4/h4_12.yos
/home/jose/datos/satInstances/semi_pg/pg4/h4_13.yos
/home/jose/datos/satInstances/semi_pg/pg4/h4_14.yos
/home/jose/datos/satInstances/semi_pg/pg4/h4_15.yos
/home/jose/datos/satInstances/semi_pg/pg4/h4_16.yos
/home/jose/datos/satInstances/semi_pg/pg4/h4_17.yos
/home/jose/datos/satInstances/semi_pg/pg4/h4_18.yos
/home/jose/datos/satInstances/semi_pg/pg4/h4_19.yos
/home/jose/datos/satInstances/semi_pg/pg4/h4_20.yos
/home/jose/datos/satInstances/semi_pg/pg4/h4_21.yos
/home/jose/datos/satInstances/semi_pg/pg4/h4_22.yos
/home/jose/datos/satInstances/semi_pg/pg4/h4_23.yos
/home/jose/datos/satInstances/semi_pg/pg4/h4_24.yos
/home/jose/datos/satInstances/semi_pg/pg4/h4_25.yos
/home/jose/datos/satInstances/semi_pg/pg4/h4_26.yos
/home/jose/datos/satInstances/semi_pg/pg4/h4_27.yos
/home/jose/datos/satInstances/semi_pg/pg4/h4_28.yos
/home/jose/datos/satInstances/semi_pg/pg4/h4_29.yos
/home/jose/datos/satInstances/semi_pg/pg4/h4_30.yos
/home/jose/datos/satInstances/semi_pg/pg4/h4_31.yos
/home/jose/datos/satInstances/semi_pg/pg4/h4_32.yos
/home/jose/datos/satInstances/semi_pg/pg4/h4_33.yos
/home/jose/datos/satInstances/semi_pg/pg4/h4_34.yos
/home/jose/datos/satInstances/semi_pg/pg4/h4_35.yos
/home/jose/datos/satInstances/semi_pg/pg4/h4_36.yos
/home/jose/datos/satInstances/semi_pg/pg4/h4_37.yos
/home/jose/datos/satInstances/semi_pg/pg4/h4_38.yos
/home/jose/datos/satInstances/semi_pg/pg4/h4_39.yos
/home/jose/datos/satInstances/semi_pg/pg4/h4_40.yos
/home/jose/datos/satInstances/semi_pg/pg4/h4_41.yos
/home/jose/datos/satInstances/semi_pg/pg4/h4_42.yos
/home/jose/datos/satInstances/semi_pg/pg4/h4_43.yos
/home/jose/datos/satInstances/semi_pg/pg4/h4_44.yos
/home/jose/datos/satInstances/semi_pg/pg4/p4_01.yos
/home/jose/datos/satInstances/semi_pg/pg4/p4_02.yos
/home/jose/datos/satInstances/semi_pg/pg4/p4_03.yos
/home/jose/datos/satInstances/semi_pg/pg4/p4_04.yos
/home/jose/datos/satInstances/semi_pg/pg4/p4_05.yos
/home/jose/datos/satInstances/semi_pg/pg4/p4_06.yos
/home/jose/datos/satInstances/semi_pg/pg4/p4_07.yos
/home/jose/datos/satInstances/semi_pg/pg4/p4_08.yos
/home/jose/datos/satInstances/semi_pg/pg4/p4_09.yos
/home/jose/datos/satInstances/semi_pg/pg4/p4_10.yos
/home/jose/datos/satInstances/semi_pg/pg4/p4_11.yos
/home/jose/datos/satInstances/semi_pg/pg4/p4_12.yos
/home/jose/datos/satInstances/semi_pg/pg4/p4_13.yos
/home/jose/datos/satInstances/semi_pg/pg4/p4_14.yos
/home/jose/datos/satInstances/semi_pg/pg4/p4_15.yos
/home/jose/datos/satInstances/semi_pg/pg4/p4_16.yos
/home/jose/datos/satInstances/semi_pg/pg4/p4_17.yos
/home/jose/datos/satInstances/semi_pg/pg4/p4_18.yos
/home/jose/datos/satInstances/semi_pg/pg4/p4_19.yos
/home/jose/datos/satInstances/semi_pg/pg4/p4_20.yos
/home/jose/datos/satInstances/semi_pg/pg4/p4_21.yos
/home/jose/datos/satInstances/semi_pg/pg4/p4_22.yos
/home/jose/datos/satInstances/semi_pg/pg4/p4_23.yos
/home/jose/datos/satInstances/semi_pg/pg4/p4_24.yos
/home/jose/datos/satInstances/semi_pg/pg4/p4_25.yos
/home/jose/datos/satInstances/semi_pg/pg4/p4_26.yos
/home/jose/datos/satInstances/semi_pg/pg4/p4_27.yos
/home/jose/datos/satInstances/semi_pg/pg4/p4_28.yos
/home/jose/datos/satInstances/semi_pg/pg4/p4_29.yos
/home/jose/datos/satInstances/semi_pg/pg4/p4_30.yos
/home/jose/datos/satInstances/semi_pg/pg4/p4_31.yos
/home/jose/datos/satInstances/semi_pg/pg4/p4_32.yos
/home/jose/datos/satInstances/semi_pg/pg4/p4_33.yos
/home/jose/datos/satInstances/semi_pg/pg4/p4_34.yos
/home/jose/datos/satInstances/semi_pg/pg4/p4_35.yos
/home/jose/datos/satInstances/semi_pg/pg4/p4_36.yos
/home/jose/datos/satInstances/semi_pg/pg4/p4_37.yos
/home/jose/datos/satInstances/semi_pg/pg4/p4_38.yos
/home/jose/datos/satInstances/semi_pg/pg4/p4_39.yos
/home/jose/datos/satInstances/semi_pg/pg4/p4_40.yos
/home/jose/datos/satInstances/semi_pg/pg4/p4_41.yos
/home/jose/datos/satInstances/semi_pg/pg4/p4_42.yos
/home/jose/datos/satInstances/semi_pg/pg4/p4_43.yos
/home/jose/datos/satInstances/semi_pg/pg4/p4_44.yos
