/home/jose/datos/satInstances/semi_pg/pg5/h5_01.yos
/home/jose/datos/satInstances/semi_pg/pg5/h5_02.yos
/home/jose/datos/satInstances/semi_pg/pg5/h5_03.yos
/home/jose/datos/satInstances/semi_pg/pg5/h5_04.yos
/home/jose/datos/satInstances/semi_pg/pg5/h5_05.yos
/home/jose/datos/satInstances/semi_pg/pg5/h5_06.yos
/home/jose/datos/satInstances/semi_pg/pg5/h5_07.yos
/home/jose/datos/satInstances/semi_pg/pg5/h5_08.yos
/home/jose/datos/satInstances/semi_pg/pg5/h5_09.yos
/home/jose/datos/satInstances/semi_pg/pg5/h5_10.yos
/home/jose/datos/satInstances/semi_pg/pg5/h5_11.yos
/home/jose/datos/satInstances/semi_pg/pg5/h5_12.yos
/home/jose/datos/satInstances/semi_pg/pg5/h5_13.yos
/home/jose/datos/satInstances/semi_pg/pg5/h5_14.yos
/home/jose/datos/satInstances/semi_pg/pg5/h5_15.yos
/home/jose/datos/satInstances/semi_pg/pg5/h5_16.yos
/home/jose/datos/satInstances/semi_pg/pg5/h5_17.yos
/home/jose/datos/satInstances/semi_pg/pg5/h5_18.yos
/home/jose/datos/satInstances/semi_pg/pg5/h5_19.yos
/home/jose/datos/satInstances/semi_pg/pg5/h5_20.yos
/home/jose/datos/satInstances/semi_pg/pg5/h5_21.yos
/home/jose/datos/satInstances/semi_pg/pg5/h5_22.yos
/home/jose/datos/satInstances/semi_pg/pg5/h5_23.yos
/home/jose/datos/satInstances/semi_pg/pg5/h5_24.yos
/home/jose/datos/satInstances/semi_pg/pg5/h5_25.yos
/home/jose/datos/satInstances/semi_pg/pg5/h5_26.yos
/home/jose/datos/satInstances/semi_pg/pg5/h5_27.yos
/home/jose/datos/satInstances/semi_pg/pg5/h5_28.yos
/home/jose/datos/satInstances/semi_pg/pg5/h5_29.yos
/home/jose/datos/satInstances/semi_pg/pg5/h5_30.yos
/home/jose/datos/satInstances/semi_pg/pg5/h5_31.yos
/home/jose/datos/satInstances/semi_pg/pg5/h5_32.yos
/home/jose/datos/satInstances/semi_pg/pg5/h5_33.yos
/home/jose/datos/satInstances/semi_pg/pg5/h5_34.yos
/home/jose/datos/satInstances/semi_pg/pg5/h5_35.yos
/home/jose/datos/satInstances/semi_pg/pg5/h5_36.yos
/home/jose/datos/satInstances/semi_pg/pg5/h5_37.yos
/home/jose/datos/satInstances/semi_pg/pg5/h5_38.yos
/home/jose/datos/satInstances/semi_pg/pg5/h5_39.yos
/home/jose/datos/satInstances/semi_pg/pg5/h5_40.yos
/home/jose/datos/satInstances/semi_pg/pg5/h5_41.yos
/home/jose/datos/satInstances/semi_pg/pg5/h5_42.yos
/home/jose/datos/satInstances/semi_pg/pg5/h5_43.yos
/home/jose/datos/satInstances/semi_pg/pg5/h5_44.yos
/home/jose/datos/satInstances/semi_pg/pg5/h5_45.yos
/home/jose/datos/satInstances/semi_pg/pg5/h5_46.yos
/home/jose/datos/satInstances/semi_pg/pg5/h5_47.yos
/home/jose/datos/satInstances/semi_pg/pg5/h5_48.yos
/home/jose/datos/satInstances/semi_pg/pg5/h5_49.yos
/home/jose/datos/satInstances/semi_pg/pg5/h5_50.yos
/home/jose/datos/satInstances/semi_pg/pg5/h5_51.yos
/home/jose/datos/satInstances/semi_pg/pg5/h5_52.yos
/home/jose/datos/satInstances/semi_pg/pg5/h5_53.yos
/home/jose/datos/satInstances/semi_pg/pg5/h5_54.yos
/home/jose/datos/satInstances/semi_pg/pg5/h5_55.yos
/home/jose/datos/satInstances/semi_pg/pg5/h5_56.yos
/home/jose/datos/satInstances/semi_pg/pg5/h5_57.yos
/home/jose/datos/satInstances/semi_pg/pg5/h5_58.yos
/home/jose/datos/satInstances/semi_pg/pg5/h5_59.yos
/home/jose/datos/satInstances/semi_pg/pg5/h5_60.yos
/home/jose/datos/satInstances/semi_pg/pg5/h5_61.yos
/home/jose/datos/satInstances/semi_pg/pg5/h5_62.yos
/home/jose/datos/satInstances/semi_pg/pg5/h5_63.yos
/home/jose/datos/satInstances/semi_pg/pg5/h5_64.yos
/home/jose/datos/satInstances/semi_pg/pg5/h5_65.yos
/home/jose/datos/satInstances/semi_pg/pg5/h5_66.yos
/home/jose/datos/satInstances/semi_pg/pg5/h5_67.yos
/home/jose/datos/satInstances/semi_pg/pg5/h5_68.yos
/home/jose/datos/satInstances/semi_pg/pg5/h5_69.yos
/home/jose/datos/satInstances/semi_pg/pg5/h5_70.yos
/home/jose/datos/satInstances/semi_pg/pg5/h5_71.yos
/home/jose/datos/satInstances/semi_pg/pg5/h5_72.yos
/home/jose/datos/satInstances/semi_pg/pg5/h5_73.yos
/home/jose/datos/satInstances/semi_pg/pg5/h5_74.yos
/home/jose/datos/satInstances/semi_pg/pg5/h5_75.yos
/home/jose/datos/satInstances/semi_pg/pg5/h5_76.yos
/home/jose/datos/satInstances/semi_pg/pg5/h5_77.yos
/home/jose/datos/satInstances/semi_pg/pg5/h5_78.yos
/home/jose/datos/satInstances/semi_pg/pg5/h5_79.yos
/home/jose/datos/satInstances/semi_pg/pg5/h5_80.yos
/home/jose/datos/satInstances/semi_pg/pg5/p5_01.yos
/home/jose/datos/satInstances/semi_pg/pg5/p5_02.yos
/home/jose/datos/satInstances/semi_pg/pg5/p5_03.yos
/home/jose/datos/satInstances/semi_pg/pg5/p5_04.yos
/home/jose/datos/satInstances/semi_pg/pg5/p5_05.yos
/home/jose/datos/satInstances/semi_pg/pg5/p5_06.yos
/home/jose/datos/satInstances/semi_pg/pg5/p5_07.yos
/home/jose/datos/satInstances/semi_pg/pg5/p5_08.yos
/home/jose/datos/satInstances/semi_pg/pg5/p5_09.yos
/home/jose/datos/satInstances/semi_pg/pg5/p5_10.yos
/home/jose/datos/satInstances/semi_pg/pg5/p5_11.yos
/home/jose/datos/satInstances/semi_pg/pg5/p5_12.yos
/home/jose/datos/satInstances/semi_pg/pg5/p5_13.yos
/home/jose/datos/satInstances/semi_pg/pg5/p5_14.yos
/home/jose/datos/satInstances/semi_pg/pg5/p5_15.yos
/home/jose/datos/satInstances/semi_pg/pg5/p5_16.yos
/home/jose/datos/satInstances/semi_pg/pg5/p5_17.yos
/home/jose/datos/satInstances/semi_pg/pg5/p5_18.yos
/home/jose/datos/satInstances/semi_pg/pg5/p5_19.yos
/home/jose/datos/satInstances/semi_pg/pg5/p5_20.yos
/home/jose/datos/satInstances/semi_pg/pg5/p5_21.yos
/home/jose/datos/satInstances/semi_pg/pg5/p5_22.yos
/home/jose/datos/satInstances/semi_pg/pg5/p5_23.yos
/home/jose/datos/satInstances/semi_pg/pg5/p5_24.yos
/home/jose/datos/satInstances/semi_pg/pg5/p5_25.yos
/home/jose/datos/satInstances/semi_pg/pg5/p5_26.yos
/home/jose/datos/satInstances/semi_pg/pg5/p5_27.yos
/home/jose/datos/satInstances/semi_pg/pg5/p5_28.yos
/home/jose/datos/satInstances/semi_pg/pg5/p5_29.yos
/home/jose/datos/satInstances/semi_pg/pg5/p5_30.yos
/home/jose/datos/satInstances/semi_pg/pg5/p5_31.yos
/home/jose/datos/satInstances/semi_pg/pg5/p5_32.yos
/home/jose/datos/satInstances/semi_pg/pg5/p5_33.yos
/home/jose/datos/satInstances/semi_pg/pg5/p5_34.yos
/home/jose/datos/satInstances/semi_pg/pg5/p5_35.yos
/home/jose/datos/satInstances/semi_pg/pg5/p5_36.yos
/home/jose/datos/satInstances/semi_pg/pg5/p5_37.yos
/home/jose/datos/satInstances/semi_pg/pg5/p5_38.yos
/home/jose/datos/satInstances/semi_pg/pg5/p5_39.yos
/home/jose/datos/satInstances/semi_pg/pg5/p5_40.yos
/home/jose/datos/satInstances/semi_pg/pg5/p5_41.yos
/home/jose/datos/satInstances/semi_pg/pg5/p5_42.yos
/home/jose/datos/satInstances/semi_pg/pg5/p5_43.yos
/home/jose/datos/satInstances/semi_pg/pg5/p5_44.yos
/home/jose/datos/satInstances/semi_pg/pg5/p5_45.yos
/home/jose/datos/satInstances/semi_pg/pg5/p5_46.yos
/home/jose/datos/satInstances/semi_pg/pg5/p5_47.yos
/home/jose/datos/satInstances/semi_pg/pg5/p5_48.yos
/home/jose/datos/satInstances/semi_pg/pg5/p5_49.yos
/home/jose/datos/satInstances/semi_pg/pg5/p5_50.yos
/home/jose/datos/satInstances/semi_pg/pg5/p5_51.yos
/home/jose/datos/satInstances/semi_pg/pg5/p5_52.yos
/home/jose/datos/satInstances/semi_pg/pg5/p5_53.yos
/home/jose/datos/satInstances/semi_pg/pg5/p5_54.yos
/home/jose/datos/satInstances/semi_pg/pg5/p5_55.yos
/home/jose/datos/satInstances/semi_pg/pg5/p5_56.yos
/home/jose/datos/satInstances/semi_pg/pg5/p5_57.yos
/home/jose/datos/satInstances/semi_pg/pg5/p5_58.yos
/home/jose/datos/satInstances/semi_pg/pg5/p5_59.yos
/home/jose/datos/satInstances/semi_pg/pg5/p5_60.yos
/home/jose/datos/satInstances/semi_pg/pg5/p5_61.yos
/home/jose/datos/satInstances/semi_pg/pg5/p5_62.yos
/home/jose/datos/satInstances/semi_pg/pg5/p5_63.yos
/home/jose/datos/satInstances/semi_pg/pg5/p5_64.yos
/home/jose/datos/satInstances/semi_pg/pg5/p5_65.yos
/home/jose/datos/satInstances/semi_pg/pg5/p5_66.yos
/home/jose/datos/satInstances/semi_pg/pg5/p5_67.yos
/home/jose/datos/satInstances/semi_pg/pg5/p5_68.yos
/home/jose/datos/satInstances/semi_pg/pg5/p5_69.yos
/home/jose/datos/satInstances/semi_pg/pg5/p5_70.yos
/home/jose/datos/satInstances/semi_pg/pg5/p5_71.yos
/home/jose/datos/satInstances/semi_pg/pg5/p5_72.yos
/home/jose/datos/satInstances/semi_pg/pg5/p5_73.yos
/home/jose/datos/satInstances/semi_pg/pg5/p5_74.yos
/home/jose/datos/satInstances/semi_pg/pg5/p5_75.yos
/home/jose/datos/satInstances/semi_pg/pg5/p5_76.yos
/home/jose/datos/satInstances/semi_pg/pg5/p5_77.yos
/home/jose/datos/satInstances/semi_pg/pg5/p5_78.yos
/home/jose/datos/satInstances/semi_pg/pg5/p5_79.yos
/home/jose/datos/satInstances/semi_pg/pg5/p5_80.yos
