/home/jose/data/satInstances/satProblems/uf20-91/uf20-0996.yos
/home/jose/data/satInstances/satProblems/uf20-91/uf20-0997.yos
/home/jose/data/satInstances/satProblems/uf20-91/uf20-0998.yos
/home/jose/data/satInstances/satProblems/uf20-91/uf20-0999.yos
/home/jose/data/satInstances/satProblems/aim/aim-50-2_0-yes1-2.yos
/home/jose/data/satInstances/satProblems/aim/aim-50-2_0-yes1-4.yos
/home/jose/data/satInstances/satProblems/aim/aim-50-2_0-yes1-1.yos
/home/jose/data/satInstances/satProblems/aim/aim-50-2_0-yes1-3.yos
/home/jose/data/satInstances/satProblems/inference/ii8a1.yos
/home/jose/data/satInstances/satProblems/aim/aim-100-1_6-yes1-1.yos
/home/jose/data/satInstances/satProblems/aim/aim-100-1_6-yes1-2.yos
/home/jose/data/satInstances/satProblems/aim/aim-100-1_6-yes1-3.yos
/home/jose/data/satInstances/satProblems/aim/aim-100-1_6-yes1-4.yos
/home/jose/data/satInstances/satProblems/aim/aim-50-3_4-yes1-4.yos
/home/jose/data/satInstances/satProblems/aim/aim-50-3_4-yes1-1.yos
/home/jose/data/satInstances/satProblems/aim/aim-50-3_4-yes1-2.yos
/home/jose/data/satInstances/satProblems/aim/aim-50-3_4-yes1-3.yos
/home/jose/data/satInstances/satProblems/blocksworld/anomaly.yos
/home/jose/data/satInstances/satProblems/aim/aim-100-2_0-yes1-2.yos
/home/jose/data/satInstances/satProblems/aim/aim-100-2_0-yes1-1.yos
/home/jose/data/satInstances/satProblems/aim/aim-100-2_0-yes1-3.yos
/home/jose/data/satInstances/satProblems/aim/aim-100-2_0-yes1-4.yos
/home/jose/data/satInstances/satProblems/flat30-60/flat30-1.yos
/home/jose/data/satInstances/satProblems/flat30-60/flat30-10.yos
/home/jose/data/satInstances/satProblems/flat30-60/flat30-100.yos
/home/jose/data/satInstances/satProblems/flat30-60/flat30-11.yos
/home/jose/data/satInstances/satProblems/flat30-60/flat30-12.yos
/home/jose/data/satInstances/satProblems/flat30-60/flat30-13.yos
/home/jose/data/satInstances/satProblems/flat30-60/flat30-14.yos
/home/jose/data/satInstances/satProblems/flat30-60/flat30-15.yos
/home/jose/data/satInstances/satProblems/flat30-60/flat30-16.yos
/home/jose/data/satInstances/satProblems/flat30-60/flat30-17.yos
/home/jose/data/satInstances/satProblems/flat30-60/flat30-18.yos
/home/jose/data/satInstances/satProblems/flat30-60/flat30-19.yos
/home/jose/data/satInstances/satProblems/flat30-60/flat30-2.yos
/home/jose/data/satInstances/satProblems/flat30-60/flat30-20.yos
/home/jose/data/satInstances/satProblems/flat30-60/flat30-21.yos
/home/jose/data/satInstances/satProblems/flat30-60/flat30-22.yos
/home/jose/data/satInstances/satProblems/flat30-60/flat30-23.yos
/home/jose/data/satInstances/satProblems/flat30-60/flat30-24.yos
/home/jose/data/satInstances/satProblems/flat30-60/flat30-25.yos
/home/jose/data/satInstances/satProblems/flat30-60/flat30-26.yos
/home/jose/data/satInstances/satProblems/flat30-60/flat30-27.yos
/home/jose/data/satInstances/satProblems/flat30-60/flat30-28.yos
/home/jose/data/satInstances/satProblems/flat30-60/flat30-29.yos
/home/jose/data/satInstances/satProblems/flat30-60/flat30-3.yos
/home/jose/data/satInstances/satProblems/flat30-60/flat30-30.yos
/home/jose/data/satInstances/satProblems/flat30-60/flat30-31.yos
/home/jose/data/satInstances/satProblems/flat30-60/flat30-32.yos
/home/jose/data/satInstances/satProblems/flat30-60/flat30-33.yos
/home/jose/data/satInstances/satProblems/flat30-60/flat30-34.yos
/home/jose/data/satInstances/satProblems/flat30-60/flat30-35.yos
/home/jose/data/satInstances/satProblems/flat30-60/flat30-36.yos
/home/jose/data/satInstances/satProblems/flat30-60/flat30-37.yos
/home/jose/data/satInstances/satProblems/flat30-60/flat30-38.yos
/home/jose/data/satInstances/satProblems/flat30-60/flat30-39.yos
/home/jose/data/satInstances/satProblems/flat30-60/flat30-4.yos
/home/jose/data/satInstances/satProblems/flat30-60/flat30-40.yos
/home/jose/data/satInstances/satProblems/flat30-60/flat30-41.yos
/home/jose/data/satInstances/satProblems/flat30-60/flat30-42.yos
/home/jose/data/satInstances/satProblems/flat30-60/flat30-43.yos
/home/jose/data/satInstances/satProblems/flat30-60/flat30-44.yos
/home/jose/data/satInstances/satProblems/flat30-60/flat30-45.yos
/home/jose/data/satInstances/satProblems/flat30-60/flat30-46.yos
/home/jose/data/satInstances/satProblems/flat30-60/flat30-47.yos
/home/jose/data/satInstances/satProblems/flat30-60/flat30-48.yos
/home/jose/data/satInstances/satProblems/flat30-60/flat30-49.yos
/home/jose/data/satInstances/satProblems/flat30-60/flat30-5.yos
/home/jose/data/satInstances/satProblems/flat30-60/flat30-50.yos
/home/jose/data/satInstances/satProblems/flat30-60/flat30-51.yos
/home/jose/data/satInstances/satProblems/flat30-60/flat30-52.yos
/home/jose/data/satInstances/satProblems/flat30-60/flat30-53.yos
/home/jose/data/satInstances/satProblems/flat30-60/flat30-54.yos
/home/jose/data/satInstances/satProblems/flat30-60/flat30-55.yos
/home/jose/data/satInstances/satProblems/flat30-60/flat30-56.yos
/home/jose/data/satInstances/satProblems/flat30-60/flat30-57.yos
/home/jose/data/satInstances/satProblems/flat30-60/flat30-58.yos
/home/jose/data/satInstances/satProblems/flat30-60/flat30-59.yos
/home/jose/data/satInstances/satProblems/flat30-60/flat30-6.yos
/home/jose/data/satInstances/satProblems/flat30-60/flat30-60.yos
/home/jose/data/satInstances/satProblems/flat30-60/flat30-61.yos
/home/jose/data/satInstances/satProblems/flat30-60/flat30-62.yos
/home/jose/data/satInstances/satProblems/flat30-60/flat30-63.yos
/home/jose/data/satInstances/satProblems/flat30-60/flat30-64.yos
/home/jose/data/satInstances/satProblems/flat30-60/flat30-65.yos
/home/jose/data/satInstances/satProblems/flat30-60/flat30-66.yos
/home/jose/data/satInstances/satProblems/flat30-60/flat30-67.yos
/home/jose/data/satInstances/satProblems/flat30-60/flat30-68.yos
/home/jose/data/satInstances/satProblems/flat30-60/flat30-69.yos
/home/jose/data/satInstances/satProblems/flat30-60/flat30-7.yos
/home/jose/data/satInstances/satProblems/flat30-60/flat30-70.yos
/home/jose/data/satInstances/satProblems/flat30-60/flat30-71.yos
/home/jose/data/satInstances/satProblems/flat30-60/flat30-72.yos
/home/jose/data/satInstances/satProblems/flat30-60/flat30-73.yos
/home/jose/data/satInstances/satProblems/flat30-60/flat30-74.yos
/home/jose/data/satInstances/satProblems/flat30-60/flat30-75.yos
/home/jose/data/satInstances/satProblems/flat30-60/flat30-76.yos
/home/jose/data/satInstances/satProblems/flat30-60/flat30-77.yos
/home/jose/data/satInstances/satProblems/flat30-60/flat30-78.yos
/home/jose/data/satInstances/satProblems/flat30-60/flat30-79.yos
/home/jose/data/satInstances/satProblems/flat30-60/flat30-8.yos
/home/jose/data/satInstances/satProblems/flat30-60/flat30-80.yos
/home/jose/data/satInstances/satProblems/flat30-60/flat30-81.yos
/home/jose/data/satInstances/satProblems/flat30-60/flat30-82.yos
/home/jose/data/satInstances/satProblems/flat30-60/flat30-83.yos
/home/jose/data/satInstances/satProblems/flat30-60/flat30-84.yos
/home/jose/data/satInstances/satProblems/flat30-60/flat30-85.yos
/home/jose/data/satInstances/satProblems/flat30-60/flat30-86.yos
/home/jose/data/satInstances/satProblems/flat30-60/flat30-87.yos
/home/jose/data/satInstances/satProblems/flat30-60/flat30-88.yos
/home/jose/data/satInstances/satProblems/flat30-60/flat30-89.yos
/home/jose/data/satInstances/satProblems/flat30-60/flat30-9.yos
/home/jose/data/satInstances/satProblems/flat30-60/flat30-90.yos
/home/jose/data/satInstances/satProblems/flat30-60/flat30-91.yos
/home/jose/data/satInstances/satProblems/flat30-60/flat30-92.yos
/home/jose/data/satInstances/satProblems/flat30-60/flat30-93.yos
/home/jose/data/satInstances/satProblems/flat30-60/flat30-94.yos
/home/jose/data/satInstances/satProblems/flat30-60/flat30-95.yos
/home/jose/data/satInstances/satProblems/flat30-60/flat30-96.yos
/home/jose/data/satInstances/satProblems/flat30-60/flat30-97.yos
/home/jose/data/satInstances/satProblems/flat30-60/flat30-98.yos
/home/jose/data/satInstances/satProblems/flat30-60/flat30-99.yos
/home/jose/data/satInstances/satProblems/ostrowski/genurq3Sat.shuffled-as.sat03-1509.yos
/home/jose/data/satInstances/satProblems/uf50-218/uf50-01.yos
/home/jose/data/satInstances/satProblems/uf50-218/uf50-010.yos
/home/jose/data/satInstances/satProblems/uf50-218/uf50-0100.yos
/home/jose/data/satInstances/satProblems/uf50-218/uf50-01000.yos
/home/jose/data/satInstances/satProblems/uf50-218/uf50-0101.yos
/home/jose/data/satInstances/satProblems/uf50-218/uf50-0102.yos
/home/jose/data/satInstances/satProblems/uf50-218/uf50-0103.yos
/home/jose/data/satInstances/satProblems/uf50-218/uf50-0104.yos
/home/jose/data/satInstances/satProblems/uf50-218/uf50-0105.yos
/home/jose/data/satInstances/satProblems/uf50-218/uf50-0106.yos
/home/jose/data/satInstances/satProblems/uf50-218/uf50-0107.yos
/home/jose/data/satInstances/satProblems/uf50-218/uf50-0108.yos
/home/jose/data/satInstances/satProblems/uf50-218/uf50-0109.yos
/home/jose/data/satInstances/satProblems/uf50-218/uf50-011.yos
/home/jose/data/satInstances/satProblems/uf50-218/uf50-0110.yos
/home/jose/data/satInstances/satProblems/uf50-218/uf50-0111.yos
/home/jose/data/satInstances/satProblems/uf50-218/uf50-0112.yos
/home/jose/data/satInstances/satProblems/uf50-218/uf50-0113.yos
/home/jose/data/satInstances/satProblems/uf50-218/uf50-0114.yos
/home/jose/data/satInstances/satProblems/uf50-218/uf50-0115.yos
/home/jose/data/satInstances/satProblems/uf50-218/uf50-0116.yos
/home/jose/data/satInstances/satProblems/uf50-218/uf50-0117.yos
/home/jose/data/satInstances/satProblems/uf50-218/uf50-0118.yos
/home/jose/data/satInstances/satProblems/uf50-218/uf50-0119.yos
/home/jose/data/satInstances/satProblems/uf50-218/uf50-012.yos
/home/jose/data/satInstances/satProblems/uf50-218/uf50-0120.yos
/home/jose/data/satInstances/satProblems/uf50-218/uf50-0121.yos
/home/jose/data/satInstances/satProblems/uf50-218/uf50-0122.yos
/home/jose/data/satInstances/satProblems/uf50-218/uf50-0123.yos
/home/jose/data/satInstances/satProblems/uf50-218/uf50-0124.yos
/home/jose/data/satInstances/satProblems/uf50-218/uf50-0125.yos
/home/jose/data/satInstances/satProblems/uf50-218/uf50-0126.yos
/home/jose/data/satInstances/satProblems/uf50-218/uf50-0127.yos
/home/jose/data/satInstances/satProblems/uf50-218/uf50-0128.yos
/home/jose/data/satInstances/satProblems/uf50-218/uf50-0129.yos
/home/jose/data/satInstances/satProblems/uf50-218/uf50-013.yos
/home/jose/data/satInstances/satProblems/uf50-218/uf50-0130.yos
/home/jose/data/satInstances/satProblems/uf50-218/uf50-0131.yos
/home/jose/data/satInstances/satProblems/uf50-218/uf50-0132.yos
/home/jose/data/satInstances/satProblems/uf50-218/uf50-0133.yos
/home/jose/data/satInstances/satProblems/uf50-218/uf50-0134.yos
/home/jose/data/satInstances/satProblems/uf50-218/uf50-0135.yos
/home/jose/data/satInstances/satProblems/uf50-218/uf50-0136.yos
/home/jose/data/satInstances/satProblems/uf50-218/uf50-0137.yos
/home/jose/data/satInstances/satProblems/uf50-218/uf50-0138.yos
/home/jose/data/satInstances/satProblems/uf50-218/uf50-0139.yos
/home/jose/data/satInstances/satProblems/uf50-218/uf50-014.yos
/home/jose/data/satInstances/satProblems/uf50-218/uf50-0140.yos
/home/jose/data/satInstances/satProblems/uf50-218/uf50-0141.yos
/home/jose/data/satInstances/satProblems/uf50-218/uf50-0142.yos
/home/jose/data/satInstances/satProblems/uf50-218/uf50-0143.yos
/home/jose/data/satInstances/satProblems/uf50-218/uf50-0144.yos
/home/jose/data/satInstances/satProblems/uf50-218/uf50-0145.yos
/home/jose/data/satInstances/satProblems/uf50-218/uf50-0146.yos
/home/jose/data/satInstances/satProblems/uf50-218/uf50-0147.yos
/home/jose/data/satInstances/satProblems/uf50-218/uf50-0148.yos
/home/jose/data/satInstances/satProblems/uf50-218/uf50-0149.yos
/home/jose/data/satInstances/satProblems/uf50-218/uf50-015.yos
/home/jose/data/satInstances/satProblems/uf50-218/uf50-0150.yos
/home/jose/data/satInstances/satProblems/uf50-218/uf50-0151.yos
/home/jose/data/satInstances/satProblems/uf50-218/uf50-0152.yos
/home/jose/data/satInstances/satProblems/uf50-218/uf50-0153.yos
/home/jose/data/satInstances/satProblems/uf50-218/uf50-0154.yos
/home/jose/data/satInstances/satProblems/uf50-218/uf50-0155.yos
/home/jose/data/satInstances/satProblems/uf50-218/uf50-0156.yos
/home/jose/data/satInstances/satProblems/uf50-218/uf50-0157.yos
/home/jose/data/satInstances/satProblems/uf50-218/uf50-0158.yos
/home/jose/data/satInstances/satProblems/uf50-218/uf50-0159.yos
/home/jose/data/satInstances/satProblems/uf50-218/uf50-016.yos
/home/jose/data/satInstances/satProblems/uf50-218/uf50-0160.yos
/home/jose/data/satInstances/satProblems/uf50-218/uf50-0161.yos
/home/jose/data/satInstances/satProblems/uf50-218/uf50-0162.yos
/home/jose/data/satInstances/satProblems/uf50-218/uf50-0163.yos
/home/jose/data/satInstances/satProblems/uf50-218/uf50-0164.yos
/home/jose/data/satInstances/satProblems/uf50-218/uf50-0165.yos
/home/jose/data/satInstances/satProblems/uf50-218/uf50-0166.yos
/home/jose/data/satInstances/satProblems/uf50-218/uf50-0167.yos
/home/jose/data/satInstances/satProblems/uf50-218/uf50-0168.yos
/home/jose/data/satInstances/satProblems/uf50-218/uf50-0169.yos
/home/jose/data/satInstances/satProblems/uf50-218/uf50-017.yos
/home/jose/data/satInstances/satProblems/uf50-218/uf50-0170.yos
/home/jose/data/satInstances/satProblems/uf50-218/uf50-0171.yos
/home/jose/data/satInstances/satProblems/uf50-218/uf50-0172.yos
/home/jose/data/satInstances/satProblems/uf50-218/uf50-0173.yos
/home/jose/data/satInstances/satProblems/uf50-218/uf50-0174.yos
/home/jose/data/satInstances/satProblems/uf50-218/uf50-0175.yos
/home/jose/data/satInstances/satProblems/uf50-218/uf50-0176.yos
/home/jose/data/satInstances/satProblems/uf50-218/uf50-0177.yos
/home/jose/data/satInstances/satProblems/uf50-218/uf50-0178.yos
/home/jose/data/satInstances/satProblems/uf50-218/uf50-0179.yos
/home/jose/data/satInstances/satProblems/uf50-218/uf50-018.yos
/home/jose/data/satInstances/satProblems/uf50-218/uf50-0180.yos
/home/jose/data/satInstances/satProblems/uf50-218/uf50-0181.yos
/home/jose/data/satInstances/satProblems/uf50-218/uf50-0182.yos
/home/jose/data/satInstances/satProblems/uf50-218/uf50-0183.yos
/home/jose/data/satInstances/satProblems/uf50-218/uf50-0184.yos
/home/jose/data/satInstances/satProblems/uf50-218/uf50-0185.yos
/home/jose/data/satInstances/satProblems/uf50-218/uf50-0186.yos
/home/jose/data/satInstances/satProblems/uf50-218/uf50-0187.yos
/home/jose/data/satInstances/satProblems/uf50-218/uf50-0188.yos
/home/jose/data/satInstances/satProblems/uf50-218/uf50-0189.yos
/home/jose/data/satInstances/satProblems/uf50-218/uf50-019.yos
/home/jose/data/satInstances/satProblems/uf50-218/uf50-0190.yos
/home/jose/data/satInstances/satProblems/uf50-218/uf50-0191.yos
/home/jose/data/satInstances/satProblems/uf50-218/uf50-0192.yos
/home/jose/data/satInstances/satProblems/uf50-218/uf50-0193.yos
/home/jose/data/satInstances/satProblems/uf50-218/uf50-0194.yos
/home/jose/data/satInstances/satProblems/uf50-218/uf50-0195.yos
/home/jose/data/satInstances/satProblems/uf50-218/uf50-0196.yos
/home/jose/data/satInstances/satProblems/uf50-218/uf50-0197.yos
/home/jose/data/satInstances/satProblems/uf50-218/uf50-0198.yos
/home/jose/data/satInstances/satProblems/uf50-218/uf50-0199.yos
/home/jose/data/satInstances/satProblems/uf50-218/uf50-02.yos
/home/jose/data/satInstances/satProblems/uf50-218/uf50-020.yos
/home/jose/data/satInstances/satProblems/uf50-218/uf50-0200.yos
/home/jose/data/satInstances/satProblems/uf50-218/uf50-0201.yos
/home/jose/data/satInstances/satProblems/uf50-218/uf50-0202.yos
/home/jose/data/satInstances/satProblems/uf50-218/uf50-0203.yos
/home/jose/data/satInstances/satProblems/uf50-218/uf50-0204.yos
/home/jose/data/satInstances/satProblems/uf50-218/uf50-0205.yos
/home/jose/data/satInstances/satProblems/uf50-218/uf50-0206.yos
/home/jose/data/satInstances/satProblems/uf50-218/uf50-0207.yos
/home/jose/data/satInstances/satProblems/uf50-218/uf50-0208.yos
/home/jose/data/satInstances/satProblems/uf50-218/uf50-0209.yos
/home/jose/data/satInstances/satProblems/uf50-218/uf50-021.yos
/home/jose/data/satInstances/satProblems/uf50-218/uf50-0210.yos
/home/jose/data/satInstances/satProblems/uf50-218/uf50-0211.yos
/home/jose/data/satInstances/satProblems/uf50-218/uf50-0212.yos
/home/jose/data/satInstances/satProblems/uf50-218/uf50-0213.yos
/home/jose/data/satInstances/satProblems/uf50-218/uf50-0214.yos
/home/jose/data/satInstances/satProblems/uf50-218/uf50-0215.yos
/home/jose/data/satInstances/satProblems/uf50-218/uf50-0216.yos
/home/jose/data/satInstances/satProblems/uf50-218/uf50-0217.yos
/home/jose/data/satInstances/satProblems/uf50-218/uf50-0218.yos
/home/jose/data/satInstances/satProblems/uf50-218/uf50-0219.yos
/home/jose/data/satInstances/satProblems/uf50-218/uf50-022.yos
/home/jose/data/satInstances/satProblems/uf50-218/uf50-0220.yos
/home/jose/data/satInstances/satProblems/uf50-218/uf50-0221.yos
/home/jose/data/satInstances/satProblems/uf50-218/uf50-0222.yos
/home/jose/data/satInstances/satProblems/uf50-218/uf50-0223.yos
/home/jose/data/satInstances/satProblems/uf50-218/uf50-0224.yos
/home/jose/data/satInstances/satProblems/uf50-218/uf50-0225.yos
/home/jose/data/satInstances/satProblems/uf50-218/uf50-0226.yos
/home/jose/data/satInstances/satProblems/uf50-218/uf50-0227.yos
/home/jose/data/satInstances/satProblems/uf50-218/uf50-0228.yos
/home/jose/data/satInstances/satProblems/uf50-218/uf50-0229.yos
/home/jose/data/satInstances/satProblems/uf50-218/uf50-023.yos
/home/jose/data/satInstances/satProblems/uf50-218/uf50-0230.yos
/home/jose/data/satInstances/satProblems/uf50-218/uf50-0231.yos
/home/jose/data/satInstances/satProblems/uf50-218/uf50-0232.yos
/home/jose/data/satInstances/satProblems/uf50-218/uf50-0233.yos
/home/jose/data/satInstances/satProblems/uf50-218/uf50-0234.yos
/home/jose/data/satInstances/satProblems/uf50-218/uf50-0235.yos
/home/jose/data/satInstances/satProblems/uf50-218/uf50-0236.yos
/home/jose/data/satInstances/satProblems/uf50-218/uf50-0237.yos
/home/jose/data/satInstances/satProblems/uf50-218/uf50-0238.yos
/home/jose/data/satInstances/satProblems/uf50-218/uf50-0239.yos
/home/jose/data/satInstances/satProblems/uf50-218/uf50-024.yos
/home/jose/data/satInstances/satProblems/uf50-218/uf50-0240.yos
/home/jose/data/satInstances/satProblems/uf50-218/uf50-0241.yos
/home/jose/data/satInstances/satProblems/uf50-218/uf50-0242.yos
/home/jose/data/satInstances/satProblems/uf50-218/uf50-0243.yos
/home/jose/data/satInstances/satProblems/uf50-218/uf50-0244.yos
/home/jose/data/satInstances/satProblems/uf50-218/uf50-0245.yos
/home/jose/data/satInstances/satProblems/uf50-218/uf50-0246.yos
/home/jose/data/satInstances/satProblems/uf50-218/uf50-0247.yos
/home/jose/data/satInstances/satProblems/uf50-218/uf50-0248.yos
/home/jose/data/satInstances/satProblems/uf50-218/uf50-0249.yos
/home/jose/data/satInstances/satProblems/uf50-218/uf50-025.yos
/home/jose/data/satInstances/satProblems/uf50-218/uf50-0250.yos
/home/jose/data/satInstances/satProblems/uf50-218/uf50-0251.yos
/home/jose/data/satInstances/satProblems/uf50-218/uf50-0252.yos
/home/jose/data/satInstances/satProblems/uf50-218/uf50-0253.yos
/home/jose/data/satInstances/satProblems/uf50-218/uf50-0254.yos
/home/jose/data/satInstances/satProblems/uf50-218/uf50-0255.yos
/home/jose/data/satInstances/satProblems/uf50-218/uf50-0256.yos
/home/jose/data/satInstances/satProblems/uf50-218/uf50-0257.yos
/home/jose/data/satInstances/satProblems/uf50-218/uf50-0258.yos
/home/jose/data/satInstances/satProblems/uf50-218/uf50-0259.yos
/home/jose/data/satInstances/satProblems/uf50-218/uf50-026.yos
/home/jose/data/satInstances/satProblems/uf50-218/uf50-0260.yos
/home/jose/data/satInstances/satProblems/uf50-218/uf50-0261.yos
/home/jose/data/satInstances/satProblems/uf50-218/uf50-0262.yos
/home/jose/data/satInstances/satProblems/uf50-218/uf50-0263.yos
/home/jose/data/satInstances/satProblems/uf50-218/uf50-0264.yos
/home/jose/data/satInstances/satProblems/uf50-218/uf50-0265.yos
/home/jose/data/satInstances/satProblems/uf50-218/uf50-0266.yos
/home/jose/data/satInstances/satProblems/uf50-218/uf50-0267.yos
/home/jose/data/satInstances/satProblems/uf50-218/uf50-0268.yos
/home/jose/data/satInstances/satProblems/uf50-218/uf50-0269.yos
/home/jose/data/satInstances/satProblems/uf50-218/uf50-027.yos
/home/jose/data/satInstances/satProblems/uf50-218/uf50-0270.yos
/home/jose/data/satInstances/satProblems/uf50-218/uf50-0271.yos
/home/jose/data/satInstances/satProblems/uf50-218/uf50-0272.yos
/home/jose/data/satInstances/satProblems/uf50-218/uf50-0273.yos
/home/jose/data/satInstances/satProblems/uf50-218/uf50-0274.yos
/home/jose/data/satInstances/satProblems/uf50-218/uf50-0275.yos
/home/jose/data/satInstances/satProblems/uf50-218/uf50-0276.yos
/home/jose/data/satInstances/satProblems/uf50-218/uf50-0277.yos
/home/jose/data/satInstances/satProblems/uf50-218/uf50-0278.yos
/home/jose/data/satInstances/satProblems/uf50-218/uf50-0279.yos
/home/jose/data/satInstances/satProblems/uf50-218/uf50-028.yos
/home/jose/data/satInstances/satProblems/uf50-218/uf50-0280.yos
/home/jose/data/satInstances/satProblems/uf50-218/uf50-0281.yos
/home/jose/data/satInstances/satProblems/uf50-218/uf50-0282.yos
/home/jose/data/satInstances/satProblems/uf50-218/uf50-0283.yos
/home/jose/data/satInstances/satProblems/uf50-218/uf50-0284.yos
/home/jose/data/satInstances/satProblems/uf50-218/uf50-0285.yos
/home/jose/data/satInstances/satProblems/uf50-218/uf50-0286.yos
/home/jose/data/satInstances/satProblems/uf50-218/uf50-0287.yos
/home/jose/data/satInstances/satProblems/uf50-218/uf50-0288.yos
/home/jose/data/satInstances/satProblems/uf50-218/uf50-0289.yos
/home/jose/data/satInstances/satProblems/uf50-218/uf50-029.yos
/home/jose/data/satInstances/satProblems/uf50-218/uf50-0290.yos
/home/jose/data/satInstances/satProblems/uf50-218/uf50-0291.yos
/home/jose/data/satInstances/satProblems/uf50-218/uf50-0292.yos
/home/jose/data/satInstances/satProblems/uf50-218/uf50-0293.yos
/home/jose/data/satInstances/satProblems/uf50-218/uf50-0294.yos
/home/jose/data/satInstances/satProblems/uf50-218/uf50-0295.yos
/home/jose/data/satInstances/satProblems/uf50-218/uf50-0296.yos
/home/jose/data/satInstances/satProblems/uf50-218/uf50-0297.yos
/home/jose/data/satInstances/satProblems/uf50-218/uf50-0298.yos
/home/jose/data/satInstances/satProblems/uf50-218/uf50-0299.yos
/home/jose/data/satInstances/satProblems/uf50-218/uf50-03.yos
/home/jose/data/satInstances/satProblems/uf50-218/uf50-030.yos
/home/jose/data/satInstances/satProblems/uf50-218/uf50-0300.yos
/home/jose/data/satInstances/satProblems/uf50-218/uf50-0301.yos
/home/jose/data/satInstances/satProblems/uf50-218/uf50-0302.yos
/home/jose/data/satInstances/satProblems/uf50-218/uf50-0303.yos
/home/jose/data/satInstances/satProblems/uf50-218/uf50-0304.yos
/home/jose/data/satInstances/satProblems/uf50-218/uf50-0305.yos
/home/jose/data/satInstances/satProblems/uf50-218/uf50-0306.yos
/home/jose/data/satInstances/satProblems/uf50-218/uf50-0307.yos
/home/jose/data/satInstances/satProblems/uf50-218/uf50-0308.yos
/home/jose/data/satInstances/satProblems/uf50-218/uf50-0309.yos
/home/jose/data/satInstances/satProblems/uf50-218/uf50-031.yos
/home/jose/data/satInstances/satProblems/uf50-218/uf50-0310.yos
/home/jose/data/satInstances/satProblems/uf50-218/uf50-0311.yos
/home/jose/data/satInstances/satProblems/uf50-218/uf50-0312.yos
/home/jose/data/satInstances/satProblems/uf50-218/uf50-0313.yos
/home/jose/data/satInstances/satProblems/uf50-218/uf50-0314.yos
/home/jose/data/satInstances/satProblems/uf50-218/uf50-0315.yos
/home/jose/data/satInstances/satProblems/uf50-218/uf50-0316.yos
/home/jose/data/satInstances/satProblems/uf50-218/uf50-0317.yos
/home/jose/data/satInstances/satProblems/uf50-218/uf50-0318.yos
/home/jose/data/satInstances/satProblems/uf50-218/uf50-0319.yos
/home/jose/data/satInstances/satProblems/uf50-218/uf50-032.yos
/home/jose/data/satInstances/satProblems/uf50-218/uf50-0320.yos
/home/jose/data/satInstances/satProblems/uf50-218/uf50-0321.yos
/home/jose/data/satInstances/satProblems/uf50-218/uf50-0322.yos
/home/jose/data/satInstances/satProblems/uf50-218/uf50-0323.yos
/home/jose/data/satInstances/satProblems/uf50-218/uf50-0324.yos
/home/jose/data/satInstances/satProblems/uf50-218/uf50-0325.yos
/home/jose/data/satInstances/satProblems/uf50-218/uf50-0326.yos
/home/jose/data/satInstances/satProblems/uf50-218/uf50-0327.yos
/home/jose/data/satInstances/satProblems/uf50-218/uf50-0328.yos
/home/jose/data/satInstances/satProblems/uf50-218/uf50-0329.yos
/home/jose/data/satInstances/satProblems/uf50-218/uf50-033.yos
/home/jose/data/satInstances/satProblems/uf50-218/uf50-0330.yos
/home/jose/data/satInstances/satProblems/uf50-218/uf50-0331.yos
/home/jose/data/satInstances/satProblems/uf50-218/uf50-0332.yos
/home/jose/data/satInstances/satProblems/uf50-218/uf50-0333.yos
/home/jose/data/satInstances/satProblems/uf50-218/uf50-0334.yos
/home/jose/data/satInstances/satProblems/uf50-218/uf50-0335.yos
/home/jose/data/satInstances/satProblems/uf50-218/uf50-0336.yos
/home/jose/data/satInstances/satProblems/uf50-218/uf50-0337.yos
/home/jose/data/satInstances/satProblems/uf50-218/uf50-0338.yos
/home/jose/data/satInstances/satProblems/uf50-218/uf50-0339.yos
/home/jose/data/satInstances/satProblems/uf50-218/uf50-034.yos
/home/jose/data/satInstances/satProblems/uf50-218/uf50-0340.yos
/home/jose/data/satInstances/satProblems/uf50-218/uf50-0341.yos
/home/jose/data/satInstances/satProblems/uf50-218/uf50-0342.yos
/home/jose/data/satInstances/satProblems/uf50-218/uf50-0343.yos
/home/jose/data/satInstances/satProblems/uf50-218/uf50-0344.yos
/home/jose/data/satInstances/satProblems/uf50-218/uf50-0345.yos
/home/jose/data/satInstances/satProblems/uf50-218/uf50-0346.yos
/home/jose/data/satInstances/satProblems/uf50-218/uf50-0347.yos
/home/jose/data/satInstances/satProblems/uf50-218/uf50-0348.yos
/home/jose/data/satInstances/satProblems/uf50-218/uf50-0349.yos
/home/jose/data/satInstances/satProblems/uf50-218/uf50-035.yos
/home/jose/data/satInstances/satProblems/uf50-218/uf50-0350.yos
/home/jose/data/satInstances/satProblems/uf50-218/uf50-0351.yos
/home/jose/data/satInstances/satProblems/uf50-218/uf50-0352.yos
/home/jose/data/satInstances/satProblems/uf50-218/uf50-0353.yos
/home/jose/data/satInstances/satProblems/uf50-218/uf50-0354.yos
/home/jose/data/satInstances/satProblems/uf50-218/uf50-0355.yos
/home/jose/data/satInstances/satProblems/uf50-218/uf50-0356.yos
/home/jose/data/satInstances/satProblems/uf50-218/uf50-0357.yos
/home/jose/data/satInstances/satProblems/uf50-218/uf50-0358.yos
/home/jose/data/satInstances/satProblems/uf50-218/uf50-0359.yos
/home/jose/data/satInstances/satProblems/uf50-218/uf50-036.yos
/home/jose/data/satInstances/satProblems/uf50-218/uf50-0360.yos
/home/jose/data/satInstances/satProblems/uf50-218/uf50-0361.yos
/home/jose/data/satInstances/satProblems/uf50-218/uf50-0362.yos
/home/jose/data/satInstances/satProblems/uf50-218/uf50-0363.yos
/home/jose/data/satInstances/satProblems/uf50-218/uf50-0364.yos
/home/jose/data/satInstances/satProblems/uf50-218/uf50-0365.yos
/home/jose/data/satInstances/satProblems/uf50-218/uf50-0366.yos
/home/jose/data/satInstances/satProblems/uf50-218/uf50-0367.yos
/home/jose/data/satInstances/satProblems/uf50-218/uf50-0368.yos
/home/jose/data/satInstances/satProblems/uf50-218/uf50-0369.yos
/home/jose/data/satInstances/satProblems/uf50-218/uf50-037.yos
/home/jose/data/satInstances/satProblems/uf50-218/uf50-0370.yos
/home/jose/data/satInstances/satProblems/uf50-218/uf50-0371.yos
/home/jose/data/satInstances/satProblems/uf50-218/uf50-0372.yos
/home/jose/data/satInstances/satProblems/uf50-218/uf50-0373.yos
/home/jose/data/satInstances/satProblems/uf50-218/uf50-0374.yos
/home/jose/data/satInstances/satProblems/uf50-218/uf50-0375.yos
/home/jose/data/satInstances/satProblems/uf50-218/uf50-0376.yos
/home/jose/data/satInstances/satProblems/uf50-218/uf50-0377.yos
/home/jose/data/satInstances/satProblems/uf50-218/uf50-0378.yos
/home/jose/data/satInstances/satProblems/uf50-218/uf50-0379.yos
/home/jose/data/satInstances/satProblems/uf50-218/uf50-038.yos
/home/jose/data/satInstances/satProblems/uf50-218/uf50-0380.yos
/home/jose/data/satInstances/satProblems/uf50-218/uf50-0381.yos
/home/jose/data/satInstances/satProblems/uf50-218/uf50-0382.yos
/home/jose/data/satInstances/satProblems/uf50-218/uf50-0383.yos
/home/jose/data/satInstances/satProblems/uf50-218/uf50-0384.yos
/home/jose/data/satInstances/satProblems/uf50-218/uf50-0385.yos
/home/jose/data/satInstances/satProblems/uf50-218/uf50-0386.yos
/home/jose/data/satInstances/satProblems/uf50-218/uf50-0387.yos
/home/jose/data/satInstances/satProblems/uf50-218/uf50-0388.yos
/home/jose/data/satInstances/satProblems/uf50-218/uf50-0389.yos
/home/jose/data/satInstances/satProblems/uf50-218/uf50-039.yos
/home/jose/data/satInstances/satProblems/uf50-218/uf50-0390.yos
/home/jose/data/satInstances/satProblems/uf50-218/uf50-0391.yos
/home/jose/data/satInstances/satProblems/uf50-218/uf50-0392.yos
/home/jose/data/satInstances/satProblems/uf50-218/uf50-0393.yos
/home/jose/data/satInstances/satProblems/uf50-218/uf50-0394.yos
/home/jose/data/satInstances/satProblems/uf50-218/uf50-0395.yos
/home/jose/data/satInstances/satProblems/uf50-218/uf50-0396.yos
/home/jose/data/satInstances/satProblems/uf50-218/uf50-0397.yos
/home/jose/data/satInstances/satProblems/uf50-218/uf50-0398.yos
/home/jose/data/satInstances/satProblems/uf50-218/uf50-0399.yos
/home/jose/data/satInstances/satProblems/uf50-218/uf50-04.yos
/home/jose/data/satInstances/satProblems/uf50-218/uf50-040.yos
/home/jose/data/satInstances/satProblems/uf50-218/uf50-0400.yos
/home/jose/data/satInstances/satProblems/uf50-218/uf50-0401.yos
/home/jose/data/satInstances/satProblems/uf50-218/uf50-0402.yos
/home/jose/data/satInstances/satProblems/uf50-218/uf50-0403.yos
/home/jose/data/satInstances/satProblems/uf50-218/uf50-0404.yos
/home/jose/data/satInstances/satProblems/uf50-218/uf50-0405.yos
/home/jose/data/satInstances/satProblems/uf50-218/uf50-0406.yos
/home/jose/data/satInstances/satProblems/uf50-218/uf50-0407.yos
/home/jose/data/satInstances/satProblems/uf50-218/uf50-0408.yos
/home/jose/data/satInstances/satProblems/uf50-218/uf50-0409.yos
/home/jose/data/satInstances/satProblems/uf50-218/uf50-041.yos
/home/jose/data/satInstances/satProblems/uf50-218/uf50-0410.yos
/home/jose/data/satInstances/satProblems/uf50-218/uf50-0411.yos
/home/jose/data/satInstances/satProblems/uf50-218/uf50-0412.yos
/home/jose/data/satInstances/satProblems/uf50-218/uf50-0413.yos
/home/jose/data/satInstances/satProblems/uf50-218/uf50-0414.yos
/home/jose/data/satInstances/satProblems/uf50-218/uf50-0415.yos
/home/jose/data/satInstances/satProblems/uf50-218/uf50-0416.yos
/home/jose/data/satInstances/satProblems/uf50-218/uf50-0417.yos
/home/jose/data/satInstances/satProblems/uf50-218/uf50-0418.yos
/home/jose/data/satInstances/satProblems/uf50-218/uf50-0419.yos
/home/jose/data/satInstances/satProblems/uf50-218/uf50-042.yos
/home/jose/data/satInstances/satProblems/uf50-218/uf50-0420.yos
/home/jose/data/satInstances/satProblems/uf50-218/uf50-0421.yos
/home/jose/data/satInstances/satProblems/uf50-218/uf50-0422.yos
/home/jose/data/satInstances/satProblems/uf50-218/uf50-0423.yos
/home/jose/data/satInstances/satProblems/uf50-218/uf50-0424.yos
/home/jose/data/satInstances/satProblems/uf50-218/uf50-0425.yos
/home/jose/data/satInstances/satProblems/uf50-218/uf50-0426.yos
/home/jose/data/satInstances/satProblems/uf50-218/uf50-0427.yos
/home/jose/data/satInstances/satProblems/uf50-218/uf50-0428.yos
/home/jose/data/satInstances/satProblems/uf50-218/uf50-0429.yos
/home/jose/data/satInstances/satProblems/uf50-218/uf50-043.yos
/home/jose/data/satInstances/satProblems/uf50-218/uf50-0430.yos
/home/jose/data/satInstances/satProblems/uf50-218/uf50-0431.yos
/home/jose/data/satInstances/satProblems/uf50-218/uf50-0432.yos
/home/jose/data/satInstances/satProblems/uf50-218/uf50-0433.yos
/home/jose/data/satInstances/satProblems/uf50-218/uf50-0434.yos
/home/jose/data/satInstances/satProblems/uf50-218/uf50-0435.yos
/home/jose/data/satInstances/satProblems/uf50-218/uf50-0436.yos
/home/jose/data/satInstances/satProblems/uf50-218/uf50-0437.yos
/home/jose/data/satInstances/satProblems/uf50-218/uf50-0438.yos
/home/jose/data/satInstances/satProblems/uf50-218/uf50-0439.yos
/home/jose/data/satInstances/satProblems/uf50-218/uf50-044.yos
/home/jose/data/satInstances/satProblems/uf50-218/uf50-0440.yos
/home/jose/data/satInstances/satProblems/uf50-218/uf50-0441.yos
/home/jose/data/satInstances/satProblems/uf50-218/uf50-0442.yos
/home/jose/data/satInstances/satProblems/uf50-218/uf50-0443.yos
/home/jose/data/satInstances/satProblems/uf50-218/uf50-0444.yos
/home/jose/data/satInstances/satProblems/uf50-218/uf50-0445.yos
/home/jose/data/satInstances/satProblems/uf50-218/uf50-0446.yos
/home/jose/data/satInstances/satProblems/uf50-218/uf50-0447.yos
/home/jose/data/satInstances/satProblems/uf50-218/uf50-0448.yos
/home/jose/data/satInstances/satProblems/uf50-218/uf50-0449.yos
/home/jose/data/satInstances/satProblems/uf50-218/uf50-045.yos
/home/jose/data/satInstances/satProblems/uf50-218/uf50-0450.yos
/home/jose/data/satInstances/satProblems/uf50-218/uf50-0451.yos
/home/jose/data/satInstances/satProblems/uf50-218/uf50-0452.yos
/home/jose/data/satInstances/satProblems/uf50-218/uf50-0453.yos
/home/jose/data/satInstances/satProblems/uf50-218/uf50-0454.yos
/home/jose/data/satInstances/satProblems/uf50-218/uf50-0455.yos
/home/jose/data/satInstances/satProblems/uf50-218/uf50-0456.yos
/home/jose/data/satInstances/satProblems/uf50-218/uf50-0457.yos
/home/jose/data/satInstances/satProblems/uf50-218/uf50-0458.yos
/home/jose/data/satInstances/satProblems/uf50-218/uf50-0459.yos
/home/jose/data/satInstances/satProblems/uf50-218/uf50-046.yos
/home/jose/data/satInstances/satProblems/uf50-218/uf50-0460.yos
/home/jose/data/satInstances/satProblems/uf50-218/uf50-0461.yos
/home/jose/data/satInstances/satProblems/uf50-218/uf50-0462.yos
/home/jose/data/satInstances/satProblems/uf50-218/uf50-0463.yos
/home/jose/data/satInstances/satProblems/uf50-218/uf50-0464.yos
/home/jose/data/satInstances/satProblems/uf50-218/uf50-0465.yos
/home/jose/data/satInstances/satProblems/uf50-218/uf50-0466.yos
/home/jose/data/satInstances/satProblems/uf50-218/uf50-0467.yos
/home/jose/data/satInstances/satProblems/uf50-218/uf50-0468.yos
/home/jose/data/satInstances/satProblems/uf50-218/uf50-0469.yos
/home/jose/data/satInstances/satProblems/uf50-218/uf50-047.yos
/home/jose/data/satInstances/satProblems/uf50-218/uf50-0470.yos
/home/jose/data/satInstances/satProblems/uf50-218/uf50-0471.yos
/home/jose/data/satInstances/satProblems/uf50-218/uf50-0472.yos
/home/jose/data/satInstances/satProblems/uf50-218/uf50-0473.yos
/home/jose/data/satInstances/satProblems/uf50-218/uf50-0474.yos
/home/jose/data/satInstances/satProblems/uf50-218/uf50-0475.yos
/home/jose/data/satInstances/satProblems/uf50-218/uf50-0476.yos
/home/jose/data/satInstances/satProblems/uf50-218/uf50-0477.yos
/home/jose/data/satInstances/satProblems/uf50-218/uf50-0478.yos
/home/jose/data/satInstances/satProblems/uf50-218/uf50-0479.yos
/home/jose/data/satInstances/satProblems/uf50-218/uf50-048.yos
/home/jose/data/satInstances/satProblems/uf50-218/uf50-0480.yos
/home/jose/data/satInstances/satProblems/uf50-218/uf50-0481.yos
/home/jose/data/satInstances/satProblems/uf50-218/uf50-0482.yos
/home/jose/data/satInstances/satProblems/uf50-218/uf50-0483.yos
/home/jose/data/satInstances/satProblems/uf50-218/uf50-0484.yos
/home/jose/data/satInstances/satProblems/uf50-218/uf50-0485.yos
/home/jose/data/satInstances/satProblems/uf50-218/uf50-0486.yos
/home/jose/data/satInstances/satProblems/uf50-218/uf50-0487.yos
/home/jose/data/satInstances/satProblems/uf50-218/uf50-0488.yos
/home/jose/data/satInstances/satProblems/uf50-218/uf50-0489.yos
/home/jose/data/satInstances/satProblems/uf50-218/uf50-049.yos
/home/jose/data/satInstances/satProblems/uf50-218/uf50-0490.yos
/home/jose/data/satInstances/satProblems/uf50-218/uf50-0491.yos
/home/jose/data/satInstances/satProblems/uf50-218/uf50-0492.yos
/home/jose/data/satInstances/satProblems/uf50-218/uf50-0493.yos
/home/jose/data/satInstances/satProblems/uf50-218/uf50-0494.yos
/home/jose/data/satInstances/satProblems/uf50-218/uf50-0495.yos
/home/jose/data/satInstances/satProblems/uf50-218/uf50-0496.yos
/home/jose/data/satInstances/satProblems/uf50-218/uf50-0497.yos
/home/jose/data/satInstances/satProblems/uf50-218/uf50-0498.yos
/home/jose/data/satInstances/satProblems/uf50-218/uf50-0499.yos
/home/jose/data/satInstances/satProblems/uf50-218/uf50-05.yos
/home/jose/data/satInstances/satProblems/uf50-218/uf50-050.yos
/home/jose/data/satInstances/satProblems/uf50-218/uf50-0500.yos
/home/jose/data/satInstances/satProblems/uf50-218/uf50-0501.yos
/home/jose/data/satInstances/satProblems/uf50-218/uf50-0502.yos
/home/jose/data/satInstances/satProblems/uf50-218/uf50-0503.yos
/home/jose/data/satInstances/satProblems/uf50-218/uf50-0504.yos
/home/jose/data/satInstances/satProblems/uf50-218/uf50-0505.yos
/home/jose/data/satInstances/satProblems/uf50-218/uf50-0506.yos
/home/jose/data/satInstances/satProblems/uf50-218/uf50-0507.yos
/home/jose/data/satInstances/satProblems/uf50-218/uf50-0508.yos
/home/jose/data/satInstances/satProblems/uf50-218/uf50-0509.yos
/home/jose/data/satInstances/satProblems/uf50-218/uf50-051.yos
/home/jose/data/satInstances/satProblems/uf50-218/uf50-0510.yos
/home/jose/data/satInstances/satProblems/uf50-218/uf50-0511.yos
/home/jose/data/satInstances/satProblems/uf50-218/uf50-0512.yos
/home/jose/data/satInstances/satProblems/uf50-218/uf50-0513.yos
/home/jose/data/satInstances/satProblems/uf50-218/uf50-0514.yos
/home/jose/data/satInstances/satProblems/uf50-218/uf50-0515.yos
/home/jose/data/satInstances/satProblems/uf50-218/uf50-0516.yos
/home/jose/data/satInstances/satProblems/uf50-218/uf50-0517.yos
/home/jose/data/satInstances/satProblems/uf50-218/uf50-0518.yos
/home/jose/data/satInstances/satProblems/uf50-218/uf50-0519.yos
/home/jose/data/satInstances/satProblems/uf50-218/uf50-052.yos
/home/jose/data/satInstances/satProblems/uf50-218/uf50-0520.yos
/home/jose/data/satInstances/satProblems/uf50-218/uf50-0521.yos
/home/jose/data/satInstances/satProblems/uf50-218/uf50-0522.yos
/home/jose/data/satInstances/satProblems/uf50-218/uf50-0523.yos
/home/jose/data/satInstances/satProblems/uf50-218/uf50-0524.yos
/home/jose/data/satInstances/satProblems/uf50-218/uf50-0525.yos
/home/jose/data/satInstances/satProblems/uf50-218/uf50-0526.yos
/home/jose/data/satInstances/satProblems/uf50-218/uf50-0527.yos
/home/jose/data/satInstances/satProblems/uf50-218/uf50-0528.yos
/home/jose/data/satInstances/satProblems/uf50-218/uf50-0529.yos
/home/jose/data/satInstances/satProblems/uf50-218/uf50-053.yos
/home/jose/data/satInstances/satProblems/uf50-218/uf50-0530.yos
/home/jose/data/satInstances/satProblems/uf50-218/uf50-0531.yos
/home/jose/data/satInstances/satProblems/uf50-218/uf50-0532.yos
/home/jose/data/satInstances/satProblems/uf50-218/uf50-0533.yos
/home/jose/data/satInstances/satProblems/uf50-218/uf50-0534.yos
/home/jose/data/satInstances/satProblems/uf50-218/uf50-0535.yos
/home/jose/data/satInstances/satProblems/uf50-218/uf50-0536.yos
/home/jose/data/satInstances/satProblems/uf50-218/uf50-0537.yos
/home/jose/data/satInstances/satProblems/uf50-218/uf50-0538.yos
/home/jose/data/satInstances/satProblems/uf50-218/uf50-0539.yos
/home/jose/data/satInstances/satProblems/uf50-218/uf50-054.yos
/home/jose/data/satInstances/satProblems/uf50-218/uf50-0540.yos
/home/jose/data/satInstances/satProblems/uf50-218/uf50-0541.yos
/home/jose/data/satInstances/satProblems/uf50-218/uf50-0542.yos
/home/jose/data/satInstances/satProblems/uf50-218/uf50-0543.yos
/home/jose/data/satInstances/satProblems/uf50-218/uf50-0544.yos
/home/jose/data/satInstances/satProblems/uf50-218/uf50-0545.yos
/home/jose/data/satInstances/satProblems/uf50-218/uf50-0546.yos
/home/jose/data/satInstances/satProblems/uf50-218/uf50-0547.yos
/home/jose/data/satInstances/satProblems/uf50-218/uf50-0548.yos
/home/jose/data/satInstances/satProblems/uf50-218/uf50-0549.yos
/home/jose/data/satInstances/satProblems/uf50-218/uf50-055.yos
/home/jose/data/satInstances/satProblems/uf50-218/uf50-0550.yos
/home/jose/data/satInstances/satProblems/uf50-218/uf50-0551.yos
/home/jose/data/satInstances/satProblems/uf50-218/uf50-0552.yos
/home/jose/data/satInstances/satProblems/uf50-218/uf50-0553.yos
/home/jose/data/satInstances/satProblems/uf50-218/uf50-0554.yos
/home/jose/data/satInstances/satProblems/uf50-218/uf50-0555.yos
/home/jose/data/satInstances/satProblems/uf50-218/uf50-0556.yos
/home/jose/data/satInstances/satProblems/uf50-218/uf50-0557.yos
/home/jose/data/satInstances/satProblems/uf50-218/uf50-0558.yos
/home/jose/data/satInstances/satProblems/uf50-218/uf50-0559.yos
/home/jose/data/satInstances/satProblems/uf50-218/uf50-056.yos
/home/jose/data/satInstances/satProblems/uf50-218/uf50-0560.yos
/home/jose/data/satInstances/satProblems/uf50-218/uf50-0561.yos
/home/jose/data/satInstances/satProblems/uf50-218/uf50-0562.yos
/home/jose/data/satInstances/satProblems/uf50-218/uf50-0563.yos
/home/jose/data/satInstances/satProblems/uf50-218/uf50-0564.yos
/home/jose/data/satInstances/satProblems/uf50-218/uf50-0565.yos
/home/jose/data/satInstances/satProblems/uf50-218/uf50-0566.yos
/home/jose/data/satInstances/satProblems/uf50-218/uf50-0567.yos
/home/jose/data/satInstances/satProblems/uf50-218/uf50-0568.yos
/home/jose/data/satInstances/satProblems/uf50-218/uf50-0569.yos
/home/jose/data/satInstances/satProblems/uf50-218/uf50-057.yos
/home/jose/data/satInstances/satProblems/uf50-218/uf50-0570.yos
/home/jose/data/satInstances/satProblems/uf50-218/uf50-0571.yos
/home/jose/data/satInstances/satProblems/uf50-218/uf50-0572.yos
/home/jose/data/satInstances/satProblems/uf50-218/uf50-0573.yos
/home/jose/data/satInstances/satProblems/uf50-218/uf50-0574.yos
/home/jose/data/satInstances/satProblems/uf50-218/uf50-0575.yos
/home/jose/data/satInstances/satProblems/uf50-218/uf50-0576.yos
/home/jose/data/satInstances/satProblems/uf50-218/uf50-0577.yos
/home/jose/data/satInstances/satProblems/uf50-218/uf50-0578.yos
/home/jose/data/satInstances/satProblems/uf50-218/uf50-0579.yos
/home/jose/data/satInstances/satProblems/uf50-218/uf50-058.yos
/home/jose/data/satInstances/satProblems/uf50-218/uf50-0580.yos
/home/jose/data/satInstances/satProblems/uf50-218/uf50-0581.yos
/home/jose/data/satInstances/satProblems/uf50-218/uf50-0582.yos
/home/jose/data/satInstances/satProblems/uf50-218/uf50-0583.yos
/home/jose/data/satInstances/satProblems/uf50-218/uf50-0584.yos
/home/jose/data/satInstances/satProblems/uf50-218/uf50-0585.yos
/home/jose/data/satInstances/satProblems/uf50-218/uf50-0586.yos
/home/jose/data/satInstances/satProblems/uf50-218/uf50-0587.yos
/home/jose/data/satInstances/satProblems/uf50-218/uf50-0588.yos
/home/jose/data/satInstances/satProblems/uf50-218/uf50-0589.yos
/home/jose/data/satInstances/satProblems/uf50-218/uf50-059.yos
/home/jose/data/satInstances/satProblems/uf50-218/uf50-0590.yos
/home/jose/data/satInstances/satProblems/uf50-218/uf50-0591.yos
/home/jose/data/satInstances/satProblems/uf50-218/uf50-0592.yos
/home/jose/data/satInstances/satProblems/uf50-218/uf50-0593.yos
/home/jose/data/satInstances/satProblems/uf50-218/uf50-0594.yos
/home/jose/data/satInstances/satProblems/uf50-218/uf50-0595.yos
/home/jose/data/satInstances/satProblems/uf50-218/uf50-0596.yos
/home/jose/data/satInstances/satProblems/uf50-218/uf50-0597.yos
/home/jose/data/satInstances/satProblems/uf50-218/uf50-0598.yos
/home/jose/data/satInstances/satProblems/uf50-218/uf50-0599.yos
/home/jose/data/satInstances/satProblems/uf50-218/uf50-06.yos
/home/jose/data/satInstances/satProblems/uf50-218/uf50-060.yos
/home/jose/data/satInstances/satProblems/uf50-218/uf50-0600.yos
/home/jose/data/satInstances/satProblems/uf50-218/uf50-0601.yos
/home/jose/data/satInstances/satProblems/uf50-218/uf50-0602.yos
/home/jose/data/satInstances/satProblems/uf50-218/uf50-0603.yos
/home/jose/data/satInstances/satProblems/uf50-218/uf50-0604.yos
/home/jose/data/satInstances/satProblems/uf50-218/uf50-0605.yos
/home/jose/data/satInstances/satProblems/uf50-218/uf50-0606.yos
/home/jose/data/satInstances/satProblems/uf50-218/uf50-0607.yos
/home/jose/data/satInstances/satProblems/uf50-218/uf50-0608.yos
/home/jose/data/satInstances/satProblems/uf50-218/uf50-0609.yos
/home/jose/data/satInstances/satProblems/uf50-218/uf50-061.yos
/home/jose/data/satInstances/satProblems/uf50-218/uf50-0610.yos
/home/jose/data/satInstances/satProblems/uf50-218/uf50-0611.yos
/home/jose/data/satInstances/satProblems/uf50-218/uf50-0612.yos
/home/jose/data/satInstances/satProblems/uf50-218/uf50-0613.yos
/home/jose/data/satInstances/satProblems/uf50-218/uf50-0614.yos
/home/jose/data/satInstances/satProblems/uf50-218/uf50-0615.yos
/home/jose/data/satInstances/satProblems/uf50-218/uf50-0616.yos
/home/jose/data/satInstances/satProblems/uf50-218/uf50-0617.yos
/home/jose/data/satInstances/satProblems/uf50-218/uf50-0618.yos
/home/jose/data/satInstances/satProblems/uf50-218/uf50-0619.yos
/home/jose/data/satInstances/satProblems/uf50-218/uf50-062.yos
/home/jose/data/satInstances/satProblems/uf50-218/uf50-0620.yos
/home/jose/data/satInstances/satProblems/uf50-218/uf50-0621.yos
/home/jose/data/satInstances/satProblems/uf50-218/uf50-0622.yos
/home/jose/data/satInstances/satProblems/uf50-218/uf50-0623.yos
/home/jose/data/satInstances/satProblems/uf50-218/uf50-0624.yos
/home/jose/data/satInstances/satProblems/uf50-218/uf50-0625.yos
/home/jose/data/satInstances/satProblems/uf50-218/uf50-0626.yos
/home/jose/data/satInstances/satProblems/uf50-218/uf50-0627.yos
/home/jose/data/satInstances/satProblems/uf50-218/uf50-0628.yos
/home/jose/data/satInstances/satProblems/uf50-218/uf50-0629.yos
/home/jose/data/satInstances/satProblems/uf50-218/uf50-063.yos
/home/jose/data/satInstances/satProblems/uf50-218/uf50-0630.yos
/home/jose/data/satInstances/satProblems/uf50-218/uf50-0631.yos
/home/jose/data/satInstances/satProblems/uf50-218/uf50-0632.yos
/home/jose/data/satInstances/satProblems/uf50-218/uf50-0633.yos
/home/jose/data/satInstances/satProblems/uf50-218/uf50-0634.yos
/home/jose/data/satInstances/satProblems/uf50-218/uf50-0635.yos
/home/jose/data/satInstances/satProblems/uf50-218/uf50-0636.yos
/home/jose/data/satInstances/satProblems/uf50-218/uf50-0637.yos
/home/jose/data/satInstances/satProblems/uf50-218/uf50-0638.yos
/home/jose/data/satInstances/satProblems/uf50-218/uf50-0639.yos
/home/jose/data/satInstances/satProblems/uf50-218/uf50-064.yos
/home/jose/data/satInstances/satProblems/uf50-218/uf50-0640.yos
/home/jose/data/satInstances/satProblems/uf50-218/uf50-0641.yos
/home/jose/data/satInstances/satProblems/uf50-218/uf50-0642.yos
/home/jose/data/satInstances/satProblems/uf50-218/uf50-0643.yos
/home/jose/data/satInstances/satProblems/uf50-218/uf50-0644.yos
/home/jose/data/satInstances/satProblems/uf50-218/uf50-0645.yos
/home/jose/data/satInstances/satProblems/uf50-218/uf50-0646.yos
/home/jose/data/satInstances/satProblems/uf50-218/uf50-0647.yos
/home/jose/data/satInstances/satProblems/uf50-218/uf50-0648.yos
/home/jose/data/satInstances/satProblems/uf50-218/uf50-0649.yos
/home/jose/data/satInstances/satProblems/uf50-218/uf50-065.yos
/home/jose/data/satInstances/satProblems/uf50-218/uf50-0650.yos
/home/jose/data/satInstances/satProblems/uf50-218/uf50-0651.yos
/home/jose/data/satInstances/satProblems/uf50-218/uf50-0652.yos
/home/jose/data/satInstances/satProblems/uf50-218/uf50-0653.yos
/home/jose/data/satInstances/satProblems/uf50-218/uf50-0654.yos
/home/jose/data/satInstances/satProblems/uf50-218/uf50-0655.yos
/home/jose/data/satInstances/satProblems/uf50-218/uf50-0656.yos
/home/jose/data/satInstances/satProblems/uf50-218/uf50-0657.yos
/home/jose/data/satInstances/satProblems/uf50-218/uf50-0658.yos
/home/jose/data/satInstances/satProblems/uf50-218/uf50-0659.yos
/home/jose/data/satInstances/satProblems/uf50-218/uf50-066.yos
/home/jose/data/satInstances/satProblems/uf50-218/uf50-0660.yos
/home/jose/data/satInstances/satProblems/uf50-218/uf50-0661.yos
/home/jose/data/satInstances/satProblems/uf50-218/uf50-0662.yos
/home/jose/data/satInstances/satProblems/uf50-218/uf50-0663.yos
/home/jose/data/satInstances/satProblems/uf50-218/uf50-0664.yos
/home/jose/data/satInstances/satProblems/uf50-218/uf50-0665.yos
/home/jose/data/satInstances/satProblems/uf50-218/uf50-0666.yos
/home/jose/data/satInstances/satProblems/uf50-218/uf50-0667.yos
/home/jose/data/satInstances/satProblems/uf50-218/uf50-0668.yos
/home/jose/data/satInstances/satProblems/uf50-218/uf50-0669.yos
/home/jose/data/satInstances/satProblems/uf50-218/uf50-067.yos
/home/jose/data/satInstances/satProblems/uf50-218/uf50-0670.yos
/home/jose/data/satInstances/satProblems/uf50-218/uf50-0671.yos
/home/jose/data/satInstances/satProblems/uf50-218/uf50-0672.yos
/home/jose/data/satInstances/satProblems/uf50-218/uf50-0673.yos
/home/jose/data/satInstances/satProblems/uf50-218/uf50-0674.yos
/home/jose/data/satInstances/satProblems/uf50-218/uf50-0675.yos
/home/jose/data/satInstances/satProblems/uf50-218/uf50-0676.yos
/home/jose/data/satInstances/satProblems/uf50-218/uf50-0677.yos
/home/jose/data/satInstances/satProblems/uf50-218/uf50-0678.yos
/home/jose/data/satInstances/satProblems/uf50-218/uf50-0679.yos
/home/jose/data/satInstances/satProblems/uf50-218/uf50-068.yos
/home/jose/data/satInstances/satProblems/uf50-218/uf50-0680.yos
/home/jose/data/satInstances/satProblems/uf50-218/uf50-0681.yos
/home/jose/data/satInstances/satProblems/uf50-218/uf50-0682.yos
/home/jose/data/satInstances/satProblems/uf50-218/uf50-0683.yos
/home/jose/data/satInstances/satProblems/uf50-218/uf50-0684.yos
/home/jose/data/satInstances/satProblems/uf50-218/uf50-0685.yos
/home/jose/data/satInstances/satProblems/uf50-218/uf50-0686.yos
/home/jose/data/satInstances/satProblems/uf50-218/uf50-0687.yos
/home/jose/data/satInstances/satProblems/uf50-218/uf50-0688.yos
/home/jose/data/satInstances/satProblems/uf50-218/uf50-0689.yos
/home/jose/data/satInstances/satProblems/uf50-218/uf50-069.yos
/home/jose/data/satInstances/satProblems/uf50-218/uf50-0690.yos
/home/jose/data/satInstances/satProblems/uf50-218/uf50-0691.yos
/home/jose/data/satInstances/satProblems/uf50-218/uf50-0692.yos
/home/jose/data/satInstances/satProblems/uf50-218/uf50-0693.yos
/home/jose/data/satInstances/satProblems/uf50-218/uf50-0694.yos
/home/jose/data/satInstances/satProblems/uf50-218/uf50-0695.yos
/home/jose/data/satInstances/satProblems/uf50-218/uf50-0696.yos
/home/jose/data/satInstances/satProblems/uf50-218/uf50-0697.yos
/home/jose/data/satInstances/satProblems/uf50-218/uf50-0698.yos
/home/jose/data/satInstances/satProblems/uf50-218/uf50-0699.yos
/home/jose/data/satInstances/satProblems/uf50-218/uf50-07.yos
/home/jose/data/satInstances/satProblems/uf50-218/uf50-070.yos
/home/jose/data/satInstances/satProblems/uf50-218/uf50-0700.yos
/home/jose/data/satInstances/satProblems/uf50-218/uf50-0701.yos
/home/jose/data/satInstances/satProblems/uf50-218/uf50-0702.yos
/home/jose/data/satInstances/satProblems/uf50-218/uf50-0703.yos
/home/jose/data/satInstances/satProblems/uf50-218/uf50-0704.yos
/home/jose/data/satInstances/satProblems/uf50-218/uf50-0705.yos
/home/jose/data/satInstances/satProblems/uf50-218/uf50-0706.yos
/home/jose/data/satInstances/satProblems/uf50-218/uf50-0707.yos
/home/jose/data/satInstances/satProblems/uf50-218/uf50-0708.yos
/home/jose/data/satInstances/satProblems/uf50-218/uf50-0709.yos
/home/jose/data/satInstances/satProblems/uf50-218/uf50-071.yos
/home/jose/data/satInstances/satProblems/uf50-218/uf50-0710.yos
/home/jose/data/satInstances/satProblems/uf50-218/uf50-0711.yos
/home/jose/data/satInstances/satProblems/uf50-218/uf50-0712.yos
/home/jose/data/satInstances/satProblems/uf50-218/uf50-0713.yos
/home/jose/data/satInstances/satProblems/uf50-218/uf50-0714.yos
/home/jose/data/satInstances/satProblems/uf50-218/uf50-0715.yos
/home/jose/data/satInstances/satProblems/uf50-218/uf50-0716.yos
/home/jose/data/satInstances/satProblems/uf50-218/uf50-0717.yos
/home/jose/data/satInstances/satProblems/uf50-218/uf50-0718.yos
/home/jose/data/satInstances/satProblems/uf50-218/uf50-0719.yos
/home/jose/data/satInstances/satProblems/uf50-218/uf50-072.yos
/home/jose/data/satInstances/satProblems/uf50-218/uf50-0720.yos
/home/jose/data/satInstances/satProblems/uf50-218/uf50-0721.yos
/home/jose/data/satInstances/satProblems/uf50-218/uf50-0722.yos
/home/jose/data/satInstances/satProblems/uf50-218/uf50-0723.yos
/home/jose/data/satInstances/satProblems/uf50-218/uf50-0724.yos
/home/jose/data/satInstances/satProblems/uf50-218/uf50-0725.yos
/home/jose/data/satInstances/satProblems/uf50-218/uf50-0726.yos
/home/jose/data/satInstances/satProblems/uf50-218/uf50-0727.yos
/home/jose/data/satInstances/satProblems/uf50-218/uf50-0728.yos
/home/jose/data/satInstances/satProblems/uf50-218/uf50-0729.yos
/home/jose/data/satInstances/satProblems/uf50-218/uf50-073.yos
/home/jose/data/satInstances/satProblems/uf50-218/uf50-0730.yos
/home/jose/data/satInstances/satProblems/uf50-218/uf50-0731.yos
/home/jose/data/satInstances/satProblems/uf50-218/uf50-0732.yos
/home/jose/data/satInstances/satProblems/uf50-218/uf50-0733.yos
/home/jose/data/satInstances/satProblems/uf50-218/uf50-0734.yos
/home/jose/data/satInstances/satProblems/uf50-218/uf50-0735.yos
/home/jose/data/satInstances/satProblems/uf50-218/uf50-0736.yos
/home/jose/data/satInstances/satProblems/uf50-218/uf50-0737.yos
/home/jose/data/satInstances/satProblems/uf50-218/uf50-0738.yos
/home/jose/data/satInstances/satProblems/uf50-218/uf50-0739.yos
/home/jose/data/satInstances/satProblems/uf50-218/uf50-074.yos
/home/jose/data/satInstances/satProblems/uf50-218/uf50-0740.yos
/home/jose/data/satInstances/satProblems/uf50-218/uf50-0741.yos
/home/jose/data/satInstances/satProblems/uf50-218/uf50-0742.yos
/home/jose/data/satInstances/satProblems/uf50-218/uf50-0743.yos
/home/jose/data/satInstances/satProblems/uf50-218/uf50-0744.yos
/home/jose/data/satInstances/satProblems/uf50-218/uf50-0745.yos
/home/jose/data/satInstances/satProblems/uf50-218/uf50-0746.yos
/home/jose/data/satInstances/satProblems/uf50-218/uf50-0747.yos
/home/jose/data/satInstances/satProblems/uf50-218/uf50-0748.yos
/home/jose/data/satInstances/satProblems/uf50-218/uf50-0749.yos
/home/jose/data/satInstances/satProblems/uf50-218/uf50-075.yos
/home/jose/data/satInstances/satProblems/uf50-218/uf50-0750.yos
/home/jose/data/satInstances/satProblems/uf50-218/uf50-0751.yos
/home/jose/data/satInstances/satProblems/uf50-218/uf50-0752.yos
/home/jose/data/satInstances/satProblems/uf50-218/uf50-0753.yos
/home/jose/data/satInstances/satProblems/uf50-218/uf50-0754.yos
/home/jose/data/satInstances/satProblems/uf50-218/uf50-0755.yos
/home/jose/data/satInstances/satProblems/uf50-218/uf50-0756.yos
/home/jose/data/satInstances/satProblems/uf50-218/uf50-0757.yos
/home/jose/data/satInstances/satProblems/uf50-218/uf50-0758.yos
/home/jose/data/satInstances/satProblems/uf50-218/uf50-0759.yos
/home/jose/data/satInstances/satProblems/uf50-218/uf50-076.yos
/home/jose/data/satInstances/satProblems/uf50-218/uf50-0760.yos
/home/jose/data/satInstances/satProblems/uf50-218/uf50-0761.yos
/home/jose/data/satInstances/satProblems/uf50-218/uf50-0762.yos
/home/jose/data/satInstances/satProblems/uf50-218/uf50-0763.yos
/home/jose/data/satInstances/satProblems/uf50-218/uf50-0764.yos
/home/jose/data/satInstances/satProblems/uf50-218/uf50-0765.yos
/home/jose/data/satInstances/satProblems/uf50-218/uf50-0766.yos
/home/jose/data/satInstances/satProblems/uf50-218/uf50-0767.yos
/home/jose/data/satInstances/satProblems/uf50-218/uf50-0768.yos
/home/jose/data/satInstances/satProblems/uf50-218/uf50-0769.yos
/home/jose/data/satInstances/satProblems/uf50-218/uf50-077.yos
/home/jose/data/satInstances/satProblems/uf50-218/uf50-0770.yos
/home/jose/data/satInstances/satProblems/uf50-218/uf50-0771.yos
/home/jose/data/satInstances/satProblems/uf50-218/uf50-0772.yos
/home/jose/data/satInstances/satProblems/uf50-218/uf50-0773.yos
/home/jose/data/satInstances/satProblems/uf50-218/uf50-0774.yos
/home/jose/data/satInstances/satProblems/uf50-218/uf50-0775.yos
/home/jose/data/satInstances/satProblems/uf50-218/uf50-0776.yos
/home/jose/data/satInstances/satProblems/uf50-218/uf50-0777.yos
/home/jose/data/satInstances/satProblems/uf50-218/uf50-0778.yos
/home/jose/data/satInstances/satProblems/uf50-218/uf50-0779.yos
/home/jose/data/satInstances/satProblems/uf50-218/uf50-078.yos
/home/jose/data/satInstances/satProblems/uf50-218/uf50-0780.yos
/home/jose/data/satInstances/satProblems/uf50-218/uf50-0781.yos
/home/jose/data/satInstances/satProblems/uf50-218/uf50-0782.yos
/home/jose/data/satInstances/satProblems/uf50-218/uf50-0783.yos
/home/jose/data/satInstances/satProblems/uf50-218/uf50-0784.yos
/home/jose/data/satInstances/satProblems/uf50-218/uf50-0785.yos
/home/jose/data/satInstances/satProblems/uf50-218/uf50-0786.yos
/home/jose/data/satInstances/satProblems/uf50-218/uf50-0787.yos
/home/jose/data/satInstances/satProblems/uf50-218/uf50-0788.yos
/home/jose/data/satInstances/satProblems/uf50-218/uf50-0789.yos
/home/jose/data/satInstances/satProblems/uf50-218/uf50-079.yos
/home/jose/data/satInstances/satProblems/uf50-218/uf50-0790.yos
/home/jose/data/satInstances/satProblems/uf50-218/uf50-0791.yos
/home/jose/data/satInstances/satProblems/uf50-218/uf50-0792.yos
/home/jose/data/satInstances/satProblems/uf50-218/uf50-0793.yos
/home/jose/data/satInstances/satProblems/uf50-218/uf50-0794.yos
/home/jose/data/satInstances/satProblems/uf50-218/uf50-0795.yos
/home/jose/data/satInstances/satProblems/uf50-218/uf50-0796.yos
/home/jose/data/satInstances/satProblems/uf50-218/uf50-0797.yos
/home/jose/data/satInstances/satProblems/uf50-218/uf50-0798.yos
/home/jose/data/satInstances/satProblems/uf50-218/uf50-0799.yos
/home/jose/data/satInstances/satProblems/uf50-218/uf50-08.yos
/home/jose/data/satInstances/satProblems/uf50-218/uf50-080.yos
/home/jose/data/satInstances/satProblems/uf50-218/uf50-0800.yos
/home/jose/data/satInstances/satProblems/uf50-218/uf50-0801.yos
/home/jose/data/satInstances/satProblems/uf50-218/uf50-0802.yos
/home/jose/data/satInstances/satProblems/uf50-218/uf50-0803.yos
/home/jose/data/satInstances/satProblems/uf50-218/uf50-0804.yos
/home/jose/data/satInstances/satProblems/uf50-218/uf50-0805.yos
/home/jose/data/satInstances/satProblems/uf50-218/uf50-0806.yos
/home/jose/data/satInstances/satProblems/uf50-218/uf50-0807.yos
/home/jose/data/satInstances/satProblems/uf50-218/uf50-0808.yos
/home/jose/data/satInstances/satProblems/uf50-218/uf50-0809.yos
/home/jose/data/satInstances/satProblems/uf50-218/uf50-081.yos
/home/jose/data/satInstances/satProblems/uf50-218/uf50-0810.yos
/home/jose/data/satInstances/satProblems/uf50-218/uf50-0811.yos
/home/jose/data/satInstances/satProblems/uf50-218/uf50-0812.yos
/home/jose/data/satInstances/satProblems/uf50-218/uf50-0813.yos
/home/jose/data/satInstances/satProblems/uf50-218/uf50-0814.yos
/home/jose/data/satInstances/satProblems/uf50-218/uf50-0815.yos
/home/jose/data/satInstances/satProblems/uf50-218/uf50-0816.yos
/home/jose/data/satInstances/satProblems/uf50-218/uf50-0817.yos
/home/jose/data/satInstances/satProblems/uf50-218/uf50-0818.yos
/home/jose/data/satInstances/satProblems/uf50-218/uf50-0819.yos
/home/jose/data/satInstances/satProblems/uf50-218/uf50-082.yos
/home/jose/data/satInstances/satProblems/uf50-218/uf50-0820.yos
/home/jose/data/satInstances/satProblems/uf50-218/uf50-0821.yos
/home/jose/data/satInstances/satProblems/uf50-218/uf50-0822.yos
/home/jose/data/satInstances/satProblems/uf50-218/uf50-0823.yos
/home/jose/data/satInstances/satProblems/uf50-218/uf50-0824.yos
/home/jose/data/satInstances/satProblems/uf50-218/uf50-0825.yos
/home/jose/data/satInstances/satProblems/uf50-218/uf50-0826.yos
/home/jose/data/satInstances/satProblems/uf50-218/uf50-0827.yos
/home/jose/data/satInstances/satProblems/uf50-218/uf50-0828.yos
/home/jose/data/satInstances/satProblems/uf50-218/uf50-0829.yos
/home/jose/data/satInstances/satProblems/uf50-218/uf50-083.yos
/home/jose/data/satInstances/satProblems/uf50-218/uf50-0830.yos
/home/jose/data/satInstances/satProblems/uf50-218/uf50-0831.yos
/home/jose/data/satInstances/satProblems/uf50-218/uf50-0832.yos
/home/jose/data/satInstances/satProblems/uf50-218/uf50-0833.yos
/home/jose/data/satInstances/satProblems/uf50-218/uf50-0834.yos
/home/jose/data/satInstances/satProblems/uf50-218/uf50-0835.yos
/home/jose/data/satInstances/satProblems/uf50-218/uf50-0836.yos
/home/jose/data/satInstances/satProblems/uf50-218/uf50-0837.yos
/home/jose/data/satInstances/satProblems/uf50-218/uf50-0838.yos
/home/jose/data/satInstances/satProblems/uf50-218/uf50-0839.yos
/home/jose/data/satInstances/satProblems/uf50-218/uf50-084.yos
/home/jose/data/satInstances/satProblems/uf50-218/uf50-0840.yos
/home/jose/data/satInstances/satProblems/uf50-218/uf50-0841.yos
/home/jose/data/satInstances/satProblems/uf50-218/uf50-0842.yos
/home/jose/data/satInstances/satProblems/uf50-218/uf50-0843.yos
/home/jose/data/satInstances/satProblems/uf50-218/uf50-0844.yos
/home/jose/data/satInstances/satProblems/uf50-218/uf50-0845.yos
/home/jose/data/satInstances/satProblems/uf50-218/uf50-0846.yos
/home/jose/data/satInstances/satProblems/uf50-218/uf50-0847.yos
/home/jose/data/satInstances/satProblems/uf50-218/uf50-0848.yos
/home/jose/data/satInstances/satProblems/uf50-218/uf50-0849.yos
/home/jose/data/satInstances/satProblems/uf50-218/uf50-085.yos
/home/jose/data/satInstances/satProblems/uf50-218/uf50-0850.yos
/home/jose/data/satInstances/satProblems/uf50-218/uf50-0851.yos
/home/jose/data/satInstances/satProblems/uf50-218/uf50-0852.yos
/home/jose/data/satInstances/satProblems/uf50-218/uf50-0853.yos
/home/jose/data/satInstances/satProblems/uf50-218/uf50-0854.yos
/home/jose/data/satInstances/satProblems/uf50-218/uf50-0855.yos
/home/jose/data/satInstances/satProblems/uf50-218/uf50-0856.yos
/home/jose/data/satInstances/satProblems/uf50-218/uf50-0857.yos
/home/jose/data/satInstances/satProblems/uf50-218/uf50-0858.yos
/home/jose/data/satInstances/satProblems/uf50-218/uf50-0859.yos
/home/jose/data/satInstances/satProblems/uf50-218/uf50-086.yos
/home/jose/data/satInstances/satProblems/uf50-218/uf50-0860.yos
/home/jose/data/satInstances/satProblems/uf50-218/uf50-0861.yos
/home/jose/data/satInstances/satProblems/uf50-218/uf50-0862.yos
/home/jose/data/satInstances/satProblems/uf50-218/uf50-0863.yos
/home/jose/data/satInstances/satProblems/uf50-218/uf50-0864.yos
/home/jose/data/satInstances/satProblems/uf50-218/uf50-0865.yos
/home/jose/data/satInstances/satProblems/uf50-218/uf50-0866.yos
/home/jose/data/satInstances/satProblems/uf50-218/uf50-0867.yos
/home/jose/data/satInstances/satProblems/uf50-218/uf50-0868.yos
/home/jose/data/satInstances/satProblems/uf50-218/uf50-0869.yos
/home/jose/data/satInstances/satProblems/uf50-218/uf50-087.yos
/home/jose/data/satInstances/satProblems/uf50-218/uf50-0870.yos
/home/jose/data/satInstances/satProblems/uf50-218/uf50-0871.yos
/home/jose/data/satInstances/satProblems/uf50-218/uf50-0872.yos
/home/jose/data/satInstances/satProblems/uf50-218/uf50-0873.yos
/home/jose/data/satInstances/satProblems/uf50-218/uf50-0874.yos
/home/jose/data/satInstances/satProblems/uf50-218/uf50-0875.yos
/home/jose/data/satInstances/satProblems/uf50-218/uf50-0876.yos
/home/jose/data/satInstances/satProblems/uf50-218/uf50-0877.yos
/home/jose/data/satInstances/satProblems/uf50-218/uf50-0878.yos
/home/jose/data/satInstances/satProblems/uf50-218/uf50-0879.yos
/home/jose/data/satInstances/satProblems/uf50-218/uf50-088.yos
/home/jose/data/satInstances/satProblems/uf50-218/uf50-0880.yos
/home/jose/data/satInstances/satProblems/uf50-218/uf50-0881.yos
/home/jose/data/satInstances/satProblems/uf50-218/uf50-0882.yos
/home/jose/data/satInstances/satProblems/uf50-218/uf50-0883.yos
/home/jose/data/satInstances/satProblems/uf50-218/uf50-0884.yos
/home/jose/data/satInstances/satProblems/uf50-218/uf50-0885.yos
/home/jose/data/satInstances/satProblems/uf50-218/uf50-0886.yos
/home/jose/data/satInstances/satProblems/uf50-218/uf50-0887.yos
/home/jose/data/satInstances/satProblems/uf50-218/uf50-0888.yos
